$ bun run frontend:build
$ cd frontend && bun run build
$ vite build
vite v7.1.6 building SSR bundle for production...
transforming...
23:38:47 [vite-plugin-svelte] src/routes/(admin)/admin/api-keys/+page.svelte:467:1 Visible, non-interactive elements with a click event must be accompanied by a keyboard event handler. Consider whether an interactive element such as `<button type="button">` or `<a>` might be more appropriate
https://svelte.dev/e/a11y_click_events_have_key_events
465: <!-- Add API Key Modal -->
466: {#if showAddModal}
467:   <div class="modal-overlay" onclick={closeAddModal}>
             ^
468:     <div class="modal" onclick={(e) => e.stopPropagation()}>
469:       <div class="modal-header">
23:38:47 [vite-plugin-svelte] src/routes/(admin)/admin/api-keys/+page.svelte:467:1 `<div>` with a click handler must have an ARIA role
https://svelte.dev/e/a11y_no_static_element_interactions
465: <!-- Add API Key Modal -->
466: {#if showAddModal}
467:   <div class="modal-overlay" onclick={closeAddModal}>
             ^
468:     <div class="modal" onclick={(e) => e.stopPropagation()}>
469:       <div class="modal-header">
23:38:47 [vite-plugin-svelte] src/routes/(admin)/admin/api-keys/+page.svelte:468:2 Visible, non-interactive elements with a click event must be accompanied by a keyboard event handler. Consider whether an interactive element such as `<button type="button">` or `<a>` might be more appropriate
https://svelte.dev/e/a11y_click_events_have_key_events
466: {#if showAddModal}
467:   <div class="modal-overlay" onclick={closeAddModal}>
468:     <div class="modal" onclick={(e) => e.stopPropagation()}>
               ^
469:       <div class="modal-header">
470:         <h2>Create API Key</h2>
23:38:47 [vite-plugin-svelte] src/routes/(admin)/admin/api-keys/+page.svelte:468:2 `<div>` with a click handler must have an ARIA role
https://svelte.dev/e/a11y_no_static_element_interactions
466: {#if showAddModal}
467:   <div class="modal-overlay" onclick={closeAddModal}>
468:     <div class="modal" onclick={(e) => e.stopPropagation()}>
               ^
469:       <div class="modal-header">
470:         <h2>Create API Key</h2>
23:38:47 [vite-plugin-svelte] src/routes/(admin)/admin/api-keys/+page.svelte:542:2 Visible, non-interactive elements with a click event must be accompanied by a keyboard event handler. Consider whether an interactive element such as `<button type="button">` or `<a>` might be more appropriate
https://svelte.dev/e/a11y_click_events_have_key_events
540: {#if showNewKeyModal && newlyCreatedKey}
541:   <div class="modal-overlay">
542:     <div class="modal modal-key-display" onclick={(e) => e.stopPropagation()}>
               ^
543:       <div class="modal-header">
544:         <h2>API Key Created</h2>
23:38:47 [vite-plugin-svelte] src/routes/(admin)/admin/api-keys/+page.svelte:542:2 `<div>` with a click handler must have an ARIA role
https://svelte.dev/e/a11y_no_static_element_interactions
540: {#if showNewKeyModal && newlyCreatedKey}
541:   <div class="modal-overlay">
542:     <div class="modal modal-key-display" onclick={(e) => e.stopPropagation()}>
               ^
543:       <div class="modal-header">
544:         <h2>API Key Created</h2>
23:38:47 [vite-plugin-svelte] src/routes/(admin)/admin/api-keys/+page.svelte:933:1 Unused CSS selector ".modal-small"
https://svelte.dev/e/css_unused_selector
931:   }
932: 
933:   .modal-small {
                   ^
934:     max-width: 400px;
935:   }
23:38:47 [vite-plugin-svelte] src/routes/(admin)/admin/api-keys/+page.svelte:976:1 Unused CSS selector ".modal-content"
https://svelte.dev/e/css_unused_selector
974:   }
975: 
976:   .modal-content {
                     ^
977:     padding: 24px;
978:   }
23:38:47 [vite-plugin-svelte] src/routes/(admin)/admin/api-keys/+page.svelte:980:1 Unused CSS selector ".modal-content p"
https://svelte.dev/e/css_unused_selector
978:   }
979: 
980:   .modal-content p {
                       ^
981:     margin: 0 0 12px 0;
982:     color: var(--text-primary, #ffffff);
23:38:47 [vite-plugin-svelte] src/routes/(admin)/admin/api-keys/+page.svelte:987:1 Unused CSS selector ".warning-text"
https://svelte.dev/e/css_unused_selector
985:   }
986: 
987:   .warning-text {
                    ^
988:     color: #ef4444 !important;
989:     font-size: 13px !important;
23:38:47 [vite-plugin-svelte] src/routes/(admin)/admin/api-keys/+page.svelte:1046:1 Unused CSS selector ".delete-button"
https://svelte.dev/e/css_unused_selector
1044:   .cancel-button,
1045:   .save-button,
1046:   .delete-button {
                      ^
1047:     padding: 10px 20px;
1048:     border: none;
23:38:47 [vite-plugin-svelte] src/routes/(admin)/admin/api-keys/+page.svelte:1082:1 Unused CSS selector ".delete-button"
https://svelte.dev/e/css_unused_selector
1080:   }
1081: 
1082:   .delete-button {
                      ^
1083:     background: #ef4444;
1084:     color: #ffffff;
23:38:47 [vite-plugin-svelte] src/routes/(admin)/admin/api-keys/+page.svelte:1087:1 Unused CSS selector ".delete-button:hover:not(:disabled)"
https://svelte.dev/e/css_unused_selector
1085:   }
1086: 
1087:   .delete-button:hover:not(:disabled) {
                                           ^
1088:     background: #dc2626;
1089:   }
23:38:47 [vite-plugin-svelte] src/routes/(admin)/admin/account/+page.svelte:954:1 Unused CSS selector ":global(html:not(.dark)) .totp-manager-container .status-card"
https://svelte.dev/e/css_unused_selector
952:   }
953: 
954:   :global(html:not(.dark)) .totp-manager-container .status-card {
                                                                    ^
955:     background: rgba(0, 0, 0, 0.02);
956:     border-color: rgba(0, 0, 0, 0.1);
23:38:47 [vite-plugin-svelte] src/routes/(admin)/admin/account/+page.svelte:964:1 Unused CSS selector ":global(html:not(.dark)) .totp-manager-container .status-card:hover"
https://svelte.dev/e/css_unused_selector
962:   }
963: 
964:   :global(html:not(.dark)) .totp-manager-container .status-card:hover {
                                                                          ^
965:     background: rgba(0, 0, 0, 0.04);
966:     border-color: rgba(0, 0, 0, 0.15);
23:38:47 [vite-plugin-svelte] src/routes/(admin)/admin/account/+page.svelte:989:1 Unused CSS selector ":global(html:not(.dark)) .totp-manager-container .status-info h3"
https://svelte.dev/e/css_unused_selector
987:   }
988: 
989:   :global(html:not(.dark)) .totp-manager-container .status-info h3 {
                                                                       ^
990:     color: #1f2937;
991:   }
23:38:47 [vite-plugin-svelte] src/routes/(admin)/admin/account/+page.svelte:1000:1 Unused CSS selector ":global(html:not(.dark)) .totp-manager-container .status-info p"
https://svelte.dev/e/css_unused_selector
 998:   }
 999: 
1000:   :global(html:not(.dark)) .totp-manager-container .status-info p {
                                                                       ^
1001:     color: rgba(0, 0, 0, 0.6);
1002:   }
23:38:47 [vite-plugin-svelte] src/routes/(admin)/admin/account/+page.svelte:1045:1 Unused CSS selector ":global(html:not(.dark)) .totp-manager-container .loading-state"
https://svelte.dev/e/css_unused_selector
1043:   }
1044: 
1045:   :global(html:not(.dark)) .totp-manager-container .loading-state {
                                                                       ^
1046:     color: rgba(0, 0, 0, 0.6);
1047:   }
23:38:47 [vite-plugin-svelte] src/routes/(admin)/admin/account/+page.svelte:1206:1 Unused CSS selector ".availability-indicator .success"
https://svelte.dev/e/css_unused_selector
1204:   }
1205: 
1206:   .availability-indicator .success {
                                        ^
1207:     color: #22c55e;
1208:   }
23:38:47 [vite-plugin-svelte] src/routes/(admin)/admin/account/+page.svelte:1210:1 Unused CSS selector ".availability-indicator .error"
https://svelte.dev/e/css_unused_selector
1208:   }
1209: 
1210:   .availability-indicator .error {
                                      ^
1211:     color: #ef4444;
1212:   }
23:38:47 [vite-plugin-svelte] src/routes/(admin)/admin/account/+page.svelte:1214:1 Unused CSS selector ".availability-indicator .spin"
https://svelte.dev/e/css_unused_selector
1212:   }
1213: 
1214:   .availability-indicator .spin {
                                     ^
1215:     animation: spin 1s linear infinite;
1216:   }
23:38:47 [vite-plugin-svelte] src/routes/(admin)/admin/configuration/certifications/+page.svelte:525:4 `<div>` with a dragstart, dragover, dragleave, drop or dragend handler must have an ARIA role
https://svelte.dev/e/a11y_no_static_element_interactions
523:     <div class="certifications-list">
524:       {#each certifications as cert, index (cert.id)}
525:         <div 
                  ^
526:           class="certification-card"
527:           class:dragging={draggedIndex === index}
23:38:47 [vite-plugin-svelte] src/routes/(admin)/admin/configuration/certifications/+page.svelte:540:8 A form label must be associated with a control
https://svelte.dev/e/a11y_label_has_associated_control
538:             <div class="editing-certification">
539:               <div class="form-group">
540:                 <label>Title *</label>
                                           ^
541:                 <input
542:                   type="text"
23:38:47 [vite-plugin-svelte] src/routes/(admin)/admin/configuration/certifications/+page.svelte:551:9 A form label must be associated with a control
https://svelte.dev/e/a11y_label_has_associated_control
549:               <div class="form-row">
550:                 <div class="form-group">
551:                   <label>Start Date (Year) *</label>
                                                         ^
552:                   <input
553:                     type="text"
23:38:47 [vite-plugin-svelte] src/routes/(admin)/admin/configuration/certifications/+page.svelte:561:9 A form label must be associated with a control
https://svelte.dev/e/a11y_label_has_associated_control
559:                 </div>
560:                 <div class="form-group">
561:                   <label>End Date (Year)</label>
                                                     ^
562:                   <input
563:                     type="text"
23:38:47 [vite-plugin-svelte] src/routes/(admin)/admin/configuration/certifications/+page.svelte:583:8 A form label must be associated with a control
https://svelte.dev/e/a11y_label_has_associated_control
581:               </div>
582:               <div class="form-group">
583:                 <label>
                            ^
584:                   Status
585:                   {#if !editingCertStatusManual}
23:38:47 [vite-plugin-svelte] src/routes/(admin)/admin/configuration/certifications/+page.svelte:600:8 A form label must be associated with a control
https://svelte.dev/e/a11y_label_has_associated_control
598:               </div>
599:               <div class="form-group">
600:                 <label>Image *</label>
                                           ^
601:                 {#if editingCertImageUrl}
602:                   <div class="image-preview">
23:38:47 [vite-plugin-svelte] src/routes/(admin)/admin/configuration/certifications/+page.svelte:677:6 A form label must be associated with a control
https://svelte.dev/e/a11y_label_has_associated_control
675:           <h3>New Certification</h3>
676:           <div class="form-group">
677:             <label>Title *</label>
                                       ^
678:             <input
679:               type="text"
23:38:47 [vite-plugin-svelte] src/routes/(admin)/admin/configuration/certifications/+page.svelte:687:7 A form label must be associated with a control
https://svelte.dev/e/a11y_label_has_associated_control
685:           <div class="form-row">
686:             <div class="form-group">
687:               <label>Start Date (Year) *</label>
                                                     ^
688:               <input
689:                 type="text"
23:38:47 [vite-plugin-svelte] src/routes/(admin)/admin/configuration/certifications/+page.svelte:697:7 A form label must be associated with a control
https://svelte.dev/e/a11y_label_has_associated_control
695:             </div>
696:             <div class="form-group">
697:               <label>End Date (Year)</label>
                                                 ^
698:               <input
699:                 type="text"
23:38:47 [vite-plugin-svelte] src/routes/(admin)/admin/configuration/certifications/+page.svelte:719:6 A form label must be associated with a control
https://svelte.dev/e/a11y_label_has_associated_control
717:           </div>
718:           <div class="form-group">
719:             <label>
                        ^
720:               Status
721:               {#if !newCertStatusManual}
23:38:47 [vite-plugin-svelte] src/routes/(admin)/admin/configuration/certifications/+page.svelte:736:6 A form label must be associated with a control
https://svelte.dev/e/a11y_label_has_associated_control
734:           </div>
735:           <div class="form-group">
736:             <label>Image *</label>
                                       ^
737:             {#if newCertImageUrl}
738:               <div class="image-preview">
23:38:47 [vite-plugin-svelte] src/routes/(admin)/admin/configuration/contact-emails/+page.svelte:355:2 A form label must be associated with a control
https://svelte.dev/e/a11y_label_has_associated_control
353: 
354:   <div class="form-group header-form-group">
355:     <label>Header</label>
                              ^
356:     {#if isEditingHeader}
357:       <div class="header-edit-container">
23:38:47 [vite-plugin-svelte] src/routes/(admin)/admin/configuration/contact-emails/+page.svelte:415:4 `<div>` with a dragstart, dragover, dragleave, drop or dragend handler must have an ARIA role
https://svelte.dev/e/a11y_no_static_element_interactions
413:       {#if contactEmails.length > 0}
414:       {#each contactEmails as email, index (email.id)}
415:         <div 
                  ^
416:           class="email-item"
417:           class:dragging={draggedIndex === index}
23:38:47 [vite-plugin-svelte] src/routes/(admin)/admin/configuration/social-links/+page.svelte:399:5 `<div>` with a dragstart, dragover, dragleave, drop or dragend handler must have an ARIA role
https://svelte.dev/e/a11y_no_static_element_interactions
397:       {#if socialLinks.length > 0}
398:         {#each socialLinks as link, index (link.id)}
399:           <div 
                    ^
400:             class="link-item"
401:             class:inactive={!link.isActive}
23:38:47 [vite-plugin-svelte] src/routes/(admin)/admin/configuration/social-links/+page.svelte:446:10 A form label must be associated with a control
https://svelte.dev/e/a11y_label_has_associated_control
444: 
445:                   <div class="form-group">
446:                     <label>Icon</label>
                                            ^
447:                     <div class="icon-selection-section">
448:       <button 
23:38:47 [vite-plugin-svelte] src/routes/(admin)/admin/configuration/social-links/+page.svelte:602:6 A form label must be associated with a control
https://svelte.dev/e/a11y_label_has_associated_control
600: 
601:           <div class="form-group">
602:             <label>Icon</label>
                                    ^
603:             <div class="icon-selection-section">
604:               <button
23:38:47 [vite-plugin-svelte] src/routes/(admin)/admin/configuration/social-links/+page.svelte:822:1 Unused CSS selector ".default-icon"
https://svelte.dev/e/css_unused_selector
820:   }
821:   
822:   .default-icon {
                    ^
823:     opacity: 0.7;
824:   }
23:38:47 [vite-plugin-svelte] src/routes/(admin)/admin/configuration/social-links/+page.svelte:1114:2 Unused CSS selector ".header-content"
https://svelte.dev/e/css_unused_selector
1112:     }
1113: 
1114:     .header-content {
                         ^
1115:       flex-direction: column;
1116:       align-items: flex-start;
23:38:47 [vite-plugin-svelte] src/routes/(admin)/admin/configuration/social-links/+page.svelte:1120:2 Unused CSS selector ".modal"
https://svelte.dev/e/css_unused_selector
1118:     }
1119: 
1120:     .modal {
                ^
1121:       width: 95%;
1122:       max-width: none;
23:38:47 [vite-plugin-svelte] src/routes/(admin)/admin/configuration/social-links/+page.svelte:1127:2 Unused CSS selector ".modal-overlay"
https://svelte.dev/e/css_unused_selector
1125:     }
1126: 
1127:     .modal-overlay {
                        ^
1128:       padding: 16px;
1129:       align-items: flex-start;
23:38:47 [vite-plugin-svelte] src/routes/(admin)/admin/configuration/social-links/+page.svelte:1133:2 Unused CSS selector ".modal-header"
https://svelte.dev/e/css_unused_selector
1131:     }
1132: 
1133:     .modal-header {
                       ^
1134:       padding: 16px 20px;
1135:     }
23:38:47 [vite-plugin-svelte] src/routes/(admin)/admin/configuration/social-links/+page.svelte:1137:2 Unused CSS selector ".modal-form"
https://svelte.dev/e/css_unused_selector
1135:     }
1136: 
1137:     .modal-form {
                     ^
1138:       padding: 20px;
1139:     }
23:38:47 [vite-plugin-svelte] src/routes/(admin)/admin/configuration/social-links/+page.svelte:1184:2 Unused CSS selector ".page-header"
https://svelte.dev/e/css_unused_selector
1182: 
1183:   @media (max-width: 480px) {
1184:     .page-header {
                      ^
1185:       margin-bottom: 24px;
1186:     }
23:38:47 [vite-plugin-svelte] src/routes/(admin)/admin/configuration/social-links/+page.svelte:1188:2 Unused CSS selector ".header-text h1"
https://svelte.dev/e/css_unused_selector
1186:     }
1187: 
1188:     .header-text h1 {
                         ^
1189:       font-size: 24px;
1190:     }
23:38:47 [vite-plugin-svelte] src/routes/(admin)/admin/configuration/social-links/+page.svelte:1192:2 Unused CSS selector ".header-text p"
https://svelte.dev/e/css_unused_selector
1190:     }
1191: 
1192:     .header-text p {
                        ^
1193:       font-size: 14px;
1194:     }
23:38:47 [vite-plugin-svelte] src/routes/(admin)/admin/configuration/social-links/+page.svelte:1196:2 Unused CSS selector ".add-button"
https://svelte.dev/e/css_unused_selector
1194:     }
1195: 
1196:     .add-button {
                     ^
1197:       padding: 10px 16px;
1198:       font-size: 14px;
23:38:47 [vite-plugin-svelte] src/routes/(admin)/admin/configuration/social-links/+page.svelte:1201:2 Unused CSS selector ".modal"
https://svelte.dev/e/css_unused_selector
1199:     }
1200: 
1201:     .modal {
                ^
1202:       width: 100%;
1203:       margin: 8px;
23:38:47 [vite-plugin-svelte] src/routes/(admin)/admin/configuration/social-links/+page.svelte:1207:2 Unused CSS selector ".modal-overlay"
https://svelte.dev/e/css_unused_selector
1205:     }
1206: 
1207:     .modal-overlay {
                        ^
1208:       padding: 8px;
1209:     }
23:38:47 [vite-plugin-svelte] src/routes/(admin)/admin/configuration/social-links/+page.svelte:1211:2 Unused CSS selector ".modal-header"
https://svelte.dev/e/css_unused_selector
1209:     }
1210: 
1211:     .modal-header {
                       ^
1212:       padding: 16px;
1213:     }
23:38:47 [vite-plugin-svelte] src/routes/(admin)/admin/configuration/social-links/+page.svelte:1215:2 Unused CSS selector ".modal-form"
https://svelte.dev/e/css_unused_selector
1213:     }
1214: 
1215:     .modal-form {
                     ^
1216:       padding: 16px;
1217:     }
23:38:47 [vite-plugin-svelte] src/routes/(admin)/admin/configuration/twitter/+page.svelte:733:1 Unused CSS selector ".spinning"
https://svelte.dev/e/css_unused_selector
731:   }
732: 
733:   .spinning {
                ^
734:     animation: spin 1s linear infinite;
735:   }
23:38:47 [vite-plugin-svelte] src/routes/(admin)/admin/configuration/contact-social-links/+page.svelte:257:4 A form label must be associated with a control
https://svelte.dev/e/a11y_label_has_associated_control
255:     <div class="form-section">
256:       <div class="form-group">
257:         <label>Header</label>
                                  ^
258:         {#if isEditingHeader}
259:           <div class="header-edit-container">
23:38:47 [vite-plugin-svelte] src/routes/(admin)/admin/configuration/contact-social-links/+page.svelte:312:4 A form label must be associated with a control
https://svelte.dev/e/a11y_label_has_associated_control
310:     <div class="form-section">
311:       <div class="form-group">
312:         <label>Selected Social Links</label>
                                                 ^
313:         <p class="field-hint">These links will be displayed on the contact page. Uncheck to remove them from the selection.</p>
314:         
23:38:47 [vite-plugin-svelte] src/routes/(admin)/admin/configuration/contact-social-links/+page.svelte:385:4 A form label must be associated with a control
https://svelte.dev/e/a11y_label_has_associated_control
383:     <div class="form-section">
384:       <div class="form-group">
385:         <label>Available Social Links</label>
                                                  ^
386:         <p class="field-hint">Check the social links you want to add to the contact page. Links are displayed in their configured display order.</p>
387:         
23:38:47 [vite-plugin-svelte] src/routes/(admin)/admin/configuration/contact-social-links/+page.svelte:631:1 Unused CSS selector ".empty-icon"
https://svelte.dev/e/css_unused_selector
629:   }
630: 
631:   .empty-icon {
                  ^
632:     color: var(--text-secondary, #a1a1aa);
633:     margin-bottom: 16px;
23:38:47 [vite-plugin-svelte] src/routes/(admin)/admin/configuration/themes/+page.svelte:843:7 A form label must be associated with a control
https://svelte.dev/e/a11y_label_has_associated_control
841:             <div class="editor-section-static-body">
842:             <div class="form-group">
843:               <label>Theme Name *</label>
                                              ^
844:               <input
845:                 type="text"
23:38:47 [vite-plugin-svelte] src/routes/(admin)/admin/configuration/themes/+page.svelte:852:6 A form label must be associated with a control
https://svelte.dev/e/a11y_label_has_associated_control
850:             </div>
851:           <div class="form-group">
852:             <label>Description</label>
                                           ^
853:             <textarea
854:               class="form-input"
23:38:47 [vite-plugin-svelte] src/routes/(admin)/admin/configuration/themes/+page.svelte:890:8 A form label must be associated with a control
https://svelte.dev/e/a11y_label_has_associated_control
888:             <div class="color-grid">
889:               <div class="color-input">
890:                 <label>Primary</label>
                                           ^
891:                 <div class="color-picker-wrapper">
892:                   <input type="color" bind:value={formData.primaryColor} />
23:38:47 [vite-plugin-svelte] src/routes/(admin)/admin/configuration/themes/+page.svelte:897:8 A form label must be associated with a control
https://svelte.dev/e/a11y_label_has_associated_control
895:               </div>
896:               <div class="color-input">
897:                 <label>Secondary</label>
                                             ^
898:                 <div class="color-picker-wrapper">
899:                   <input type="color" bind:value={formData.secondaryColor} />
23:38:47 [vite-plugin-svelte] src/routes/(admin)/admin/configuration/themes/+page.svelte:904:8 A form label must be associated with a control
https://svelte.dev/e/a11y_label_has_associated_control
902:               </div>
903:               <div class="color-input">
904:                 <label>Accent</label>
                                          ^
905:                 <div class="color-picker-wrapper">
906:                   <input type="color" bind:value={formData.accentColor} />
23:38:47 [vite-plugin-svelte] src/routes/(admin)/admin/configuration/themes/+page.svelte:911:8 A form label must be associated with a control
https://svelte.dev/e/a11y_label_has_associated_control
909:               </div>
910:               <div class="color-input">
911:                 <label>Background</label>
                                              ^
912:                 <div class="color-picker-wrapper">
913:                   <input type="color" bind:value={formData.backgroundColor} />
23:38:47 [vite-plugin-svelte] src/routes/(admin)/admin/configuration/themes/+page.svelte:918:8 A form label must be associated with a control
https://svelte.dev/e/a11y_label_has_associated_control
916:               </div>
917:               <div class="color-input">
918:                 <label>Surface</label>
                                           ^
919:                 <div class="color-picker-wrapper">
920:                   <input type="color" bind:value={formData.surfaceColor} />
23:38:47 [vite-plugin-svelte] src/routes/(admin)/admin/configuration/themes/+page.svelte:925:8 A form label must be associated with a control
https://svelte.dev/e/a11y_label_has_associated_control
923:               </div>
924:               <div class="color-input">
925:                 <label>Border</label>
                                          ^
926:                 <div class="color-picker-wrapper">
927:                   <input type="color" bind:value={formData.borderColor} />
23:38:47 [vite-plugin-svelte] src/routes/(admin)/admin/configuration/themes/+page.svelte:932:8 A form label must be associated with a control
https://svelte.dev/e/a11y_label_has_associated_control
930:               </div>
931:               <div class="color-input">
932:                 <label>Text Primary</label>
                                                ^
933:                 <div class="color-picker-wrapper">
934:                   <input type="color" bind:value={formData.textPrimary} />
23:38:47 [vite-plugin-svelte] src/routes/(admin)/admin/configuration/themes/+page.svelte:939:8 A form label must be associated with a control
https://svelte.dev/e/a11y_label_has_associated_control
937:               </div>
938:               <div class="color-input">
939:                 <label>Text Secondary</label>
                                                  ^
940:                 <div class="color-picker-wrapper">
941:                   <input type="color" bind:value={formData.textSecondary} />
23:38:47 [vite-plugin-svelte] src/routes/(admin)/admin/configuration/themes/+page.svelte:946:8 A form label must be associated with a control
https://svelte.dev/e/a11y_label_has_associated_control
944:               </div>
945:               <div class="color-input">
946:                 <label>Text Muted</label>
                                              ^
947:                 <div class="color-picker-wrapper">
948:                   <input type="color" bind:value={formData.textMuted} />
23:38:47 [vite-plugin-svelte] src/routes/(admin)/admin/configuration/themes/+page.svelte:984:7 A form label must be associated with a control
https://svelte.dev/e/a11y_label_has_associated_control
982:             <div class="editor-accordion-content">
983:             <div class="form-group">
984:               <label>Background Image</label>
                                                  ^
985:               {#if formData.backgroundImage}
986:                 <div class="image-preview-container">
23:38:47 [vite-plugin-svelte] src/routes/(admin)/admin/configuration/themes/+page.svelte:1007:8 A form label must be associated with a control
https://svelte.dev/e/a11y_label_has_associated_control
1005:             <div class="form-row">
1006:               <div class="form-group">
1007:                 <label>Position</label>
                                             ^
1008:                 <select class="form-input" bind:value={formData.backgroundPosition}>
1009:                   <option value="center center">Center</option>
23:38:47 [vite-plugin-svelte] src/routes/(admin)/admin/configuration/themes/+page.svelte:1017:8 A form label must be associated with a control
https://svelte.dev/e/a11y_label_has_associated_control
1015:               </div>
1016:               <div class="form-group">
1017:                 <label>Size</label>
                                         ^
1018:                 <select class="form-input" bind:value={formData.backgroundSize}>
1019:                   <option value="cover">Cover</option>
23:38:47 [vite-plugin-svelte] src/routes/(admin)/admin/configuration/themes/+page.svelte:1025:8 A form label must be associated with a control
https://svelte.dev/e/a11y_label_has_associated_control
1023:               </div>
1024:               <div class="form-group">
1025:                 <label>Attachment</label>
                                               ^
1026:                 <select class="form-input" bind:value={formData.backgroundAttachment}>
1027:                   <option value="fixed">Fixed</option>
23:38:47 [vite-plugin-svelte] src/routes/(admin)/admin/configuration/themes/+page.svelte:1084:8 A form label must be associated with a control
https://svelte.dev/e/a11y_label_has_associated_control
1082:             <div class="form-row">
1083:               <div class="form-group font-scale-group">
1084:                 <label>Font Scale</label>
                                               ^
1085:                 <div class="font-scale-controls">
1086:                   <input
23:38:47 [vite-plugin-svelte] src/routes/(admin)/admin/configuration/themes/+page.svelte:1140:8 A form label must be associated with a control
https://svelte.dev/e/a11y_label_has_associated_control
1138:             <div class="form-row">
1139:               <div class="form-group">
1140:                 <label>Main window radius</label>
                                                       ^
1141:                 <select class="form-input" bind:value={formData.borderRadius}>
1142:                   <option value="0px">None (0px)</option>
23:38:47 [vite-plugin-svelte] src/routes/(admin)/admin/configuration/themes/+page.svelte:1151:8 A form label must be associated with a control
https://svelte.dev/e/a11y_label_has_associated_control
1149:               </div>
1150:               <div class="form-group">
1151:                 <label>Widget box radius</label>
                                                      ^
1152:                 <select class="form-input" bind:value={formData.widgetBorderRadius}>
1153:                   <option value="0px">None (0px)</option>
23:38:47 [vite-plugin-svelte] src/routes/(admin)/admin/configuration/themes/+page.svelte:1556:4 `<div>` with a dragstart, dragover, dragleave, drop or dragend handler must have an ARIA role
https://svelte.dev/e/a11y_no_static_element_interactions
1554:           </h3>
1555:           {#each visibleThemes as theme, index (theme.id)}
1556:         <div 
                   ^
1557:           class="theme-card"
1558:           class:dragging={draggedIndex === index}
23:38:47 [vite-plugin-svelte] src/routes/(admin)/admin/configuration/themes/+page.svelte:1674:6 `<div>` with a dragstart, dragover, dragleave, drop or dragend handler must have an ARIA role
https://svelte.dev/e/a11y_no_static_element_interactions
1672:           </h3>
1673:           {#each invisibleThemes as theme, index (theme.id)}
1674:             <div 
                       ^
1675:               class="theme-card"
1676:               class:dragging={draggedIndex === (visibleThemes.length + index)}
23:38:47 [vite-plugin-svelte] src/routes/(admin)/admin/projects/+page.svelte:390:1 Visible, non-interactive elements with a click event must be accompanied by a keyboard event handler. Consider whether an interactive element such as `<button type="button">` or `<a>` might be more appropriate
https://svelte.dev/e/a11y_click_events_have_key_events
388: 
389: {#if showCategoryManager}
390:   <div class="category-manager-overlay" onclick={handleCategoryManagerClose}>
             ^
391:     <div class="category-manager-container" onclick={(e) => e.stopPropagation()}>
392:       <ProjectCategoryManager on:close={handleCategoryManagerClose} />
23:38:47 [vite-plugin-svelte] src/routes/(admin)/admin/projects/+page.svelte:390:1 `<div>` with a click handler must have an ARIA role
https://svelte.dev/e/a11y_no_static_element_interactions
388: 
389: {#if showCategoryManager}
390:   <div class="category-manager-overlay" onclick={handleCategoryManagerClose}>
             ^
391:     <div class="category-manager-container" onclick={(e) => e.stopPropagation()}>
392:       <ProjectCategoryManager on:close={handleCategoryManagerClose} />
23:38:47 [vite-plugin-svelte] src/routes/(admin)/admin/projects/+page.svelte:391:2 Visible, non-interactive elements with a click event must be accompanied by a keyboard event handler. Consider whether an interactive element such as `<button type="button">` or `<a>` might be more appropriate
https://svelte.dev/e/a11y_click_events_have_key_events
389: {#if showCategoryManager}
390:   <div class="category-manager-overlay" onclick={handleCategoryManagerClose}>
391:     <div class="category-manager-container" onclick={(e) => e.stopPropagation()}>
               ^
392:       <ProjectCategoryManager on:close={handleCategoryManagerClose} />
393:     </div>
23:38:47 [vite-plugin-svelte] src/routes/(admin)/admin/projects/+page.svelte:391:2 `<div>` with a click handler must have an ARIA role
https://svelte.dev/e/a11y_no_static_element_interactions
389: {#if showCategoryManager}
390:   <div class="category-manager-overlay" onclick={handleCategoryManagerClose}>
391:     <div class="category-manager-container" onclick={(e) => e.stopPropagation()}>
               ^
392:       <ProjectCategoryManager on:close={handleCategoryManagerClose} />
393:     </div>
23:38:47 [vite-plugin-svelte] src/routes/(admin)/admin/projects/+page.svelte:398:1 Visible, non-interactive elements with a click event must be accompanied by a keyboard event handler. Consider whether an interactive element such as `<button type="button">` or `<a>` might be more appropriate
https://svelte.dev/e/a11y_click_events_have_key_events
396: 
397: {#if showTagManager}
398:   <div class="category-manager-overlay" onclick={() => showTagManager = false}>
             ^
399:     <div class="category-manager-container" onclick={(e) => e.stopPropagation()}>
400:       <ProjectTagManager on:close={() => showTagManager = false} />
23:38:47 [vite-plugin-svelte] src/routes/(admin)/admin/projects/+page.svelte:398:1 `<div>` with a click handler must have an ARIA role
https://svelte.dev/e/a11y_no_static_element_interactions
396: 
397: {#if showTagManager}
398:   <div class="category-manager-overlay" onclick={() => showTagManager = false}>
             ^
399:     <div class="category-manager-container" onclick={(e) => e.stopPropagation()}>
400:       <ProjectTagManager on:close={() => showTagManager = false} />
23:38:47 [vite-plugin-svelte] src/routes/(admin)/admin/projects/+page.svelte:399:2 Visible, non-interactive elements with a click event must be accompanied by a keyboard event handler. Consider whether an interactive element such as `<button type="button">` or `<a>` might be more appropriate
https://svelte.dev/e/a11y_click_events_have_key_events
397: {#if showTagManager}
398:   <div class="category-manager-overlay" onclick={() => showTagManager = false}>
399:     <div class="category-manager-container" onclick={(e) => e.stopPropagation()}>
               ^
400:       <ProjectTagManager on:close={() => showTagManager = false} />
401:     </div>
23:38:47 [vite-plugin-svelte] src/routes/(admin)/admin/projects/+page.svelte:399:2 `<div>` with a click handler must have an ARIA role
https://svelte.dev/e/a11y_no_static_element_interactions
397: {#if showTagManager}
398:   <div class="category-manager-overlay" onclick={() => showTagManager = false}>
399:     <div class="category-manager-container" onclick={(e) => e.stopPropagation()}>
               ^
400:       <ProjectTagManager on:close={() => showTagManager = false} />
401:     </div>
23:38:47 [vite-plugin-svelte] src/routes/(admin)/admin/settings/+page.svelte:658:1 Visible, non-interactive elements with a click event must be accompanied by a keyboard event handler. Consider whether an interactive element such as `<button type="button">` or `<a>` might be more appropriate
https://svelte.dev/e/a11y_click_events_have_key_events
656: <!-- Add API Key Modal -->
657: {#if showAddModal}
658:   <div class="modal-overlay" onclick={closeAddModal}>
             ^
659:     <div class="modal" onclick={(e) => e.stopPropagation()}>
660:       <div class="modal-header">
23:38:47 [vite-plugin-svelte] src/routes/(admin)/admin/settings/+page.svelte:658:1 `<div>` with a click handler must have an ARIA role
https://svelte.dev/e/a11y_no_static_element_interactions
656: <!-- Add API Key Modal -->
657: {#if showAddModal}
658:   <div class="modal-overlay" onclick={closeAddModal}>
             ^
659:     <div class="modal" onclick={(e) => e.stopPropagation()}>
660:       <div class="modal-header">
23:38:47 [vite-plugin-svelte] src/routes/(admin)/admin/settings/+page.svelte:659:2 Visible, non-interactive elements with a click event must be accompanied by a keyboard event handler. Consider whether an interactive element such as `<button type="button">` or `<a>` might be more appropriate
https://svelte.dev/e/a11y_click_events_have_key_events
657: {#if showAddModal}
658:   <div class="modal-overlay" onclick={closeAddModal}>
659:     <div class="modal" onclick={(e) => e.stopPropagation()}>
               ^
660:       <div class="modal-header">
661:         <h2>Create API Key</h2>
23:38:47 [vite-plugin-svelte] src/routes/(admin)/admin/settings/+page.svelte:659:2 `<div>` with a click handler must have an ARIA role
https://svelte.dev/e/a11y_no_static_element_interactions
657: {#if showAddModal}
658:   <div class="modal-overlay" onclick={closeAddModal}>
659:     <div class="modal" onclick={(e) => e.stopPropagation()}>
               ^
660:       <div class="modal-header">
661:         <h2>Create API Key</h2>
23:38:47 [vite-plugin-svelte] src/routes/(admin)/admin/settings/+page.svelte:733:2 Visible, non-interactive elements with a click event must be accompanied by a keyboard event handler. Consider whether an interactive element such as `<button type="button">` or `<a>` might be more appropriate
https://svelte.dev/e/a11y_click_events_have_key_events
731: {#if showNewKeyModal && newlyCreatedKey}
732:   <div class="modal-overlay">
733:     <div class="modal modal-key-display" onclick={(e) => e.stopPropagation()}>
               ^
734:       <div class="modal-header">
735:         <h2>API Key Created</h2>
23:38:47 [vite-plugin-svelte] src/routes/(admin)/admin/settings/+page.svelte:733:2 `<div>` with a click handler must have an ARIA role
https://svelte.dev/e/a11y_no_static_element_interactions
731: {#if showNewKeyModal && newlyCreatedKey}
732:   <div class="modal-overlay">
733:     <div class="modal modal-key-display" onclick={(e) => e.stopPropagation()}>
               ^
734:       <div class="modal-header">
735:         <h2>API Key Created</h2>
23:38:47 [vite-plugin-svelte] src/routes/(admin)/admin/settings/+page.svelte:1359:1 Unused CSS selector ".modal-small"
https://svelte.dev/e/css_unused_selector
1357:   }
1358: 
1359:   .modal-small {
                    ^
1360:     max-width: 400px;
1361:   }
23:38:47 [vite-plugin-svelte] src/routes/(admin)/admin/settings/+page.svelte:1402:1 Unused CSS selector ".modal-content"
https://svelte.dev/e/css_unused_selector
1400:   }
1401: 
1402:   .modal-content {
                      ^
1403:     padding: 24px;
1404:   }
23:38:47 [vite-plugin-svelte] src/routes/(admin)/admin/settings/+page.svelte:1406:1 Unused CSS selector ".modal-content p"
https://svelte.dev/e/css_unused_selector
1404:   }
1405: 
1406:   .modal-content p {
                        ^
1407:     margin: 0 0 12px 0;
1408:     color: var(--text-primary, #ffffff);
23:38:47 [vite-plugin-svelte] src/routes/(admin)/admin/settings/+page.svelte:1413:1 Unused CSS selector ".warning-text"
https://svelte.dev/e/css_unused_selector
1411:   }
1412: 
1413:   .warning-text {
                     ^
1414:     color: #ef4444 !important;
1415:     font-size: 13px !important;
23:38:47 [vite-plugin-svelte] src/routes/(admin)/admin/settings/+page.svelte:1472:1 Unused CSS selector ".delete-button"
https://svelte.dev/e/css_unused_selector
1470:   .cancel-button,
1471:   .save-button,
1472:   .delete-button {
                      ^
1473:     padding: 10px 20px;
1474:     border: none;
23:38:47 [vite-plugin-svelte] src/routes/(admin)/admin/settings/+page.svelte:1508:1 Unused CSS selector ".delete-button"
https://svelte.dev/e/css_unused_selector
1506:   }
1507: 
1508:   .delete-button {
                      ^
1509:     background: #ef4444;
1510:     color: #ffffff;
23:38:47 [vite-plugin-svelte] src/routes/(admin)/admin/settings/+page.svelte:1513:1 Unused CSS selector ".delete-button:hover:not(:disabled)"
https://svelte.dev/e/css_unused_selector
1511:   }
1512: 
1513:   .delete-button:hover:not(:disabled) {
                                           ^
1514:     background: #dc2626;
1515:   }
23:38:47 [vite-plugin-svelte] src/routes/(admin)/admin/users/+page.svelte:334:1 Visible, non-interactive elements with a click event must be accompanied by a keyboard event handler. Consider whether an interactive element such as `<button type="button">` or `<a>` might be more appropriate
https://svelte.dev/e/a11y_click_events_have_key_events
332: <!-- Add User Modal -->
333: {#if showAddModal}
334:   <div class="modal-overlay" onclick={closeAddModal}>
             ^
335:     <div class="modal" onclick={(e) => e.stopPropagation()}>
336:       <div class="modal-header">
23:38:47 [vite-plugin-svelte] src/routes/(admin)/admin/users/+page.svelte:334:1 `<div>` with a click handler must have an ARIA role
https://svelte.dev/e/a11y_no_static_element_interactions
332: <!-- Add User Modal -->
333: {#if showAddModal}
334:   <div class="modal-overlay" onclick={closeAddModal}>
             ^
335:     <div class="modal" onclick={(e) => e.stopPropagation()}>
336:       <div class="modal-header">
23:38:47 [vite-plugin-svelte] src/routes/(admin)/admin/users/+page.svelte:335:2 Visible, non-interactive elements with a click event must be accompanied by a keyboard event handler. Consider whether an interactive element such as `<button type="button">` or `<a>` might be more appropriate
https://svelte.dev/e/a11y_click_events_have_key_events
333: {#if showAddModal}
334:   <div class="modal-overlay" onclick={closeAddModal}>
335:     <div class="modal" onclick={(e) => e.stopPropagation()}>
               ^
336:       <div class="modal-header">
337:         <div class="modal-header-content">
23:38:47 [vite-plugin-svelte] src/routes/(admin)/admin/users/+page.svelte:335:2 `<div>` with a click handler must have an ARIA role
https://svelte.dev/e/a11y_no_static_element_interactions
333: {#if showAddModal}
334:   <div class="modal-overlay" onclick={closeAddModal}>
335:     <div class="modal" onclick={(e) => e.stopPropagation()}>
               ^
336:       <div class="modal-header">
337:         <div class="modal-header-content">
23:38:47 [vite-plugin-svelte] src/routes/(admin)/admin/users/+page.svelte:411:1 Visible, non-interactive elements with a click event must be accompanied by a keyboard event handler. Consider whether an interactive element such as `<button type="button">` or `<a>` might be more appropriate
https://svelte.dev/e/a11y_click_events_have_key_events
409: <!-- Edit User Modal -->
410: {#if showEditModal && selectedUser}
411:   <div class="modal-overlay" onclick={closeEditModal}>
             ^
412:     <div class="modal" onclick={(e) => e.stopPropagation()}>
413:       <div class="modal-header">
23:38:47 [vite-plugin-svelte] src/routes/(admin)/admin/users/+page.svelte:411:1 `<div>` with a click handler must have an ARIA role
https://svelte.dev/e/a11y_no_static_element_interactions
409: <!-- Edit User Modal -->
410: {#if showEditModal && selectedUser}
411:   <div class="modal-overlay" onclick={closeEditModal}>
             ^
412:     <div class="modal" onclick={(e) => e.stopPropagation()}>
413:       <div class="modal-header">
23:38:47 [vite-plugin-svelte] src/routes/(admin)/admin/users/+page.svelte:412:2 Visible, non-interactive elements with a click event must be accompanied by a keyboard event handler. Consider whether an interactive element such as `<button type="button">` or `<a>` might be more appropriate
https://svelte.dev/e/a11y_click_events_have_key_events
410: {#if showEditModal && selectedUser}
411:   <div class="modal-overlay" onclick={closeEditModal}>
412:     <div class="modal" onclick={(e) => e.stopPropagation()}>
               ^
413:       <div class="modal-header">
414:         <h2>Edit User</h2>
23:38:47 [vite-plugin-svelte] src/routes/(admin)/admin/users/+page.svelte:412:2 `<div>` with a click handler must have an ARIA role
https://svelte.dev/e/a11y_no_static_element_interactions
410: {#if showEditModal && selectedUser}
411:   <div class="modal-overlay" onclick={closeEditModal}>
412:     <div class="modal" onclick={(e) => e.stopPropagation()}>
               ^
413:       <div class="modal-header">
414:         <h2>Edit User</h2>
23:38:47 [vite-plugin-svelte] src/routes/(admin)/admin/users/+page.svelte:884:1 Unused CSS selector ".modal-small"
https://svelte.dev/e/css_unused_selector
882:   }
883: 
884:   .modal-small {
                   ^
885:     max-width: 400px;
886:   }
23:38:47 [vite-plugin-svelte] src/routes/(admin)/admin/users/+page.svelte:948:1 Unused CSS selector ".modal-content"
https://svelte.dev/e/css_unused_selector
946:   }
947: 
948:   .modal-content {
                     ^
949:     padding: 24px;
950:   }
23:38:47 [vite-plugin-svelte] src/routes/(admin)/admin/users/+page.svelte:952:1 Unused CSS selector ".modal-content p"
https://svelte.dev/e/css_unused_selector
950:   }
951: 
952:   .modal-content p {
                       ^
953:     margin: 0 0 12px 0;
954:     color: var(--text-primary, #ffffff);
23:38:47 [vite-plugin-svelte] src/routes/(admin)/admin/users/+page.svelte:959:1 Unused CSS selector ".modal-content p:last-child"
https://svelte.dev/e/css_unused_selector
957:   }
958: 
959:   .modal-content p:last-child {
                                  ^
960:     margin-bottom: 0;
961:   }
23:38:47 [vite-plugin-svelte] src/routes/(admin)/admin/users/+page.svelte:963:1 Unused CSS selector ".warning-text"
https://svelte.dev/e/css_unused_selector
961:   }
962: 
963:   .warning-text {
                    ^
964:     color: #ef4444 !important;
965:     font-size: 13px !important;
23:38:47 [vite-plugin-svelte] src/routes/(admin)/admin/users/+page.svelte:1299:1 Unused CSS selector ".delete-button"
https://svelte.dev/e/css_unused_selector
1297:   .cancel-button,
1298:   .save-button,
1299:   .delete-button {
                      ^
1300:     padding: 10px 20px;
1301:     border: none;
23:38:47 [vite-plugin-svelte] src/routes/(admin)/admin/users/+page.svelte:1327:1 Unused CSS selector ".delete-button"
https://svelte.dev/e/css_unused_selector
1325:   }
1326: 
1327:   .delete-button {
                      ^
1328:     background: #ef4444;
1329:     color: #ffffff;
23:38:47 [vite-plugin-svelte] src/routes/(admin)/admin/users/+page.svelte:1332:1 Unused CSS selector ".delete-button:hover:not(:disabled)"
https://svelte.dev/e/css_unused_selector
1330:   }
1331: 
1332:   .delete-button:hover:not(:disabled) {
                                           ^
1333:     background: #dc2626;
1334:   }
23:38:47 [vite-plugin-svelte] src/routes/(admin)/admin/users/+page.svelte:1338:1 Unused CSS selector ".delete-button:disabled"
https://svelte.dev/e/css_unused_selector
1336:   .cancel-button:disabled,
1337:   .save-button:disabled,
1338:   .delete-button:disabled {
                               ^
1339:     opacity: 0.5;
1340:     cursor: not-allowed;
23:38:47 [vite-plugin-svelte] src/routes/(site)/+page.svelte:642:1 Unused CSS selector ".feature-cards"
https://svelte.dev/e/css_unused_selector
640: 
641: 
642:   .feature-cards {
                     ^
643:     display: grid;
644:     grid-template-columns: repeat(auto-fit, minmax(200px, 1fr));
23:38:47 [vite-plugin-svelte] src/routes/(site)/+page.svelte:690:2 Unused CSS selector ".feature-cards"
https://svelte.dev/e/css_unused_selector
688:     }
689:     
690:     .feature-cards {
                       ^
691:       grid-template-columns: 1fr;
692:     }
23:38:47 [vite-plugin-svelte] src/routes/(site)/projects/+page.svelte:496:1 Unused CSS selector ".action-button svg"
https://svelte.dev/e/css_unused_selector
494:   }
495: 
496:   .action-button svg,
                         ^
497:   .action-button img {
498:     flex-shrink: 0;
23:38:47 [vite-plugin-svelte] src/routes/(site)/projects/[categoryId]/+page.svelte:476:1 Unused CSS selector ".action-button svg"
https://svelte.dev/e/css_unused_selector
474:   }
475: 
476:   .action-button svg,
                         ^
477:   .action-button img {
478:     flex-shrink: 0;
23:38:48 [vite-plugin-svelte] src/lib/admin/components/ui/FileUpload.svelte:464:1 Unused CSS selector ".upload-icon"
https://svelte.dev/e/css_unused_selector
462:   }
463: 
464:   .upload-icon {
                   ^
465:     color: var(--text-secondary, #9ca3af);
466:   }
23:38:48 [vite-plugin-svelte] src/lib/admin/components/ui/FileUpload.svelte:468:1 Unused CSS selector ".upload-icon.spinning"
https://svelte.dev/e/css_unused_selector
466:   }
467: 
468:   .upload-icon.spinning {
                            ^
469:     animation: spin 1s linear infinite;
470:   }
23:38:48 [vite-plugin-svelte] src/lib/admin/components/ui/FileUpload.svelte:543:1 Unused CSS selector ".url-icon"
https://svelte.dev/e/css_unused_selector
541:   }
542: 
543:   .url-icon {
                ^
544:     color: var(--text-secondary, #9ca3af);
545:     flex-shrink: 0;
23:38:48 [vite-plugin-svelte] src/lib/admin/components/ui/FileUpload.svelte:587:1 Unused CSS selector ".url-submit-button .spinning"
https://svelte.dev/e/css_unused_selector
585:   }
586: 
587:   .url-submit-button .spinning {
                                   ^
588:     animation: spin 1s linear infinite;
589:   }
23:38:48 [vite-plugin-svelte] src/lib/admin/components/ui/FileUpload.svelte:616:1 Unused CSS selector ".file-info svg"
https://svelte.dev/e/css_unused_selector
614:   }
615: 
616:   .file-info svg {
                     ^
617:     color: var(--text-secondary, #9ca3af);
618:     flex-shrink: 0;
23:38:48 [vite-plugin-svelte] src/lib/admin/components/ui/UnifiedIconPicker.svelte:301:3 Visible, non-interactive elements with a click event must be accompanied by a keyboard event handler. Consider whether an interactive element such as `<button type="button">` or `<a>` might be more appropriate
https://svelte.dev/e/a11y_click_events_have_key_events
299:     {#if isOpen}
300:       <div class="dropdown-overlay" onclick={(e) => { e.preventDefault(); e.stopPropagation(); if (!showCustomInputs) closeDropdown(e); }} role="button" tabindex="0" onkeydown={(e) => { e.preventDefault(); e.stopPropagation(); if (e.key === 'Escape') closeDropdown(e); }}></div>
301:       <form class="dropdown" class:show-custom-inputs={showCustomInputs} onclick={(e) => { e.preventDefault(); e.stopPropagation(); }} onsubmit={(e) => { e.preventDefault(); e.stopPropagation(); return false; }}>
                  ^
302:         <div class="dropdown-header">
303:           <div class="search-container">
23:38:48 [vite-plugin-svelte] src/lib/admin/components/ui/UnifiedIconPicker.svelte:301:3 Non-interactive element `<form>` should not be assigned mouse or keyboard event listeners
https://svelte.dev/e/a11y_no_noninteractive_element_interactions
299:     {#if isOpen}
300:       <div class="dropdown-overlay" onclick={(e) => { e.preventDefault(); e.stopPropagation(); if (!showCustomInputs) closeDropdown(e); }} role="button" tabindex="0" onkeydown={(e) => { e.preventDefault(); e.stopPropagation(); if (e.key === 'Escape') closeDropdown(e); }}></div>
301:       <form class="dropdown" class:show-custom-inputs={showCustomInputs} onclick={(e) => { e.preventDefault(); e.stopPropagation(); }} onsubmit={(e) => { e.preventDefault(); e.stopPropagation(); return false; }}>
                  ^
302:         <div class="dropdown-header">
303:           <div class="search-container">
23:38:48 [vite-plugin-svelte] src/lib/admin/components/ui/UnifiedIconPicker.svelte:403:8 A form label must be associated with a control
https://svelte.dev/e/a11y_label_has_associated_control
401:             {#if customInputType === 'svg'}
402:               <div class="custom-input-group">
403:                 <label>SVG URL</label>
                                           ^
404:                 <input 
405:                   type="url" 
23:38:48 [vite-plugin-svelte] src/lib/admin/components/ui/UnifiedIconPicker.svelte:414:8 A form label must be associated with a control
https://svelte.dev/e/a11y_label_has_associated_control
412:             {:else}
413:               <div class="custom-input-group">
414:                 <label>Custom Text</label>
                                               ^
415:                 <input 
416:                   type="text" 
23:38:48 [vite-plugin-svelte] src/lib/admin/components/ui/UnifiedIconPicker.svelte:605:1 Unused CSS selector ".search-icon"
https://svelte.dev/e/css_unused_selector
603:   }
604: 
605:   .search-icon {
                   ^
606:     position: absolute;
607:     left: 12px;
23:38:48 [vite-plugin-svelte] src/lib/admin/components/ProjectEditor.svelte:921:2 Visible, non-interactive elements with a click event must be accompanied by a keyboard event handler. Consider whether an interactive element such as `<button type="button">` or `<a>` might be more appropriate
https://svelte.dev/e/a11y_click_events_have_key_events
919: 
920:   {#if showCategoryManager}
921:     <div class="category-manager-overlay" onclick={handleCategoryManagerClose}>
               ^
922:       <div class="category-manager-container" onclick={(e) => e.stopPropagation()}>
923:         <ProjectCategoryManager on:close={handleCategoryManagerClose} />
23:38:48 [vite-plugin-svelte] src/lib/admin/components/ProjectEditor.svelte:921:2 `<div>` with a click handler must have an ARIA role
https://svelte.dev/e/a11y_no_static_element_interactions
919: 
920:   {#if showCategoryManager}
921:     <div class="category-manager-overlay" onclick={handleCategoryManagerClose}>
               ^
922:       <div class="category-manager-container" onclick={(e) => e.stopPropagation()}>
923:         <ProjectCategoryManager on:close={handleCategoryManagerClose} />
23:38:48 [vite-plugin-svelte] src/lib/admin/components/ProjectEditor.svelte:922:3 Visible, non-interactive elements with a click event must be accompanied by a keyboard event handler. Consider whether an interactive element such as `<button type="button">` or `<a>` might be more appropriate
https://svelte.dev/e/a11y_click_events_have_key_events
920:   {#if showCategoryManager}
921:     <div class="category-manager-overlay" onclick={handleCategoryManagerClose}>
922:       <div class="category-manager-container" onclick={(e) => e.stopPropagation()}>
                 ^
923:         <ProjectCategoryManager on:close={handleCategoryManagerClose} />
924:       </div>
23:38:48 [vite-plugin-svelte] src/lib/admin/components/ProjectEditor.svelte:922:3 `<div>` with a click handler must have an ARIA role
https://svelte.dev/e/a11y_no_static_element_interactions
920:   {#if showCategoryManager}
921:     <div class="category-manager-overlay" onclick={handleCategoryManagerClose}>
922:       <div class="category-manager-container" onclick={(e) => e.stopPropagation()}>
                 ^
923:         <ProjectCategoryManager on:close={handleCategoryManagerClose} />
924:       </div>
23:38:48 [vite-plugin-svelte] src/lib/admin/components/ProjectEditor.svelte:929:2 Visible, non-interactive elements with a click event must be accompanied by a keyboard event handler. Consider whether an interactive element such as `<button type="button">` or `<a>` might be more appropriate
https://svelte.dev/e/a11y_click_events_have_key_events
927: 
928:   {#if showTagManager}
929:     <div class="category-manager-overlay" onclick={handleTagManagerClose}>
               ^
930:       <div class="category-manager-container" onclick={(e) => e.stopPropagation()}>
931:         <ProjectTagManager on:close={handleTagManagerClose} on:tagsUpdated={handleTagsUpdated} />
23:38:48 [vite-plugin-svelte] src/lib/admin/components/ProjectEditor.svelte:929:2 `<div>` with a click handler must have an ARIA role
https://svelte.dev/e/a11y_no_static_element_interactions
927: 
928:   {#if showTagManager}
929:     <div class="category-manager-overlay" onclick={handleTagManagerClose}>
               ^
930:       <div class="category-manager-container" onclick={(e) => e.stopPropagation()}>
931:         <ProjectTagManager on:close={handleTagManagerClose} on:tagsUpdated={handleTagsUpdated} />
23:38:48 [vite-plugin-svelte] src/lib/admin/components/ProjectEditor.svelte:930:3 Visible, non-interactive elements with a click event must be accompanied by a keyboard event handler. Consider whether an interactive element such as `<button type="button">` or `<a>` might be more appropriate
https://svelte.dev/e/a11y_click_events_have_key_events
928:   {#if showTagManager}
929:     <div class="category-manager-overlay" onclick={handleTagManagerClose}>
930:       <div class="category-manager-container" onclick={(e) => e.stopPropagation()}>
                 ^
931:         <ProjectTagManager on:close={handleTagManagerClose} on:tagsUpdated={handleTagsUpdated} />
932:       </div>
23:38:48 [vite-plugin-svelte] src/lib/admin/components/ProjectEditor.svelte:930:3 `<div>` with a click handler must have an ARIA role
https://svelte.dev/e/a11y_no_static_element_interactions
928:   {#if showTagManager}
929:     <div class="category-manager-overlay" onclick={handleTagManagerClose}>
930:       <div class="category-manager-container" onclick={(e) => e.stopPropagation()}>
                 ^
931:         <ProjectTagManager on:close={handleTagManagerClose} on:tagsUpdated={handleTagsUpdated} />
932:       </div>
23:38:48 [vite-plugin-svelte] src/lib/admin/components/ProjectCategoryManager.svelte:223:4 `<div>` with a dragstart, dragover, dragleave, drop or dragend handler must have an ARIA role
https://svelte.dev/e/a11y_no_static_element_interactions
221:     <div class="categories-list">
222:       {#each categories as category, index (category.id)}
223:         <div
                 ^
224:           class="category-item"
225:           class:dragging={draggedIndex === index}
23:38:48 [vite-plugin-svelte] src/lib/admin/components/ProjectCategoryManager.svelte:265:2 Visible, non-interactive elements with a click event must be accompanied by a keyboard event handler. Consider whether an interactive element such as `<button type="button">` or `<a>` might be more appropriate
https://svelte.dev/e/a11y_click_events_have_key_events
263: 
264:   {#if showAddForm}
265:     <div class="modal-overlay" onclick={cancelEdit}>
               ^
266:       <div class="modal" onclick={(e) => e.stopPropagation()}>
267:         <div class="modal-header">
23:38:48 [vite-plugin-svelte] src/lib/admin/components/ProjectCategoryManager.svelte:265:2 `<div>` with a click handler must have an ARIA role
https://svelte.dev/e/a11y_no_static_element_interactions
263: 
264:   {#if showAddForm}
265:     <div class="modal-overlay" onclick={cancelEdit}>
               ^
266:       <div class="modal" onclick={(e) => e.stopPropagation()}>
267:         <div class="modal-header">
23:38:48 [vite-plugin-svelte] src/lib/admin/components/ProjectCategoryManager.svelte:266:3 Visible, non-interactive elements with a click event must be accompanied by a keyboard event handler. Consider whether an interactive element such as `<button type="button">` or `<a>` might be more appropriate
https://svelte.dev/e/a11y_click_events_have_key_events
264:   {#if showAddForm}
265:     <div class="modal-overlay" onclick={cancelEdit}>
266:       <div class="modal" onclick={(e) => e.stopPropagation()}>
                 ^
267:         <div class="modal-header">
268:           <h3>{editingCategory ? 'Edit Category' : 'Add Category'}</h3>
23:38:48 [vite-plugin-svelte] src/lib/admin/components/ProjectCategoryManager.svelte:266:3 `<div>` with a click handler must have an ARIA role
https://svelte.dev/e/a11y_no_static_element_interactions
264:   {#if showAddForm}
265:     <div class="modal-overlay" onclick={cancelEdit}>
266:       <div class="modal" onclick={(e) => e.stopPropagation()}>
                 ^
267:         <div class="modal-header">
268:           <h3>{editingCategory ? 'Edit Category' : 'Add Category'}</h3>
23:38:48 [vite-plugin-svelte] src/lib/admin/components/ProjectTagManager.svelte:372:2 Visible, non-interactive elements with a click event must be accompanied by a keyboard event handler. Consider whether an interactive element such as `<button type="button">` or `<a>` might be more appropriate
https://svelte.dev/e/a11y_click_events_have_key_events
370: 
371:   {#if showAddForm}
372:     <div class="modal-overlay" onclick={cancelEdit}>
               ^
373:       <div class="modal" onclick={(e) => e.stopPropagation()}>
374:         <div class="modal-header">
23:38:48 [vite-plugin-svelte] src/lib/admin/components/ProjectTagManager.svelte:372:2 `<div>` with a click handler must have an ARIA role
https://svelte.dev/e/a11y_no_static_element_interactions
370: 
371:   {#if showAddForm}
372:     <div class="modal-overlay" onclick={cancelEdit}>
               ^
373:       <div class="modal" onclick={(e) => e.stopPropagation()}>
374:         <div class="modal-header">
23:38:48 [vite-plugin-svelte] src/lib/admin/components/ProjectTagManager.svelte:373:3 Visible, non-interactive elements with a click event must be accompanied by a keyboard event handler. Consider whether an interactive element such as `<button type="button">` or `<a>` might be more appropriate
https://svelte.dev/e/a11y_click_events_have_key_events
371:   {#if showAddForm}
372:     <div class="modal-overlay" onclick={cancelEdit}>
373:       <div class="modal" onclick={(e) => e.stopPropagation()}>
                 ^
374:         <div class="modal-header">
375:           <h3>{editingTag ? 'Edit Tag' : 'Add Tag'}</h3>
23:38:48 [vite-plugin-svelte] src/lib/admin/components/ProjectTagManager.svelte:373:3 `<div>` with a click handler must have an ARIA role
https://svelte.dev/e/a11y_no_static_element_interactions
371:   {#if showAddForm}
372:     <div class="modal-overlay" onclick={cancelEdit}>
373:       <div class="modal" onclick={(e) => e.stopPropagation()}>
                 ^
374:         <div class="modal-header">
375:           <h3>{editingTag ? 'Edit Tag' : 'Add Tag'}</h3>
23:38:48 [vite-plugin-svelte] src/lib/admin/components/CountryPieChart.svelte:452:6 `<path>` with a mouseenter, mouseleave or mousemove handler must have an ARIA role
https://svelte.dev/e/a11y_no_static_element_interactions
450:           <!-- Pie chart segments -->
451:           {#each segments as segment}
452:             <path
                   ^
453:               d={createArcPath(segment.startAngle, segment.endAngle, radius, innerRadius)}
454:               fill={segment.color}
23:38:48 [vite-plugin-svelte] src/lib/admin/components/CountryPieChart.svelte:458:7 Using `on:mouseenter` to listen to the mouseenter event is deprecated. Use the event attribute `onmouseenter` instead
https://svelte.dev/e/event_directive_deprecated
456:               stroke-width="2"
457:               class="pie-segment"
458:               on:mouseenter={(e) => showTooltip(e, segment)}
                                                                 ^
459:               on:mouseleave={hideTooltip}
460:               on:mousemove={handleTooltipMove}
23:38:48 [vite-plugin-svelte] src/lib/admin/components/CountryPieChart.svelte:459:7 Using `on:mouseleave` to listen to the mouseleave event is deprecated. Use the event attribute `onmouseleave` instead
https://svelte.dev/e/event_directive_deprecated
457:               class="pie-segment"
458:               on:mouseenter={(e) => showTooltip(e, segment)}
459:               on:mouseleave={hideTooltip}
                                              ^
460:               on:mousemove={handleTooltipMove}
461:               on:touchstart={(e) => {
23:38:48 [vite-plugin-svelte] src/lib/admin/components/CountryPieChart.svelte:460:7 Using `on:mousemove` to listen to the mousemove event is deprecated. Use the event attribute `onmousemove` instead
https://svelte.dev/e/event_directive_deprecated
458:               on:mouseenter={(e) => showTooltip(e, segment)}
459:               on:mouseleave={hideTooltip}
460:               on:mousemove={handleTooltipMove}
                                                   ^
461:               on:touchstart={(e) => {
462:                 e.preventDefault();
23:38:48 [vite-plugin-svelte] src/lib/admin/components/CountryPieChart.svelte:461:7 Using `on:touchstart` to listen to the touchstart event is deprecated. Use the event attribute `ontouchstart` instead
https://svelte.dev/e/event_directive_deprecated
459:               on:mouseleave={hideTooltip}
460:               on:mousemove={handleTooltipMove}
461:               on:touchstart={(e) => {
                     ^
462:                 e.preventDefault();
463:                 showTooltip(e, segment);
23:38:48 [vite-plugin-svelte] src/lib/admin/components/CountryPieChart.svelte:465:7 Using `on:touchend` to listen to the touchend event is deprecated. Use the event attribute `ontouchend` instead
https://svelte.dev/e/event_directive_deprecated
463:                 showTooltip(e, segment);
464:               }}
465:               on:touchend={hideTooltip}
                                            ^
466:             />
467:           {/each}
23:38:48 [vite-plugin-svelte] src/lib/admin/components/CountryPieChart.svelte:486:5 `<div>` with a mouseenter, mouseleave or mousemove handler must have an ARIA role
https://svelte.dev/e/a11y_no_static_element_interactions
484:         <!-- Country flags -->
485:         {#each flagPositions as flag}
486:           <div
                   ^
487:             class="flag-item"
488:             style="
23:38:48 [vite-plugin-svelte] src/lib/admin/components/CountryPieChart.svelte:500:6 Using `on:mouseenter` to listen to the mouseenter event is deprecated. Use the event attribute `onmouseenter` instead
https://svelte.dev/e/event_directive_deprecated
498:               z-index: 10;
499:             "
500:             on:mouseenter={(e) => showTooltip(e, flag)}
                                                            ^
501:             on:mouseleave={hideTooltip}
502:             on:mousemove={handleTooltipMove}
23:38:48 [vite-plugin-svelte] src/lib/admin/components/CountryPieChart.svelte:501:6 Using `on:mouseleave` to listen to the mouseleave event is deprecated. Use the event attribute `onmouseleave` instead
https://svelte.dev/e/event_directive_deprecated
499:             "
500:             on:mouseenter={(e) => showTooltip(e, flag)}
501:             on:mouseleave={hideTooltip}
                                            ^
502:             on:mousemove={handleTooltipMove}
503:             on:touchstart={(e) => {
23:38:48 [vite-plugin-svelte] src/lib/admin/components/CountryPieChart.svelte:502:6 Using `on:mousemove` to listen to the mousemove event is deprecated. Use the event attribute `onmousemove` instead
https://svelte.dev/e/event_directive_deprecated
500:             on:mouseenter={(e) => showTooltip(e, flag)}
501:             on:mouseleave={hideTooltip}
502:             on:mousemove={handleTooltipMove}
                                                 ^
503:             on:touchstart={(e) => {
504:               e.preventDefault();
23:38:48 [vite-plugin-svelte] src/lib/admin/components/CountryPieChart.svelte:503:6 Using `on:touchstart` to listen to the touchstart event is deprecated. Use the event attribute `ontouchstart` instead
https://svelte.dev/e/event_directive_deprecated
501:             on:mouseleave={hideTooltip}
502:             on:mousemove={handleTooltipMove}
503:             on:touchstart={(e) => {
                   ^
504:               e.preventDefault();
505:               showTooltip(e, flag);
23:38:48 [vite-plugin-svelte] src/lib/admin/components/CountryPieChart.svelte:507:6 Using `on:touchend` to listen to the touchend event is deprecated. Use the event attribute `ontouchend` instead
https://svelte.dev/e/event_directive_deprecated
505:               showTooltip(e, flag);
506:             }}
507:             on:touchend={hideTooltip}
                                          ^
508:           >
509:             <span class="fi fi-{flag.flag}"></span>
23:38:48 [vite-plugin-svelte] src/lib/admin/components/VisitorTrendsChart.svelte:295:5 `<circle>` with a mouseenter or mouseleave handler must have an ARIA role
https://svelte.dev/e/a11y_no_static_element_interactions
293:       <g class="data-points">
294:         {#each chartData as point, i}
295:           <circle
                 ^
296:             cx={scaleX(i)}
297:             cy={scaleY(point.visitors)}
23:38:48 [vite-plugin-svelte] src/lib/admin/components/VisitorTrendsChart.svelte:313:5 `<circle>` with a mouseenter or mouseleave handler must have an ARIA role
https://svelte.dev/e/a11y_no_static_element_interactions
311: 
312:           <!-- Views point -->
313:           <circle
                 ^
314:             cx={scaleX(i)}
315:             cy={scaleY(point.views)}
23:38:48 [vite-plugin-svelte] src/lib/admin/components/AdminEmojiPicker.svelte:259:1 Visible, non-interactive elements with a click event must be accompanied by a keyboard event handler. Consider whether an interactive element such as `<button type="button">` or `<a>` might be more appropriate
https://svelte.dev/e/a11y_click_events_have_key_events
257: 
258: {#if isOpen}
259:   <div 
            ^
260:     class="emoji-picker-overlay" 
261:     bind:this={overlayElement} 
23:38:48 [vite-plugin-svelte] src/lib/admin/components/AdminEmojiPicker.svelte:288:1 Visible, non-interactive elements with a click event must be accompanied by a keyboard event handler. Consider whether an interactive element such as `<button type="button">` or `<a>` might be more appropriate
https://svelte.dev/e/a11y_click_events_have_key_events
286:     tabindex="-1"
287:   ></div>
288:   <div class="emoji-picker" bind:this={pickerElement} onclick={(e) => {
             ^
289:     e.stopPropagation();
290:     e.preventDefault();
23:38:48 [vite-plugin-svelte] src/lib/admin/components/AdminEmojiPicker.svelte:288:1 `<div>` with a click or mousedown handler must have an ARIA role
https://svelte.dev/e/a11y_no_static_element_interactions
286:     tabindex="-1"
287:   ></div>
288:   <div class="emoji-picker" bind:this={pickerElement} onclick={(e) => {
             ^
289:     e.stopPropagation();
290:     e.preventDefault();
23:38:48 [vite-plugin-svelte] src/lib/admin/components/AdminEmojiPicker.svelte:303:2 Visible, non-interactive elements with a click event must be accompanied by a keyboard event handler. Consider whether an interactive element such as `<button type="button">` or `<a>` might be more appropriate
https://svelte.dev/e/a11y_click_events_have_key_events
301: 
302:     <!-- Category Tabs -->
303:     <div class="picker-tabs" onclick={(e) => e.stopPropagation()} onmousedown={(e) => e.stopPropagation()}>
               ^
304:       <button
305:         class="picker-tab"
23:38:48 [vite-plugin-svelte] src/lib/admin/components/AdminEmojiPicker.svelte:303:2 `<div>` with a click or mousedown handler must have an ARIA role
https://svelte.dev/e/a11y_no_static_element_interactions
301: 
302:     <!-- Category Tabs -->
303:     <div class="picker-tabs" onclick={(e) => e.stopPropagation()} onmousedown={(e) => e.stopPropagation()}>
               ^
304:       <button
305:         class="picker-tab"
23:38:48 [vite-plugin-svelte] src/lib/admin/components/AdminEmojiPicker.svelte:503:1 Unused CSS selector ".emoji-picker ~ .emoji-picker-overlay"
https://svelte.dev/e/css_unused_selector
501:   }
502:   
503:   .emoji-picker ~ .emoji-picker-overlay {
                                            ^
504:     pointer-events: none;
505:   }
23:38:48 [vite-plugin-svelte] src/lib/site/components/EmojiPicker.svelte:269:1 Visible, non-interactive elements with a click event must be accompanied by a keyboard event handler. Consider whether an interactive element such as `<button type="button">` or `<a>` might be more appropriate
https://svelte.dev/e/a11y_click_events_have_key_events
267: 
268: {#if isOpen}
269:   <div class="emoji-picker-overlay" bind:this={overlayElement} onclick={handleOverlayClick} role="button" tabindex="-1"></div>
                                                                                                                                   ^
270:   <div class="emoji-picker" bind:this={pickerElement} onclick={(e) => e.stopPropagation()}>
271:     <div class="win95-titlebar">
23:38:48 [vite-plugin-svelte] src/lib/site/components/EmojiPicker.svelte:270:1 Visible, non-interactive elements with a click event must be accompanied by a keyboard event handler. Consider whether an interactive element such as `<button type="button">` or `<a>` might be more appropriate
https://svelte.dev/e/a11y_click_events_have_key_events
268: {#if isOpen}
269:   <div class="emoji-picker-overlay" bind:this={overlayElement} onclick={handleOverlayClick} role="button" tabindex="-1"></div>
270:   <div class="emoji-picker" bind:this={pickerElement} onclick={(e) => e.stopPropagation()}>
             ^
271:     <div class="win95-titlebar">
272:       <div class="titlebar-icon">☺</div>
23:38:48 [vite-plugin-svelte] src/lib/site/components/EmojiPicker.svelte:270:1 `<div>` with a click handler must have an ARIA role
https://svelte.dev/e/a11y_no_static_element_interactions
268: {#if isOpen}
269:   <div class="emoji-picker-overlay" bind:this={overlayElement} onclick={handleOverlayClick} role="button" tabindex="-1"></div>
270:   <div class="emoji-picker" bind:this={pickerElement} onclick={(e) => e.stopPropagation()}>
             ^
271:     <div class="win95-titlebar">
272:       <div class="titlebar-icon">☺</div>
23:38:48 [vite-plugin-svelte] src/lib/site/components/EmojiPicker.svelte:597:1 Unused CSS selector ".win95-menubar"
https://svelte.dev/e/css_unused_selector
595:   }
596: 
597:   .win95-menubar {
                     ^
598:     display: flex;
599:     height: 22px;
23:38:48 [vite-plugin-svelte] src/lib/site/components/EmojiPicker.svelte:607:1 Unused CSS selector ".menu-item"
https://svelte.dev/e/css_unused_selector
605:   }
606: 
607:   .menu-item {
                 ^
608:     padding: 3px 10px;
609:     cursor: default;
23:38:48 [vite-plugin-svelte] src/lib/site/components/EmojiPicker.svelte:615:1 Unused CSS selector ".menu-item:hover"
https://svelte.dev/e/css_unused_selector
613:   }
614: 
615:   .menu-item:hover {
                       ^
616:     background: #1a3a5a;
617:     color: #ffffff;
✓ 4147 modules transformed.
rendering chunks...
vite v7.1.6 building for production...
transforming...
23:38:53 [vite-plugin-svelte] src/routes/(admin)/admin/account/+page.svelte:954:1 Unused CSS selector ":global(html:not(.dark)) .totp-manager-container .status-card"
https://svelte.dev/e/css_unused_selector
952:   }
953: 
954:   :global(html:not(.dark)) .totp-manager-container .status-card {
                                                                    ^
955:     background: rgba(0, 0, 0, 0.02);
956:     border-color: rgba(0, 0, 0, 0.1);
23:38:53 [vite-plugin-svelte] src/routes/(admin)/admin/account/+page.svelte:964:1 Unused CSS selector ":global(html:not(.dark)) .totp-manager-container .status-card:hover"
https://svelte.dev/e/css_unused_selector
962:   }
963: 
964:   :global(html:not(.dark)) .totp-manager-container .status-card:hover {
                                                                          ^
965:     background: rgba(0, 0, 0, 0.04);
966:     border-color: rgba(0, 0, 0, 0.15);
23:38:53 [vite-plugin-svelte] src/routes/(admin)/admin/account/+page.svelte:989:1 Unused CSS selector ":global(html:not(.dark)) .totp-manager-container .status-info h3"
https://svelte.dev/e/css_unused_selector
987:   }
988: 
989:   :global(html:not(.dark)) .totp-manager-container .status-info h3 {
                                                                       ^
990:     color: #1f2937;
991:   }
23:38:53 [vite-plugin-svelte] src/routes/(admin)/admin/account/+page.svelte:1000:1 Unused CSS selector ":global(html:not(.dark)) .totp-manager-container .status-info p"
https://svelte.dev/e/css_unused_selector
 998:   }
 999: 
1000:   :global(html:not(.dark)) .totp-manager-container .status-info p {
                                                                       ^
1001:     color: rgba(0, 0, 0, 0.6);
1002:   }
23:38:53 [vite-plugin-svelte] src/routes/(admin)/admin/account/+page.svelte:1045:1 Unused CSS selector ":global(html:not(.dark)) .totp-manager-container .loading-state"
https://svelte.dev/e/css_unused_selector
1043:   }
1044: 
1045:   :global(html:not(.dark)) .totp-manager-container .loading-state {
                                                                       ^
1046:     color: rgba(0, 0, 0, 0.6);
1047:   }
23:38:53 [vite-plugin-svelte] src/routes/(admin)/admin/account/+page.svelte:1206:1 Unused CSS selector ".availability-indicator .success"
https://svelte.dev/e/css_unused_selector
1204:   }
1205: 
1206:   .availability-indicator .success {
                                        ^
1207:     color: #22c55e;
1208:   }
23:38:53 [vite-plugin-svelte] src/routes/(admin)/admin/account/+page.svelte:1210:1 Unused CSS selector ".availability-indicator .error"
https://svelte.dev/e/css_unused_selector
1208:   }
1209: 
1210:   .availability-indicator .error {
                                      ^
1211:     color: #ef4444;
1212:   }
23:38:53 [vite-plugin-svelte] src/routes/(admin)/admin/account/+page.svelte:1214:1 Unused CSS selector ".availability-indicator .spin"
https://svelte.dev/e/css_unused_selector
1212:   }
1213: 
1214:   .availability-indicator .spin {
                                     ^
1215:     animation: spin 1s linear infinite;
1216:   }
23:38:53 [vite-plugin-svelte] src/routes/(admin)/admin/api-keys/+page.svelte:467:1 Visible, non-interactive elements with a click event must be accompanied by a keyboard event handler. Consider whether an interactive element such as `<button type="button">` or `<a>` might be more appropriate
https://svelte.dev/e/a11y_click_events_have_key_events
465: <!-- Add API Key Modal -->
466: {#if showAddModal}
467:   <div class="modal-overlay" onclick={closeAddModal}>
             ^
468:     <div class="modal" onclick={(e) => e.stopPropagation()}>
469:       <div class="modal-header">
23:38:53 [vite-plugin-svelte] src/routes/(admin)/admin/api-keys/+page.svelte:467:1 `<div>` with a click handler must have an ARIA role
https://svelte.dev/e/a11y_no_static_element_interactions
465: <!-- Add API Key Modal -->
466: {#if showAddModal}
467:   <div class="modal-overlay" onclick={closeAddModal}>
             ^
468:     <div class="modal" onclick={(e) => e.stopPropagation()}>
469:       <div class="modal-header">
23:38:53 [vite-plugin-svelte] src/routes/(admin)/admin/api-keys/+page.svelte:468:2 Visible, non-interactive elements with a click event must be accompanied by a keyboard event handler. Consider whether an interactive element such as `<button type="button">` or `<a>` might be more appropriate
https://svelte.dev/e/a11y_click_events_have_key_events
466: {#if showAddModal}
467:   <div class="modal-overlay" onclick={closeAddModal}>
468:     <div class="modal" onclick={(e) => e.stopPropagation()}>
               ^
469:       <div class="modal-header">
470:         <h2>Create API Key</h2>
23:38:53 [vite-plugin-svelte] src/routes/(admin)/admin/api-keys/+page.svelte:468:2 `<div>` with a click handler must have an ARIA role
https://svelte.dev/e/a11y_no_static_element_interactions
466: {#if showAddModal}
467:   <div class="modal-overlay" onclick={closeAddModal}>
468:     <div class="modal" onclick={(e) => e.stopPropagation()}>
               ^
469:       <div class="modal-header">
470:         <h2>Create API Key</h2>
23:38:53 [vite-plugin-svelte] src/routes/(admin)/admin/api-keys/+page.svelte:542:2 Visible, non-interactive elements with a click event must be accompanied by a keyboard event handler. Consider whether an interactive element such as `<button type="button">` or `<a>` might be more appropriate
https://svelte.dev/e/a11y_click_events_have_key_events
540: {#if showNewKeyModal && newlyCreatedKey}
541:   <div class="modal-overlay">
542:     <div class="modal modal-key-display" onclick={(e) => e.stopPropagation()}>
               ^
543:       <div class="modal-header">
544:         <h2>API Key Created</h2>
23:38:53 [vite-plugin-svelte] src/routes/(admin)/admin/api-keys/+page.svelte:542:2 `<div>` with a click handler must have an ARIA role
https://svelte.dev/e/a11y_no_static_element_interactions
540: {#if showNewKeyModal && newlyCreatedKey}
541:   <div class="modal-overlay">
542:     <div class="modal modal-key-display" onclick={(e) => e.stopPropagation()}>
               ^
543:       <div class="modal-header">
544:         <h2>API Key Created</h2>
23:38:53 [vite-plugin-svelte] src/routes/(admin)/admin/api-keys/+page.svelte:933:1 Unused CSS selector ".modal-small"
https://svelte.dev/e/css_unused_selector
931:   }
932: 
933:   .modal-small {
                   ^
934:     max-width: 400px;
935:   }
23:38:53 [vite-plugin-svelte] src/routes/(admin)/admin/api-keys/+page.svelte:976:1 Unused CSS selector ".modal-content"
https://svelte.dev/e/css_unused_selector
974:   }
975: 
976:   .modal-content {
                     ^
977:     padding: 24px;
978:   }
23:38:53 [vite-plugin-svelte] src/routes/(admin)/admin/api-keys/+page.svelte:980:1 Unused CSS selector ".modal-content p"
https://svelte.dev/e/css_unused_selector
978:   }
979: 
980:   .modal-content p {
                       ^
981:     margin: 0 0 12px 0;
982:     color: var(--text-primary, #ffffff);
23:38:53 [vite-plugin-svelte] src/routes/(admin)/admin/api-keys/+page.svelte:987:1 Unused CSS selector ".warning-text"
https://svelte.dev/e/css_unused_selector
985:   }
986: 
987:   .warning-text {
                    ^
988:     color: #ef4444 !important;
989:     font-size: 13px !important;
23:38:53 [vite-plugin-svelte] src/routes/(admin)/admin/api-keys/+page.svelte:1046:1 Unused CSS selector ".delete-button"
https://svelte.dev/e/css_unused_selector
1044:   .cancel-button,
1045:   .save-button,
1046:   .delete-button {
                      ^
1047:     padding: 10px 20px;
1048:     border: none;
23:38:53 [vite-plugin-svelte] src/routes/(admin)/admin/api-keys/+page.svelte:1082:1 Unused CSS selector ".delete-button"
https://svelte.dev/e/css_unused_selector
1080:   }
1081: 
1082:   .delete-button {
                      ^
1083:     background: #ef4444;
1084:     color: #ffffff;
23:38:53 [vite-plugin-svelte] src/routes/(admin)/admin/api-keys/+page.svelte:1087:1 Unused CSS selector ".delete-button:hover:not(:disabled)"
https://svelte.dev/e/css_unused_selector
1085:   }
1086: 
1087:   .delete-button:hover:not(:disabled) {
                                           ^
1088:     background: #dc2626;
1089:   }
23:38:53 [vite-plugin-svelte] src/routes/(admin)/admin/configuration/certifications/+page.svelte:525:4 `<div>` with a dragstart, dragover, dragleave, drop or dragend handler must have an ARIA role
https://svelte.dev/e/a11y_no_static_element_interactions
523:     <div class="certifications-list">
524:       {#each certifications as cert, index (cert.id)}
525:         <div 
                  ^
526:           class="certification-card"
527:           class:dragging={draggedIndex === index}
23:38:53 [vite-plugin-svelte] src/routes/(admin)/admin/configuration/certifications/+page.svelte:540:8 A form label must be associated with a control
https://svelte.dev/e/a11y_label_has_associated_control
538:             <div class="editing-certification">
539:               <div class="form-group">
540:                 <label>Title *</label>
                                           ^
541:                 <input
542:                   type="text"
23:38:53 [vite-plugin-svelte] src/routes/(admin)/admin/configuration/certifications/+page.svelte:551:9 A form label must be associated with a control
https://svelte.dev/e/a11y_label_has_associated_control
549:               <div class="form-row">
550:                 <div class="form-group">
551:                   <label>Start Date (Year) *</label>
                                                         ^
552:                   <input
553:                     type="text"
23:38:53 [vite-plugin-svelte] src/routes/(admin)/admin/configuration/certifications/+page.svelte:561:9 A form label must be associated with a control
https://svelte.dev/e/a11y_label_has_associated_control
559:                 </div>
560:                 <div class="form-group">
561:                   <label>End Date (Year)</label>
                                                     ^
562:                   <input
563:                     type="text"
23:38:53 [vite-plugin-svelte] src/routes/(admin)/admin/configuration/certifications/+page.svelte:583:8 A form label must be associated with a control
https://svelte.dev/e/a11y_label_has_associated_control
581:               </div>
582:               <div class="form-group">
583:                 <label>
                            ^
584:                   Status
585:                   {#if !editingCertStatusManual}
23:38:53 [vite-plugin-svelte] src/routes/(admin)/admin/configuration/certifications/+page.svelte:600:8 A form label must be associated with a control
https://svelte.dev/e/a11y_label_has_associated_control
598:               </div>
599:               <div class="form-group">
600:                 <label>Image *</label>
                                           ^
601:                 {#if editingCertImageUrl}
602:                   <div class="image-preview">
23:38:53 [vite-plugin-svelte] src/routes/(admin)/admin/configuration/certifications/+page.svelte:677:6 A form label must be associated with a control
https://svelte.dev/e/a11y_label_has_associated_control
675:           <h3>New Certification</h3>
676:           <div class="form-group">
677:             <label>Title *</label>
                                       ^
678:             <input
679:               type="text"
23:38:53 [vite-plugin-svelte] src/routes/(admin)/admin/configuration/certifications/+page.svelte:687:7 A form label must be associated with a control
https://svelte.dev/e/a11y_label_has_associated_control
685:           <div class="form-row">
686:             <div class="form-group">
687:               <label>Start Date (Year) *</label>
                                                     ^
688:               <input
689:                 type="text"
23:38:53 [vite-plugin-svelte] src/routes/(admin)/admin/configuration/certifications/+page.svelte:697:7 A form label must be associated with a control
https://svelte.dev/e/a11y_label_has_associated_control
695:             </div>
696:             <div class="form-group">
697:               <label>End Date (Year)</label>
                                                 ^
698:               <input
699:                 type="text"
23:38:53 [vite-plugin-svelte] src/routes/(admin)/admin/configuration/certifications/+page.svelte:719:6 A form label must be associated with a control
https://svelte.dev/e/a11y_label_has_associated_control
717:           </div>
718:           <div class="form-group">
719:             <label>
                        ^
720:               Status
721:               {#if !newCertStatusManual}
23:38:53 [vite-plugin-svelte] src/routes/(admin)/admin/configuration/certifications/+page.svelte:736:6 A form label must be associated with a control
https://svelte.dev/e/a11y_label_has_associated_control
734:           </div>
735:           <div class="form-group">
736:             <label>Image *</label>
                                       ^
737:             {#if newCertImageUrl}
738:               <div class="image-preview">
23:38:53 [vite-plugin-svelte] src/routes/(admin)/admin/configuration/contact-social-links/+page.svelte:257:4 A form label must be associated with a control
https://svelte.dev/e/a11y_label_has_associated_control
255:     <div class="form-section">
256:       <div class="form-group">
257:         <label>Header</label>
                                  ^
258:         {#if isEditingHeader}
259:           <div class="header-edit-container">
23:38:53 [vite-plugin-svelte] src/routes/(admin)/admin/configuration/contact-social-links/+page.svelte:312:4 A form label must be associated with a control
https://svelte.dev/e/a11y_label_has_associated_control
310:     <div class="form-section">
311:       <div class="form-group">
312:         <label>Selected Social Links</label>
                                                 ^
313:         <p class="field-hint">These links will be displayed on the contact page. Uncheck to remove them from the selection.</p>
314:         
23:38:53 [vite-plugin-svelte] src/routes/(admin)/admin/configuration/contact-social-links/+page.svelte:385:4 A form label must be associated with a control
https://svelte.dev/e/a11y_label_has_associated_control
383:     <div class="form-section">
384:       <div class="form-group">
385:         <label>Available Social Links</label>
                                                  ^
386:         <p class="field-hint">Check the social links you want to add to the contact page. Links are displayed in their configured display order.</p>
387:         
23:38:53 [vite-plugin-svelte] src/routes/(admin)/admin/configuration/contact-social-links/+page.svelte:631:1 Unused CSS selector ".empty-icon"
https://svelte.dev/e/css_unused_selector
629:   }
630: 
631:   .empty-icon {
                  ^
632:     color: var(--text-secondary, #a1a1aa);
633:     margin-bottom: 16px;
23:38:53 [vite-plugin-svelte] src/routes/(admin)/admin/configuration/contact-emails/+page.svelte:355:2 A form label must be associated with a control
https://svelte.dev/e/a11y_label_has_associated_control
353: 
354:   <div class="form-group header-form-group">
355:     <label>Header</label>
                              ^
356:     {#if isEditingHeader}
357:       <div class="header-edit-container">
23:38:53 [vite-plugin-svelte] src/routes/(admin)/admin/configuration/contact-emails/+page.svelte:415:4 `<div>` with a dragstart, dragover, dragleave, drop or dragend handler must have an ARIA role
https://svelte.dev/e/a11y_no_static_element_interactions
413:       {#if contactEmails.length > 0}
414:       {#each contactEmails as email, index (email.id)}
415:         <div 
                  ^
416:           class="email-item"
417:           class:dragging={draggedIndex === index}
23:38:53 [vite-plugin-svelte] src/routes/(admin)/admin/configuration/social-links/+page.svelte:399:5 `<div>` with a dragstart, dragover, dragleave, drop or dragend handler must have an ARIA role
https://svelte.dev/e/a11y_no_static_element_interactions
397:       {#if socialLinks.length > 0}
398:         {#each socialLinks as link, index (link.id)}
399:           <div 
                    ^
400:             class="link-item"
401:             class:inactive={!link.isActive}
23:38:53 [vite-plugin-svelte] src/routes/(admin)/admin/configuration/social-links/+page.svelte:446:10 A form label must be associated with a control
https://svelte.dev/e/a11y_label_has_associated_control
444: 
445:                   <div class="form-group">
446:                     <label>Icon</label>
                                            ^
447:                     <div class="icon-selection-section">
448:       <button 
23:38:53 [vite-plugin-svelte] src/routes/(admin)/admin/configuration/social-links/+page.svelte:602:6 A form label must be associated with a control
https://svelte.dev/e/a11y_label_has_associated_control
600: 
601:           <div class="form-group">
602:             <label>Icon</label>
                                    ^
603:             <div class="icon-selection-section">
604:               <button
23:38:53 [vite-plugin-svelte] src/routes/(admin)/admin/configuration/social-links/+page.svelte:822:1 Unused CSS selector ".default-icon"
https://svelte.dev/e/css_unused_selector
820:   }
821:   
822:   .default-icon {
                    ^
823:     opacity: 0.7;
824:   }
23:38:53 [vite-plugin-svelte] src/routes/(admin)/admin/configuration/social-links/+page.svelte:1114:2 Unused CSS selector ".header-content"
https://svelte.dev/e/css_unused_selector
1112:     }
1113: 
1114:     .header-content {
                         ^
1115:       flex-direction: column;
1116:       align-items: flex-start;
23:38:53 [vite-plugin-svelte] src/routes/(admin)/admin/configuration/social-links/+page.svelte:1120:2 Unused CSS selector ".modal"
https://svelte.dev/e/css_unused_selector
1118:     }
1119: 
1120:     .modal {
                ^
1121:       width: 95%;
1122:       max-width: none;
23:38:53 [vite-plugin-svelte] src/routes/(admin)/admin/configuration/social-links/+page.svelte:1127:2 Unused CSS selector ".modal-overlay"
https://svelte.dev/e/css_unused_selector
1125:     }
1126: 
1127:     .modal-overlay {
                        ^
1128:       padding: 16px;
1129:       align-items: flex-start;
23:38:53 [vite-plugin-svelte] src/routes/(admin)/admin/configuration/social-links/+page.svelte:1133:2 Unused CSS selector ".modal-header"
https://svelte.dev/e/css_unused_selector
1131:     }
1132: 
1133:     .modal-header {
                       ^
1134:       padding: 16px 20px;
1135:     }
23:38:53 [vite-plugin-svelte] src/routes/(admin)/admin/configuration/social-links/+page.svelte:1137:2 Unused CSS selector ".modal-form"
https://svelte.dev/e/css_unused_selector
1135:     }
1136: 
1137:     .modal-form {
                     ^
1138:       padding: 20px;
1139:     }
23:38:53 [vite-plugin-svelte] src/routes/(admin)/admin/configuration/social-links/+page.svelte:1184:2 Unused CSS selector ".page-header"
https://svelte.dev/e/css_unused_selector
1182: 
1183:   @media (max-width: 480px) {
1184:     .page-header {
                      ^
1185:       margin-bottom: 24px;
1186:     }
23:38:53 [vite-plugin-svelte] src/routes/(admin)/admin/configuration/social-links/+page.svelte:1188:2 Unused CSS selector ".header-text h1"
https://svelte.dev/e/css_unused_selector
1186:     }
1187: 
1188:     .header-text h1 {
                         ^
1189:       font-size: 24px;
1190:     }
23:38:53 [vite-plugin-svelte] src/routes/(admin)/admin/configuration/social-links/+page.svelte:1192:2 Unused CSS selector ".header-text p"
https://svelte.dev/e/css_unused_selector
1190:     }
1191: 
1192:     .header-text p {
                        ^
1193:       font-size: 14px;
1194:     }
23:38:53 [vite-plugin-svelte] src/routes/(admin)/admin/configuration/social-links/+page.svelte:1196:2 Unused CSS selector ".add-button"
https://svelte.dev/e/css_unused_selector
1194:     }
1195: 
1196:     .add-button {
                     ^
1197:       padding: 10px 16px;
1198:       font-size: 14px;
23:38:53 [vite-plugin-svelte] src/routes/(admin)/admin/configuration/social-links/+page.svelte:1201:2 Unused CSS selector ".modal"
https://svelte.dev/e/css_unused_selector
1199:     }
1200: 
1201:     .modal {
                ^
1202:       width: 100%;
1203:       margin: 8px;
23:38:53 [vite-plugin-svelte] src/routes/(admin)/admin/configuration/social-links/+page.svelte:1207:2 Unused CSS selector ".modal-overlay"
https://svelte.dev/e/css_unused_selector
1205:     }
1206: 
1207:     .modal-overlay {
                        ^
1208:       padding: 8px;
1209:     }
23:38:53 [vite-plugin-svelte] src/routes/(admin)/admin/configuration/social-links/+page.svelte:1211:2 Unused CSS selector ".modal-header"
https://svelte.dev/e/css_unused_selector
1209:     }
1210: 
1211:     .modal-header {
                       ^
1212:       padding: 16px;
1213:     }
23:38:53 [vite-plugin-svelte] src/routes/(admin)/admin/configuration/social-links/+page.svelte:1215:2 Unused CSS selector ".modal-form"
https://svelte.dev/e/css_unused_selector
1213:     }
1214: 
1215:     .modal-form {
                     ^
1216:       padding: 16px;
1217:     }
23:38:53 [vite-plugin-svelte] src/routes/(admin)/admin/configuration/themes/+page.svelte:843:7 A form label must be associated with a control
https://svelte.dev/e/a11y_label_has_associated_control
841:             <div class="editor-section-static-body">
842:             <div class="form-group">
843:               <label>Theme Name *</label>
                                              ^
844:               <input
845:                 type="text"
23:38:53 [vite-plugin-svelte] src/routes/(admin)/admin/configuration/themes/+page.svelte:852:6 A form label must be associated with a control
https://svelte.dev/e/a11y_label_has_associated_control
850:             </div>
851:           <div class="form-group">
852:             <label>Description</label>
                                           ^
853:             <textarea
854:               class="form-input"
23:38:53 [vite-plugin-svelte] src/routes/(admin)/admin/configuration/themes/+page.svelte:890:8 A form label must be associated with a control
https://svelte.dev/e/a11y_label_has_associated_control
888:             <div class="color-grid">
889:               <div class="color-input">
890:                 <label>Primary</label>
                                           ^
891:                 <div class="color-picker-wrapper">
892:                   <input type="color" bind:value={formData.primaryColor} />
23:38:53 [vite-plugin-svelte] src/routes/(admin)/admin/configuration/themes/+page.svelte:897:8 A form label must be associated with a control
https://svelte.dev/e/a11y_label_has_associated_control
895:               </div>
896:               <div class="color-input">
897:                 <label>Secondary</label>
                                             ^
898:                 <div class="color-picker-wrapper">
899:                   <input type="color" bind:value={formData.secondaryColor} />
23:38:53 [vite-plugin-svelte] src/routes/(admin)/admin/configuration/themes/+page.svelte:904:8 A form label must be associated with a control
https://svelte.dev/e/a11y_label_has_associated_control
902:               </div>
903:               <div class="color-input">
904:                 <label>Accent</label>
                                          ^
905:                 <div class="color-picker-wrapper">
906:                   <input type="color" bind:value={formData.accentColor} />
23:38:53 [vite-plugin-svelte] src/routes/(admin)/admin/configuration/themes/+page.svelte:911:8 A form label must be associated with a control
https://svelte.dev/e/a11y_label_has_associated_control
909:               </div>
910:               <div class="color-input">
911:                 <label>Background</label>
                                              ^
912:                 <div class="color-picker-wrapper">
913:                   <input type="color" bind:value={formData.backgroundColor} />
23:38:53 [vite-plugin-svelte] src/routes/(admin)/admin/configuration/themes/+page.svelte:918:8 A form label must be associated with a control
https://svelte.dev/e/a11y_label_has_associated_control
916:               </div>
917:               <div class="color-input">
918:                 <label>Surface</label>
                                           ^
919:                 <div class="color-picker-wrapper">
920:                   <input type="color" bind:value={formData.surfaceColor} />
23:38:53 [vite-plugin-svelte] src/routes/(admin)/admin/configuration/themes/+page.svelte:925:8 A form label must be associated with a control
https://svelte.dev/e/a11y_label_has_associated_control
923:               </div>
924:               <div class="color-input">
925:                 <label>Border</label>
                                          ^
926:                 <div class="color-picker-wrapper">
927:                   <input type="color" bind:value={formData.borderColor} />
23:38:53 [vite-plugin-svelte] src/routes/(admin)/admin/configuration/themes/+page.svelte:932:8 A form label must be associated with a control
https://svelte.dev/e/a11y_label_has_associated_control
930:               </div>
931:               <div class="color-input">
932:                 <label>Text Primary</label>
                                                ^
933:                 <div class="color-picker-wrapper">
934:                   <input type="color" bind:value={formData.textPrimary} />
23:38:53 [vite-plugin-svelte] src/routes/(admin)/admin/configuration/themes/+page.svelte:939:8 A form label must be associated with a control
https://svelte.dev/e/a11y_label_has_associated_control
937:               </div>
938:               <div class="color-input">
939:                 <label>Text Secondary</label>
                                                  ^
940:                 <div class="color-picker-wrapper">
941:                   <input type="color" bind:value={formData.textSecondary} />
23:38:53 [vite-plugin-svelte] src/routes/(admin)/admin/configuration/themes/+page.svelte:946:8 A form label must be associated with a control
https://svelte.dev/e/a11y_label_has_associated_control
944:               </div>
945:               <div class="color-input">
946:                 <label>Text Muted</label>
                                              ^
947:                 <div class="color-picker-wrapper">
948:                   <input type="color" bind:value={formData.textMuted} />
23:38:53 [vite-plugin-svelte] src/routes/(admin)/admin/configuration/themes/+page.svelte:984:7 A form label must be associated with a control
https://svelte.dev/e/a11y_label_has_associated_control
982:             <div class="editor-accordion-content">
983:             <div class="form-group">
984:               <label>Background Image</label>
                                                  ^
985:               {#if formData.backgroundImage}
986:                 <div class="image-preview-container">
23:38:53 [vite-plugin-svelte] src/routes/(admin)/admin/configuration/themes/+page.svelte:1007:8 A form label must be associated with a control
https://svelte.dev/e/a11y_label_has_associated_control
1005:             <div class="form-row">
1006:               <div class="form-group">
1007:                 <label>Position</label>
                                             ^
1008:                 <select class="form-input" bind:value={formData.backgroundPosition}>
1009:                   <option value="center center">Center</option>
23:38:53 [vite-plugin-svelte] src/routes/(admin)/admin/configuration/themes/+page.svelte:1017:8 A form label must be associated with a control
https://svelte.dev/e/a11y_label_has_associated_control
1015:               </div>
1016:               <div class="form-group">
1017:                 <label>Size</label>
                                         ^
1018:                 <select class="form-input" bind:value={formData.backgroundSize}>
1019:                   <option value="cover">Cover</option>
23:38:53 [vite-plugin-svelte] src/routes/(admin)/admin/configuration/themes/+page.svelte:1025:8 A form label must be associated with a control
https://svelte.dev/e/a11y_label_has_associated_control
1023:               </div>
1024:               <div class="form-group">
1025:                 <label>Attachment</label>
                                               ^
1026:                 <select class="form-input" bind:value={formData.backgroundAttachment}>
1027:                   <option value="fixed">Fixed</option>
23:38:53 [vite-plugin-svelte] src/routes/(admin)/admin/configuration/themes/+page.svelte:1084:8 A form label must be associated with a control
https://svelte.dev/e/a11y_label_has_associated_control
1082:             <div class="form-row">
1083:               <div class="form-group font-scale-group">
1084:                 <label>Font Scale</label>
                                               ^
1085:                 <div class="font-scale-controls">
1086:                   <input
23:38:53 [vite-plugin-svelte] src/routes/(admin)/admin/configuration/themes/+page.svelte:1140:8 A form label must be associated with a control
https://svelte.dev/e/a11y_label_has_associated_control
1138:             <div class="form-row">
1139:               <div class="form-group">
1140:                 <label>Main window radius</label>
                                                       ^
1141:                 <select class="form-input" bind:value={formData.borderRadius}>
1142:                   <option value="0px">None (0px)</option>
23:38:53 [vite-plugin-svelte] src/routes/(admin)/admin/configuration/themes/+page.svelte:1151:8 A form label must be associated with a control
https://svelte.dev/e/a11y_label_has_associated_control
1149:               </div>
1150:               <div class="form-group">
1151:                 <label>Widget box radius</label>
                                                      ^
1152:                 <select class="form-input" bind:value={formData.widgetBorderRadius}>
1153:                   <option value="0px">None (0px)</option>
23:38:53 [vite-plugin-svelte] src/routes/(admin)/admin/configuration/themes/+page.svelte:1556:4 `<div>` with a dragstart, dragover, dragleave, drop or dragend handler must have an ARIA role
https://svelte.dev/e/a11y_no_static_element_interactions
1554:           </h3>
1555:           {#each visibleThemes as theme, index (theme.id)}
1556:         <div 
                   ^
1557:           class="theme-card"
1558:           class:dragging={draggedIndex === index}
23:38:53 [vite-plugin-svelte] src/routes/(admin)/admin/configuration/themes/+page.svelte:1674:6 `<div>` with a dragstart, dragover, dragleave, drop or dragend handler must have an ARIA role
https://svelte.dev/e/a11y_no_static_element_interactions
1672:           </h3>
1673:           {#each invisibleThemes as theme, index (theme.id)}
1674:             <div 
                       ^
1675:               class="theme-card"
1676:               class:dragging={draggedIndex === (visibleThemes.length + index)}
23:38:53 [vite-plugin-svelte] src/routes/(admin)/admin/configuration/twitter/+page.svelte:733:1 Unused CSS selector ".spinning"
https://svelte.dev/e/css_unused_selector
731:   }
732: 
733:   .spinning {
                ^
734:     animation: spin 1s linear infinite;
735:   }
23:38:53 [vite-plugin-svelte] src/routes/(admin)/admin/projects/+page.svelte:390:1 Visible, non-interactive elements with a click event must be accompanied by a keyboard event handler. Consider whether an interactive element such as `<button type="button">` or `<a>` might be more appropriate
https://svelte.dev/e/a11y_click_events_have_key_events
388: 
389: {#if showCategoryManager}
390:   <div class="category-manager-overlay" onclick={handleCategoryManagerClose}>
             ^
391:     <div class="category-manager-container" onclick={(e) => e.stopPropagation()}>
392:       <ProjectCategoryManager on:close={handleCategoryManagerClose} />
23:38:53 [vite-plugin-svelte] src/routes/(admin)/admin/projects/+page.svelte:390:1 `<div>` with a click handler must have an ARIA role
https://svelte.dev/e/a11y_no_static_element_interactions
388: 
389: {#if showCategoryManager}
390:   <div class="category-manager-overlay" onclick={handleCategoryManagerClose}>
             ^
391:     <div class="category-manager-container" onclick={(e) => e.stopPropagation()}>
392:       <ProjectCategoryManager on:close={handleCategoryManagerClose} />
23:38:53 [vite-plugin-svelte] src/routes/(admin)/admin/projects/+page.svelte:391:2 Visible, non-interactive elements with a click event must be accompanied by a keyboard event handler. Consider whether an interactive element such as `<button type="button">` or `<a>` might be more appropriate
https://svelte.dev/e/a11y_click_events_have_key_events
389: {#if showCategoryManager}
390:   <div class="category-manager-overlay" onclick={handleCategoryManagerClose}>
391:     <div class="category-manager-container" onclick={(e) => e.stopPropagation()}>
               ^
392:       <ProjectCategoryManager on:close={handleCategoryManagerClose} />
393:     </div>
23:38:53 [vite-plugin-svelte] src/routes/(admin)/admin/projects/+page.svelte:391:2 `<div>` with a click handler must have an ARIA role
https://svelte.dev/e/a11y_no_static_element_interactions
389: {#if showCategoryManager}
390:   <div class="category-manager-overlay" onclick={handleCategoryManagerClose}>
391:     <div class="category-manager-container" onclick={(e) => e.stopPropagation()}>
               ^
392:       <ProjectCategoryManager on:close={handleCategoryManagerClose} />
393:     </div>
23:38:53 [vite-plugin-svelte] src/routes/(admin)/admin/projects/+page.svelte:398:1 Visible, non-interactive elements with a click event must be accompanied by a keyboard event handler. Consider whether an interactive element such as `<button type="button">` or `<a>` might be more appropriate
https://svelte.dev/e/a11y_click_events_have_key_events
396: 
397: {#if showTagManager}
398:   <div class="category-manager-overlay" onclick={() => showTagManager = false}>
             ^
399:     <div class="category-manager-container" onclick={(e) => e.stopPropagation()}>
400:       <ProjectTagManager on:close={() => showTagManager = false} />
23:38:53 [vite-plugin-svelte] src/routes/(admin)/admin/projects/+page.svelte:398:1 `<div>` with a click handler must have an ARIA role
https://svelte.dev/e/a11y_no_static_element_interactions
396: 
397: {#if showTagManager}
398:   <div class="category-manager-overlay" onclick={() => showTagManager = false}>
             ^
399:     <div class="category-manager-container" onclick={(e) => e.stopPropagation()}>
400:       <ProjectTagManager on:close={() => showTagManager = false} />
23:38:53 [vite-plugin-svelte] src/routes/(admin)/admin/projects/+page.svelte:399:2 Visible, non-interactive elements with a click event must be accompanied by a keyboard event handler. Consider whether an interactive element such as `<button type="button">` or `<a>` might be more appropriate
https://svelte.dev/e/a11y_click_events_have_key_events
397: {#if showTagManager}
398:   <div class="category-manager-overlay" onclick={() => showTagManager = false}>
399:     <div class="category-manager-container" onclick={(e) => e.stopPropagation()}>
               ^
400:       <ProjectTagManager on:close={() => showTagManager = false} />
401:     </div>
23:38:53 [vite-plugin-svelte] src/routes/(admin)/admin/projects/+page.svelte:399:2 `<div>` with a click handler must have an ARIA role
https://svelte.dev/e/a11y_no_static_element_interactions
397: {#if showTagManager}
398:   <div class="category-manager-overlay" onclick={() => showTagManager = false}>
399:     <div class="category-manager-container" onclick={(e) => e.stopPropagation()}>
               ^
400:       <ProjectTagManager on:close={() => showTagManager = false} />
401:     </div>
23:38:53 [vite-plugin-svelte] src/routes/(admin)/admin/settings/+page.svelte:658:1 Visible, non-interactive elements with a click event must be accompanied by a keyboard event handler. Consider whether an interactive element such as `<button type="button">` or `<a>` might be more appropriate
https://svelte.dev/e/a11y_click_events_have_key_events
656: <!-- Add API Key Modal -->
657: {#if showAddModal}
658:   <div class="modal-overlay" onclick={closeAddModal}>
             ^
659:     <div class="modal" onclick={(e) => e.stopPropagation()}>
660:       <div class="modal-header">
23:38:53 [vite-plugin-svelte] src/routes/(admin)/admin/settings/+page.svelte:658:1 `<div>` with a click handler must have an ARIA role
https://svelte.dev/e/a11y_no_static_element_interactions
656: <!-- Add API Key Modal -->
657: {#if showAddModal}
658:   <div class="modal-overlay" onclick={closeAddModal}>
             ^
659:     <div class="modal" onclick={(e) => e.stopPropagation()}>
660:       <div class="modal-header">
23:38:53 [vite-plugin-svelte] src/routes/(admin)/admin/settings/+page.svelte:659:2 Visible, non-interactive elements with a click event must be accompanied by a keyboard event handler. Consider whether an interactive element such as `<button type="button">` or `<a>` might be more appropriate
https://svelte.dev/e/a11y_click_events_have_key_events
657: {#if showAddModal}
658:   <div class="modal-overlay" onclick={closeAddModal}>
659:     <div class="modal" onclick={(e) => e.stopPropagation()}>
               ^
660:       <div class="modal-header">
661:         <h2>Create API Key</h2>
23:38:53 [vite-plugin-svelte] src/routes/(admin)/admin/settings/+page.svelte:659:2 `<div>` with a click handler must have an ARIA role
https://svelte.dev/e/a11y_no_static_element_interactions
657: {#if showAddModal}
658:   <div class="modal-overlay" onclick={closeAddModal}>
659:     <div class="modal" onclick={(e) => e.stopPropagation()}>
               ^
660:       <div class="modal-header">
661:         <h2>Create API Key</h2>
23:38:53 [vite-plugin-svelte] src/routes/(admin)/admin/settings/+page.svelte:733:2 Visible, non-interactive elements with a click event must be accompanied by a keyboard event handler. Consider whether an interactive element such as `<button type="button">` or `<a>` might be more appropriate
https://svelte.dev/e/a11y_click_events_have_key_events
731: {#if showNewKeyModal && newlyCreatedKey}
732:   <div class="modal-overlay">
733:     <div class="modal modal-key-display" onclick={(e) => e.stopPropagation()}>
               ^
734:       <div class="modal-header">
735:         <h2>API Key Created</h2>
23:38:53 [vite-plugin-svelte] src/routes/(admin)/admin/settings/+page.svelte:733:2 `<div>` with a click handler must have an ARIA role
https://svelte.dev/e/a11y_no_static_element_interactions
731: {#if showNewKeyModal && newlyCreatedKey}
732:   <div class="modal-overlay">
733:     <div class="modal modal-key-display" onclick={(e) => e.stopPropagation()}>
               ^
734:       <div class="modal-header">
735:         <h2>API Key Created</h2>
23:38:53 [vite-plugin-svelte] src/routes/(admin)/admin/settings/+page.svelte:1359:1 Unused CSS selector ".modal-small"
https://svelte.dev/e/css_unused_selector
1357:   }
1358: 
1359:   .modal-small {
                    ^
1360:     max-width: 400px;
1361:   }
23:38:53 [vite-plugin-svelte] src/routes/(admin)/admin/settings/+page.svelte:1402:1 Unused CSS selector ".modal-content"
https://svelte.dev/e/css_unused_selector
1400:   }
1401: 
1402:   .modal-content {
                      ^
1403:     padding: 24px;
1404:   }
23:38:53 [vite-plugin-svelte] src/routes/(admin)/admin/settings/+page.svelte:1406:1 Unused CSS selector ".modal-content p"
https://svelte.dev/e/css_unused_selector
1404:   }
1405: 
1406:   .modal-content p {
                        ^
1407:     margin: 0 0 12px 0;
1408:     color: var(--text-primary, #ffffff);
23:38:53 [vite-plugin-svelte] src/routes/(admin)/admin/settings/+page.svelte:1413:1 Unused CSS selector ".warning-text"
https://svelte.dev/e/css_unused_selector
1411:   }
1412: 
1413:   .warning-text {
                     ^
1414:     color: #ef4444 !important;
1415:     font-size: 13px !important;
23:38:53 [vite-plugin-svelte] src/routes/(admin)/admin/settings/+page.svelte:1472:1 Unused CSS selector ".delete-button"
https://svelte.dev/e/css_unused_selector
1470:   .cancel-button,
1471:   .save-button,
1472:   .delete-button {
                      ^
1473:     padding: 10px 20px;
1474:     border: none;
23:38:53 [vite-plugin-svelte] src/routes/(admin)/admin/settings/+page.svelte:1508:1 Unused CSS selector ".delete-button"
https://svelte.dev/e/css_unused_selector
1506:   }
1507: 
1508:   .delete-button {
                      ^
1509:     background: #ef4444;
1510:     color: #ffffff;
23:38:53 [vite-plugin-svelte] src/routes/(admin)/admin/settings/+page.svelte:1513:1 Unused CSS selector ".delete-button:hover:not(:disabled)"
https://svelte.dev/e/css_unused_selector
1511:   }
1512: 
1513:   .delete-button:hover:not(:disabled) {
                                           ^
1514:     background: #dc2626;
1515:   }
23:38:53 [vite-plugin-svelte] src/routes/(admin)/admin/users/+page.svelte:334:1 Visible, non-interactive elements with a click event must be accompanied by a keyboard event handler. Consider whether an interactive element such as `<button type="button">` or `<a>` might be more appropriate
https://svelte.dev/e/a11y_click_events_have_key_events
332: <!-- Add User Modal -->
333: {#if showAddModal}
334:   <div class="modal-overlay" onclick={closeAddModal}>
             ^
335:     <div class="modal" onclick={(e) => e.stopPropagation()}>
336:       <div class="modal-header">
23:38:53 [vite-plugin-svelte] src/routes/(admin)/admin/users/+page.svelte:334:1 `<div>` with a click handler must have an ARIA role
https://svelte.dev/e/a11y_no_static_element_interactions
332: <!-- Add User Modal -->
333: {#if showAddModal}
334:   <div class="modal-overlay" onclick={closeAddModal}>
             ^
335:     <div class="modal" onclick={(e) => e.stopPropagation()}>
336:       <div class="modal-header">
23:38:53 [vite-plugin-svelte] src/routes/(admin)/admin/users/+page.svelte:335:2 Visible, non-interactive elements with a click event must be accompanied by a keyboard event handler. Consider whether an interactive element such as `<button type="button">` or `<a>` might be more appropriate
https://svelte.dev/e/a11y_click_events_have_key_events
333: {#if showAddModal}
334:   <div class="modal-overlay" onclick={closeAddModal}>
335:     <div class="modal" onclick={(e) => e.stopPropagation()}>
               ^
336:       <div class="modal-header">
337:         <div class="modal-header-content">
23:38:53 [vite-plugin-svelte] src/routes/(admin)/admin/users/+page.svelte:335:2 `<div>` with a click handler must have an ARIA role
https://svelte.dev/e/a11y_no_static_element_interactions
333: {#if showAddModal}
334:   <div class="modal-overlay" onclick={closeAddModal}>
335:     <div class="modal" onclick={(e) => e.stopPropagation()}>
               ^
336:       <div class="modal-header">
337:         <div class="modal-header-content">
23:38:53 [vite-plugin-svelte] src/routes/(admin)/admin/users/+page.svelte:411:1 Visible, non-interactive elements with a click event must be accompanied by a keyboard event handler. Consider whether an interactive element such as `<button type="button">` or `<a>` might be more appropriate
https://svelte.dev/e/a11y_click_events_have_key_events
409: <!-- Edit User Modal -->
410: {#if showEditModal && selectedUser}
411:   <div class="modal-overlay" onclick={closeEditModal}>
             ^
412:     <div class="modal" onclick={(e) => e.stopPropagation()}>
413:       <div class="modal-header">
23:38:53 [vite-plugin-svelte] src/routes/(admin)/admin/users/+page.svelte:411:1 `<div>` with a click handler must have an ARIA role
https://svelte.dev/e/a11y_no_static_element_interactions
409: <!-- Edit User Modal -->
410: {#if showEditModal && selectedUser}
411:   <div class="modal-overlay" onclick={closeEditModal}>
             ^
412:     <div class="modal" onclick={(e) => e.stopPropagation()}>
413:       <div class="modal-header">
23:38:53 [vite-plugin-svelte] src/routes/(admin)/admin/users/+page.svelte:412:2 Visible, non-interactive elements with a click event must be accompanied by a keyboard event handler. Consider whether an interactive element such as `<button type="button">` or `<a>` might be more appropriate
https://svelte.dev/e/a11y_click_events_have_key_events
410: {#if showEditModal && selectedUser}
411:   <div class="modal-overlay" onclick={closeEditModal}>
412:     <div class="modal" onclick={(e) => e.stopPropagation()}>
               ^
413:       <div class="modal-header">
414:         <h2>Edit User</h2>
23:38:53 [vite-plugin-svelte] src/routes/(admin)/admin/users/+page.svelte:412:2 `<div>` with a click handler must have an ARIA role
https://svelte.dev/e/a11y_no_static_element_interactions
410: {#if showEditModal && selectedUser}
411:   <div class="modal-overlay" onclick={closeEditModal}>
412:     <div class="modal" onclick={(e) => e.stopPropagation()}>
               ^
413:       <div class="modal-header">
414:         <h2>Edit User</h2>
23:38:53 [vite-plugin-svelte] src/routes/(admin)/admin/users/+page.svelte:884:1 Unused CSS selector ".modal-small"
https://svelte.dev/e/css_unused_selector
882:   }
883: 
884:   .modal-small {
                   ^
885:     max-width: 400px;
886:   }
23:38:53 [vite-plugin-svelte] src/routes/(admin)/admin/users/+page.svelte:948:1 Unused CSS selector ".modal-content"
https://svelte.dev/e/css_unused_selector
946:   }
947: 
948:   .modal-content {
                     ^
949:     padding: 24px;
950:   }
23:38:53 [vite-plugin-svelte] src/routes/(admin)/admin/users/+page.svelte:952:1 Unused CSS selector ".modal-content p"
https://svelte.dev/e/css_unused_selector
950:   }
951: 
952:   .modal-content p {
                       ^
953:     margin: 0 0 12px 0;
954:     color: var(--text-primary, #ffffff);
23:38:53 [vite-plugin-svelte] src/routes/(admin)/admin/users/+page.svelte:959:1 Unused CSS selector ".modal-content p:last-child"
https://svelte.dev/e/css_unused_selector
957:   }
958: 
959:   .modal-content p:last-child {
                                  ^
960:     margin-bottom: 0;
961:   }
23:38:53 [vite-plugin-svelte] src/routes/(admin)/admin/users/+page.svelte:963:1 Unused CSS selector ".warning-text"
https://svelte.dev/e/css_unused_selector
961:   }
962: 
963:   .warning-text {
                    ^
964:     color: #ef4444 !important;
965:     font-size: 13px !important;
23:38:53 [vite-plugin-svelte] src/routes/(admin)/admin/users/+page.svelte:1299:1 Unused CSS selector ".delete-button"
https://svelte.dev/e/css_unused_selector
1297:   .cancel-button,
1298:   .save-button,
1299:   .delete-button {
                      ^
1300:     padding: 10px 20px;
1301:     border: none;
23:38:53 [vite-plugin-svelte] src/routes/(admin)/admin/users/+page.svelte:1327:1 Unused CSS selector ".delete-button"
https://svelte.dev/e/css_unused_selector
1325:   }
1326: 
1327:   .delete-button {
                      ^
1328:     background: #ef4444;
1329:     color: #ffffff;
23:38:53 [vite-plugin-svelte] src/routes/(admin)/admin/users/+page.svelte:1332:1 Unused CSS selector ".delete-button:hover:not(:disabled)"
https://svelte.dev/e/css_unused_selector
1330:   }
1331: 
1332:   .delete-button:hover:not(:disabled) {
                                           ^
1333:     background: #dc2626;
1334:   }
23:38:53 [vite-plugin-svelte] src/routes/(admin)/admin/users/+page.svelte:1338:1 Unused CSS selector ".delete-button:disabled"
https://svelte.dev/e/css_unused_selector
1336:   .cancel-button:disabled,
1337:   .save-button:disabled,
1338:   .delete-button:disabled {
                               ^
1339:     opacity: 0.5;
1340:     cursor: not-allowed;
23:38:53 [vite-plugin-svelte] src/routes/(site)/+page.svelte:642:1 Unused CSS selector ".feature-cards"
https://svelte.dev/e/css_unused_selector
640: 
641: 
642:   .feature-cards {
                     ^
643:     display: grid;
644:     grid-template-columns: repeat(auto-fit, minmax(200px, 1fr));
23:38:53 [vite-plugin-svelte] src/routes/(site)/+page.svelte:690:2 Unused CSS selector ".feature-cards"
https://svelte.dev/e/css_unused_selector
688:     }
689:     
690:     .feature-cards {
                       ^
691:       grid-template-columns: 1fr;
692:     }
23:38:53 [vite-plugin-svelte] src/routes/(site)/projects/+page.svelte:496:1 Unused CSS selector ".action-button svg"
https://svelte.dev/e/css_unused_selector
494:   }
495: 
496:   .action-button svg,
                         ^
497:   .action-button img {
498:     flex-shrink: 0;
23:38:53 [vite-plugin-svelte] src/routes/(site)/projects/[categoryId]/+page.svelte:476:1 Unused CSS selector ".action-button svg"
https://svelte.dev/e/css_unused_selector
474:   }
475: 
476:   .action-button svg,
                         ^
477:   .action-button img {
478:     flex-shrink: 0;
23:38:53 [vite-plugin-svelte] src/lib/admin/components/ui/FileUpload.svelte:464:1 Unused CSS selector ".upload-icon"
https://svelte.dev/e/css_unused_selector
462:   }
463: 
464:   .upload-icon {
                   ^
465:     color: var(--text-secondary, #9ca3af);
466:   }
23:38:53 [vite-plugin-svelte] src/lib/admin/components/ui/FileUpload.svelte:468:1 Unused CSS selector ".upload-icon.spinning"
https://svelte.dev/e/css_unused_selector
466:   }
467: 
468:   .upload-icon.spinning {
                            ^
469:     animation: spin 1s linear infinite;
470:   }
23:38:53 [vite-plugin-svelte] src/lib/admin/components/ui/FileUpload.svelte:543:1 Unused CSS selector ".url-icon"
https://svelte.dev/e/css_unused_selector
541:   }
542: 
543:   .url-icon {
                ^
544:     color: var(--text-secondary, #9ca3af);
545:     flex-shrink: 0;
23:38:53 [vite-plugin-svelte] src/lib/admin/components/ui/FileUpload.svelte:587:1 Unused CSS selector ".url-submit-button .spinning"
https://svelte.dev/e/css_unused_selector
585:   }
586: 
587:   .url-submit-button .spinning {
                                   ^
588:     animation: spin 1s linear infinite;
589:   }
23:38:53 [vite-plugin-svelte] src/lib/admin/components/ui/FileUpload.svelte:616:1 Unused CSS selector ".file-info svg"
https://svelte.dev/e/css_unused_selector
614:   }
615: 
616:   .file-info svg {
                     ^
617:     color: var(--text-secondary, #9ca3af);
618:     flex-shrink: 0;
23:38:53 [vite-plugin-svelte] src/lib/admin/components/ui/UnifiedIconPicker.svelte:301:3 Visible, non-interactive elements with a click event must be accompanied by a keyboard event handler. Consider whether an interactive element such as `<button type="button">` or `<a>` might be more appropriate
https://svelte.dev/e/a11y_click_events_have_key_events
299:     {#if isOpen}
300:       <div class="dropdown-overlay" onclick={(e) => { e.preventDefault(); e.stopPropagation(); if (!showCustomInputs) closeDropdown(e); }} role="button" tabindex="0" onkeydown={(e) => { e.preventDefault(); e.stopPropagation(); if (e.key === 'Escape') closeDropdown(e); }}></div>
301:       <form class="dropdown" class:show-custom-inputs={showCustomInputs} onclick={(e) => { e.preventDefault(); e.stopPropagation(); }} onsubmit={(e) => { e.preventDefault(); e.stopPropagation(); return false; }}>
                  ^
302:         <div class="dropdown-header">
303:           <div class="search-container">
23:38:53 [vite-plugin-svelte] src/lib/admin/components/ui/UnifiedIconPicker.svelte:301:3 Non-interactive element `<form>` should not be assigned mouse or keyboard event listeners
https://svelte.dev/e/a11y_no_noninteractive_element_interactions
299:     {#if isOpen}
300:       <div class="dropdown-overlay" onclick={(e) => { e.preventDefault(); e.stopPropagation(); if (!showCustomInputs) closeDropdown(e); }} role="button" tabindex="0" onkeydown={(e) => { e.preventDefault(); e.stopPropagation(); if (e.key === 'Escape') closeDropdown(e); }}></div>
301:       <form class="dropdown" class:show-custom-inputs={showCustomInputs} onclick={(e) => { e.preventDefault(); e.stopPropagation(); }} onsubmit={(e) => { e.preventDefault(); e.stopPropagation(); return false; }}>
                  ^
302:         <div class="dropdown-header">
303:           <div class="search-container">
23:38:53 [vite-plugin-svelte] src/lib/admin/components/ui/UnifiedIconPicker.svelte:403:8 A form label must be associated with a control
https://svelte.dev/e/a11y_label_has_associated_control
401:             {#if customInputType === 'svg'}
402:               <div class="custom-input-group">
403:                 <label>SVG URL</label>
                                           ^
404:                 <input 
405:                   type="url" 
23:38:53 [vite-plugin-svelte] src/lib/admin/components/ui/UnifiedIconPicker.svelte:414:8 A form label must be associated with a control
https://svelte.dev/e/a11y_label_has_associated_control
412:             {:else}
413:               <div class="custom-input-group">
414:                 <label>Custom Text</label>
                                               ^
415:                 <input 
416:                   type="text" 
23:38:53 [vite-plugin-svelte] src/lib/admin/components/ui/UnifiedIconPicker.svelte:605:1 Unused CSS selector ".search-icon"
https://svelte.dev/e/css_unused_selector
603:   }
604: 
605:   .search-icon {
                   ^
606:     position: absolute;
607:     left: 12px;
23:38:53 [vite-plugin-svelte] src/lib/admin/components/ProjectEditor.svelte:921:2 Visible, non-interactive elements with a click event must be accompanied by a keyboard event handler. Consider whether an interactive element such as `<button type="button">` or `<a>` might be more appropriate
https://svelte.dev/e/a11y_click_events_have_key_events
919: 
920:   {#if showCategoryManager}
921:     <div class="category-manager-overlay" onclick={handleCategoryManagerClose}>
               ^
922:       <div class="category-manager-container" onclick={(e) => e.stopPropagation()}>
923:         <ProjectCategoryManager on:close={handleCategoryManagerClose} />
23:38:53 [vite-plugin-svelte] src/lib/admin/components/ProjectEditor.svelte:921:2 `<div>` with a click handler must have an ARIA role
https://svelte.dev/e/a11y_no_static_element_interactions
919: 
920:   {#if showCategoryManager}
921:     <div class="category-manager-overlay" onclick={handleCategoryManagerClose}>
               ^
922:       <div class="category-manager-container" onclick={(e) => e.stopPropagation()}>
923:         <ProjectCategoryManager on:close={handleCategoryManagerClose} />
23:38:53 [vite-plugin-svelte] src/lib/admin/components/ProjectEditor.svelte:922:3 Visible, non-interactive elements with a click event must be accompanied by a keyboard event handler. Consider whether an interactive element such as `<button type="button">` or `<a>` might be more appropriate
https://svelte.dev/e/a11y_click_events_have_key_events
920:   {#if showCategoryManager}
921:     <div class="category-manager-overlay" onclick={handleCategoryManagerClose}>
922:       <div class="category-manager-container" onclick={(e) => e.stopPropagation()}>
                 ^
923:         <ProjectCategoryManager on:close={handleCategoryManagerClose} />
924:       </div>
23:38:53 [vite-plugin-svelte] src/lib/admin/components/ProjectEditor.svelte:922:3 `<div>` with a click handler must have an ARIA role
https://svelte.dev/e/a11y_no_static_element_interactions
920:   {#if showCategoryManager}
921:     <div class="category-manager-overlay" onclick={handleCategoryManagerClose}>
922:       <div class="category-manager-container" onclick={(e) => e.stopPropagation()}>
                 ^
923:         <ProjectCategoryManager on:close={handleCategoryManagerClose} />
924:       </div>
23:38:53 [vite-plugin-svelte] src/lib/admin/components/ProjectEditor.svelte:929:2 Visible, non-interactive elements with a click event must be accompanied by a keyboard event handler. Consider whether an interactive element such as `<button type="button">` or `<a>` might be more appropriate
https://svelte.dev/e/a11y_click_events_have_key_events
927: 
928:   {#if showTagManager}
929:     <div class="category-manager-overlay" onclick={handleTagManagerClose}>
               ^
930:       <div class="category-manager-container" onclick={(e) => e.stopPropagation()}>
931:         <ProjectTagManager on:close={handleTagManagerClose} on:tagsUpdated={handleTagsUpdated} />
23:38:53 [vite-plugin-svelte] src/lib/admin/components/ProjectEditor.svelte:929:2 `<div>` with a click handler must have an ARIA role
https://svelte.dev/e/a11y_no_static_element_interactions
927: 
928:   {#if showTagManager}
929:     <div class="category-manager-overlay" onclick={handleTagManagerClose}>
               ^
930:       <div class="category-manager-container" onclick={(e) => e.stopPropagation()}>
931:         <ProjectTagManager on:close={handleTagManagerClose} on:tagsUpdated={handleTagsUpdated} />
23:38:53 [vite-plugin-svelte] src/lib/admin/components/ProjectEditor.svelte:930:3 Visible, non-interactive elements with a click event must be accompanied by a keyboard event handler. Consider whether an interactive element such as `<button type="button">` or `<a>` might be more appropriate
https://svelte.dev/e/a11y_click_events_have_key_events
928:   {#if showTagManager}
929:     <div class="category-manager-overlay" onclick={handleTagManagerClose}>
930:       <div class="category-manager-container" onclick={(e) => e.stopPropagation()}>
                 ^
931:         <ProjectTagManager on:close={handleTagManagerClose} on:tagsUpdated={handleTagsUpdated} />
932:       </div>
23:38:53 [vite-plugin-svelte] src/lib/admin/components/ProjectEditor.svelte:930:3 `<div>` with a click handler must have an ARIA role
https://svelte.dev/e/a11y_no_static_element_interactions
928:   {#if showTagManager}
929:     <div class="category-manager-overlay" onclick={handleTagManagerClose}>
930:       <div class="category-manager-container" onclick={(e) => e.stopPropagation()}>
                 ^
931:         <ProjectTagManager on:close={handleTagManagerClose} on:tagsUpdated={handleTagsUpdated} />
932:       </div>
23:38:53 [vite-plugin-svelte] src/lib/admin/components/ProjectCategoryManager.svelte:223:4 `<div>` with a dragstart, dragover, dragleave, drop or dragend handler must have an ARIA role
https://svelte.dev/e/a11y_no_static_element_interactions
221:     <div class="categories-list">
222:       {#each categories as category, index (category.id)}
223:         <div
                 ^
224:           class="category-item"
225:           class:dragging={draggedIndex === index}
23:38:53 [vite-plugin-svelte] src/lib/admin/components/ProjectCategoryManager.svelte:265:2 Visible, non-interactive elements with a click event must be accompanied by a keyboard event handler. Consider whether an interactive element such as `<button type="button">` or `<a>` might be more appropriate
https://svelte.dev/e/a11y_click_events_have_key_events
263: 
264:   {#if showAddForm}
265:     <div class="modal-overlay" onclick={cancelEdit}>
               ^
266:       <div class="modal" onclick={(e) => e.stopPropagation()}>
267:         <div class="modal-header">
23:38:53 [vite-plugin-svelte] src/lib/admin/components/ProjectCategoryManager.svelte:265:2 `<div>` with a click handler must have an ARIA role
https://svelte.dev/e/a11y_no_static_element_interactions
263: 
264:   {#if showAddForm}
265:     <div class="modal-overlay" onclick={cancelEdit}>
               ^
266:       <div class="modal" onclick={(e) => e.stopPropagation()}>
267:         <div class="modal-header">
23:38:53 [vite-plugin-svelte] src/lib/admin/components/ProjectCategoryManager.svelte:266:3 Visible, non-interactive elements with a click event must be accompanied by a keyboard event handler. Consider whether an interactive element such as `<button type="button">` or `<a>` might be more appropriate
https://svelte.dev/e/a11y_click_events_have_key_events
264:   {#if showAddForm}
265:     <div class="modal-overlay" onclick={cancelEdit}>
266:       <div class="modal" onclick={(e) => e.stopPropagation()}>
                 ^
267:         <div class="modal-header">
268:           <h3>{editingCategory ? 'Edit Category' : 'Add Category'}</h3>
23:38:53 [vite-plugin-svelte] src/lib/admin/components/ProjectCategoryManager.svelte:266:3 `<div>` with a click handler must have an ARIA role
https://svelte.dev/e/a11y_no_static_element_interactions
264:   {#if showAddForm}
265:     <div class="modal-overlay" onclick={cancelEdit}>
266:       <div class="modal" onclick={(e) => e.stopPropagation()}>
                 ^
267:         <div class="modal-header">
268:           <h3>{editingCategory ? 'Edit Category' : 'Add Category'}</h3>
23:38:53 [vite-plugin-svelte] src/lib/admin/components/ProjectTagManager.svelte:372:2 Visible, non-interactive elements with a click event must be accompanied by a keyboard event handler. Consider whether an interactive element such as `<button type="button">` or `<a>` might be more appropriate
https://svelte.dev/e/a11y_click_events_have_key_events
370: 
371:   {#if showAddForm}
372:     <div class="modal-overlay" onclick={cancelEdit}>
               ^
373:       <div class="modal" onclick={(e) => e.stopPropagation()}>
374:         <div class="modal-header">
23:38:53 [vite-plugin-svelte] src/lib/admin/components/ProjectTagManager.svelte:372:2 `<div>` with a click handler must have an ARIA role
https://svelte.dev/e/a11y_no_static_element_interactions
370: 
371:   {#if showAddForm}
372:     <div class="modal-overlay" onclick={cancelEdit}>
               ^
373:       <div class="modal" onclick={(e) => e.stopPropagation()}>
374:         <div class="modal-header">
23:38:53 [vite-plugin-svelte] src/lib/admin/components/ProjectTagManager.svelte:373:3 Visible, non-interactive elements with a click event must be accompanied by a keyboard event handler. Consider whether an interactive element such as `<button type="button">` or `<a>` might be more appropriate
https://svelte.dev/e/a11y_click_events_have_key_events
371:   {#if showAddForm}
372:     <div class="modal-overlay" onclick={cancelEdit}>
373:       <div class="modal" onclick={(e) => e.stopPropagation()}>
                 ^
374:         <div class="modal-header">
375:           <h3>{editingTag ? 'Edit Tag' : 'Add Tag'}</h3>
23:38:53 [vite-plugin-svelte] src/lib/admin/components/ProjectTagManager.svelte:373:3 `<div>` with a click handler must have an ARIA role
https://svelte.dev/e/a11y_no_static_element_interactions
371:   {#if showAddForm}
372:     <div class="modal-overlay" onclick={cancelEdit}>
373:       <div class="modal" onclick={(e) => e.stopPropagation()}>
                 ^
374:         <div class="modal-header">
375:           <h3>{editingTag ? 'Edit Tag' : 'Add Tag'}</h3>
23:38:53 [vite-plugin-svelte] src/lib/admin/components/CountryPieChart.svelte:452:6 `<path>` with a mouseenter, mouseleave or mousemove handler must have an ARIA role
https://svelte.dev/e/a11y_no_static_element_interactions
450:           <!-- Pie chart segments -->
451:           {#each segments as segment}
452:             <path
                   ^
453:               d={createArcPath(segment.startAngle, segment.endAngle, radius, innerRadius)}
454:               fill={segment.color}
23:38:53 [vite-plugin-svelte] src/lib/admin/components/CountryPieChart.svelte:458:7 Using `on:mouseenter` to listen to the mouseenter event is deprecated. Use the event attribute `onmouseenter` instead
https://svelte.dev/e/event_directive_deprecated
456:               stroke-width="2"
457:               class="pie-segment"
458:               on:mouseenter={(e) => showTooltip(e, segment)}
                                                                 ^
459:               on:mouseleave={hideTooltip}
460:               on:mousemove={handleTooltipMove}
23:38:53 [vite-plugin-svelte] src/lib/admin/components/CountryPieChart.svelte:459:7 Using `on:mouseleave` to listen to the mouseleave event is deprecated. Use the event attribute `onmouseleave` instead
https://svelte.dev/e/event_directive_deprecated
457:               class="pie-segment"
458:               on:mouseenter={(e) => showTooltip(e, segment)}
459:               on:mouseleave={hideTooltip}
                                              ^
460:               on:mousemove={handleTooltipMove}
461:               on:touchstart={(e) => {
23:38:53 [vite-plugin-svelte] src/lib/admin/components/CountryPieChart.svelte:460:7 Using `on:mousemove` to listen to the mousemove event is deprecated. Use the event attribute `onmousemove` instead
https://svelte.dev/e/event_directive_deprecated
458:               on:mouseenter={(e) => showTooltip(e, segment)}
459:               on:mouseleave={hideTooltip}
460:               on:mousemove={handleTooltipMove}
                                                   ^
461:               on:touchstart={(e) => {
462:                 e.preventDefault();
23:38:53 [vite-plugin-svelte] src/lib/admin/components/CountryPieChart.svelte:461:7 Using `on:touchstart` to listen to the touchstart event is deprecated. Use the event attribute `ontouchstart` instead
https://svelte.dev/e/event_directive_deprecated
459:               on:mouseleave={hideTooltip}
460:               on:mousemove={handleTooltipMove}
461:               on:touchstart={(e) => {
                     ^
462:                 e.preventDefault();
463:                 showTooltip(e, segment);
23:38:53 [vite-plugin-svelte] src/lib/admin/components/CountryPieChart.svelte:465:7 Using `on:touchend` to listen to the touchend event is deprecated. Use the event attribute `ontouchend` instead
https://svelte.dev/e/event_directive_deprecated
463:                 showTooltip(e, segment);
464:               }}
465:               on:touchend={hideTooltip}
                                            ^
466:             />
467:           {/each}
23:38:53 [vite-plugin-svelte] src/lib/admin/components/CountryPieChart.svelte:486:5 `<div>` with a mouseenter, mouseleave or mousemove handler must have an ARIA role
https://svelte.dev/e/a11y_no_static_element_interactions
484:         <!-- Country flags -->
485:         {#each flagPositions as flag}
486:           <div
                   ^
487:             class="flag-item"
488:             style="
23:38:53 [vite-plugin-svelte] src/lib/admin/components/CountryPieChart.svelte:500:6 Using `on:mouseenter` to listen to the mouseenter event is deprecated. Use the event attribute `onmouseenter` instead
https://svelte.dev/e/event_directive_deprecated
498:               z-index: 10;
499:             "
500:             on:mouseenter={(e) => showTooltip(e, flag)}
                                                            ^
501:             on:mouseleave={hideTooltip}
502:             on:mousemove={handleTooltipMove}
23:38:53 [vite-plugin-svelte] src/lib/admin/components/CountryPieChart.svelte:501:6 Using `on:mouseleave` to listen to the mouseleave event is deprecated. Use the event attribute `onmouseleave` instead
https://svelte.dev/e/event_directive_deprecated
499:             "
500:             on:mouseenter={(e) => showTooltip(e, flag)}
501:             on:mouseleave={hideTooltip}
                                            ^
502:             on:mousemove={handleTooltipMove}
503:             on:touchstart={(e) => {
23:38:53 [vite-plugin-svelte] src/lib/admin/components/CountryPieChart.svelte:502:6 Using `on:mousemove` to listen to the mousemove event is deprecated. Use the event attribute `onmousemove` instead
https://svelte.dev/e/event_directive_deprecated
500:             on:mouseenter={(e) => showTooltip(e, flag)}
501:             on:mouseleave={hideTooltip}
502:             on:mousemove={handleTooltipMove}
                                                 ^
503:             on:touchstart={(e) => {
504:               e.preventDefault();
23:38:53 [vite-plugin-svelte] src/lib/admin/components/CountryPieChart.svelte:503:6 Using `on:touchstart` to listen to the touchstart event is deprecated. Use the event attribute `ontouchstart` instead
https://svelte.dev/e/event_directive_deprecated
501:             on:mouseleave={hideTooltip}
502:             on:mousemove={handleTooltipMove}
503:             on:touchstart={(e) => {
                   ^
504:               e.preventDefault();
505:               showTooltip(e, flag);
23:38:53 [vite-plugin-svelte] src/lib/admin/components/CountryPieChart.svelte:507:6 Using `on:touchend` to listen to the touchend event is deprecated. Use the event attribute `ontouchend` instead
https://svelte.dev/e/event_directive_deprecated
505:               showTooltip(e, flag);
506:             }}
507:             on:touchend={hideTooltip}
                                          ^
508:           >
509:             <span class="fi fi-{flag.flag}"></span>
23:38:53 [vite-plugin-svelte] src/lib/admin/components/VisitorTrendsChart.svelte:295:5 `<circle>` with a mouseenter or mouseleave handler must have an ARIA role
https://svelte.dev/e/a11y_no_static_element_interactions
293:       <g class="data-points">
294:         {#each chartData as point, i}
295:           <circle
                 ^
296:             cx={scaleX(i)}
297:             cy={scaleY(point.visitors)}
23:38:53 [vite-plugin-svelte] src/lib/admin/components/VisitorTrendsChart.svelte:313:5 `<circle>` with a mouseenter or mouseleave handler must have an ARIA role
https://svelte.dev/e/a11y_no_static_element_interactions
311: 
312:           <!-- Views point -->
313:           <circle
                 ^
314:             cx={scaleX(i)}
315:             cy={scaleY(point.views)}
23:38:53 [vite-plugin-svelte] src/lib/admin/components/AdminEmojiPicker.svelte:259:1 Visible, non-interactive elements with a click event must be accompanied by a keyboard event handler. Consider whether an interactive element such as `<button type="button">` or `<a>` might be more appropriate
https://svelte.dev/e/a11y_click_events_have_key_events
257: 
258: {#if isOpen}
259:   <div 
            ^
260:     class="emoji-picker-overlay" 
261:     bind:this={overlayElement} 
23:38:53 [vite-plugin-svelte] src/lib/admin/components/AdminEmojiPicker.svelte:288:1 Visible, non-interactive elements with a click event must be accompanied by a keyboard event handler. Consider whether an interactive element such as `<button type="button">` or `<a>` might be more appropriate
https://svelte.dev/e/a11y_click_events_have_key_events
286:     tabindex="-1"
287:   ></div>
288:   <div class="emoji-picker" bind:this={pickerElement} onclick={(e) => {
             ^
289:     e.stopPropagation();
290:     e.preventDefault();
23:38:53 [vite-plugin-svelte] src/lib/admin/components/AdminEmojiPicker.svelte:288:1 `<div>` with a click or mousedown handler must have an ARIA role
https://svelte.dev/e/a11y_no_static_element_interactions
286:     tabindex="-1"
287:   ></div>
288:   <div class="emoji-picker" bind:this={pickerElement} onclick={(e) => {
             ^
289:     e.stopPropagation();
290:     e.preventDefault();
23:38:53 [vite-plugin-svelte] src/lib/admin/components/AdminEmojiPicker.svelte:303:2 Visible, non-interactive elements with a click event must be accompanied by a keyboard event handler. Consider whether an interactive element such as `<button type="button">` or `<a>` might be more appropriate
https://svelte.dev/e/a11y_click_events_have_key_events
301: 
302:     <!-- Category Tabs -->
303:     <div class="picker-tabs" onclick={(e) => e.stopPropagation()} onmousedown={(e) => e.stopPropagation()}>
               ^
304:       <button
305:         class="picker-tab"
23:38:53 [vite-plugin-svelte] src/lib/admin/components/AdminEmojiPicker.svelte:303:2 `<div>` with a click or mousedown handler must have an ARIA role
https://svelte.dev/e/a11y_no_static_element_interactions
301: 
302:     <!-- Category Tabs -->
303:     <div class="picker-tabs" onclick={(e) => e.stopPropagation()} onmousedown={(e) => e.stopPropagation()}>
               ^
304:       <button
305:         class="picker-tab"
23:38:53 [vite-plugin-svelte] src/lib/admin/components/AdminEmojiPicker.svelte:503:1 Unused CSS selector ".emoji-picker ~ .emoji-picker-overlay"
https://svelte.dev/e/css_unused_selector
501:   }
502:   
503:   .emoji-picker ~ .emoji-picker-overlay {
                                            ^
504:     pointer-events: none;
505:   }
23:38:53 [vite-plugin-svelte] src/lib/site/components/EmojiPicker.svelte:269:1 Visible, non-interactive elements with a click event must be accompanied by a keyboard event handler. Consider whether an interactive element such as `<button type="button">` or `<a>` might be more appropriate
https://svelte.dev/e/a11y_click_events_have_key_events
267: 
268: {#if isOpen}
269:   <div class="emoji-picker-overlay" bind:this={overlayElement} onclick={handleOverlayClick} role="button" tabindex="-1"></div>
                                                                                                                                   ^
270:   <div class="emoji-picker" bind:this={pickerElement} onclick={(e) => e.stopPropagation()}>
271:     <div class="win95-titlebar">
23:38:53 [vite-plugin-svelte] src/lib/site/components/EmojiPicker.svelte:270:1 Visible, non-interactive elements with a click event must be accompanied by a keyboard event handler. Consider whether an interactive element such as `<button type="button">` or `<a>` might be more appropriate
https://svelte.dev/e/a11y_click_events_have_key_events
268: {#if isOpen}
269:   <div class="emoji-picker-overlay" bind:this={overlayElement} onclick={handleOverlayClick} role="button" tabindex="-1"></div>
270:   <div class="emoji-picker" bind:this={pickerElement} onclick={(e) => e.stopPropagation()}>
             ^
271:     <div class="win95-titlebar">
272:       <div class="titlebar-icon">☺</div>
23:38:53 [vite-plugin-svelte] src/lib/site/components/EmojiPicker.svelte:270:1 `<div>` with a click handler must have an ARIA role
https://svelte.dev/e/a11y_no_static_element_interactions
268: {#if isOpen}
269:   <div class="emoji-picker-overlay" bind:this={overlayElement} onclick={handleOverlayClick} role="button" tabindex="-1"></div>
270:   <div class="emoji-picker" bind:this={pickerElement} onclick={(e) => e.stopPropagation()}>
             ^
271:     <div class="win95-titlebar">
272:       <div class="titlebar-icon">☺</div>
23:38:53 [vite-plugin-svelte] src/lib/site/components/EmojiPicker.svelte:597:1 Unused CSS selector ".win95-menubar"
https://svelte.dev/e/css_unused_selector
595:   }
596: 
597:   .win95-menubar {
                     ^
598:     display: flex;
599:     height: 22px;
23:38:53 [vite-plugin-svelte] src/lib/site/components/EmojiPicker.svelte:607:1 Unused CSS selector ".menu-item"
https://svelte.dev/e/css_unused_selector
605:   }
606: 
607:   .menu-item {
                 ^
608:     padding: 3px 10px;
609:     cursor: default;
23:38:53 [vite-plugin-svelte] src/lib/site/components/EmojiPicker.svelte:615:1 Unused CSS selector ".menu-item:hover"
https://svelte.dev/e/css_unused_selector
613:   }
614: 
615:   .menu-item:hover {
                       ^
616:     background: #1a3a5a;
617:     color: #ffffff;
✓ 4187 modules transformed.
rendering chunks...
computing gzip size...
.svelte-kit/output/client/_app/version.json                                         0.03 kB │ gzip:   0.05 kB
.svelte-kit/output/client/_app/immutable/assets/gu.SbvrH0uZ.svg                     4.19 kB │ gzip:   1.76 kB
.svelte-kit/output/client/_app/immutable/assets/gu.Di1JYREk.svg                     4.33 kB │ gzip:   1.84 kB
.svelte-kit/output/client/_app/immutable/assets/sz.D39eIL5d.svg                     4.63 kB │ gzip:   1.92 kB
.svelte-kit/output/client/_app/immutable/assets/sz.qxMwa2gs.svg                     4.66 kB │ gzip:   1.92 kB
.svelte-kit/output/client/_app/immutable/assets/kg.B0FsxZiL.svg                     4.74 kB │ gzip:   1.92 kB
.svelte-kit/output/client/_app/immutable/assets/kg.CjfitMyT.svg                     4.79 kB │ gzip:   1.95 kB
.svelte-kit/output/client/_app/immutable/assets/gq.Cag8QTk2.svg                     4.94 kB │ gzip:   2.02 kB
.svelte-kit/output/client/_app/immutable/assets/gq.CPnMO1hT.svg                     5.07 kB │ gzip:   2.12 kB
.svelte-kit/output/client/_app/immutable/assets/zm.D8B-0kdx.svg                     5.31 kB │ gzip:   2.25 kB
.svelte-kit/output/client/_app/immutable/assets/nf.DGrQb42O.svg                     5.37 kB │ gzip:   2.37 kB
.svelte-kit/output/client/_app/immutable/assets/zm.BmsW91ne.svg                     5.42 kB │ gzip:   2.27 kB
.svelte-kit/output/client/_app/immutable/assets/cy.bZuP8hmf.svg                     5.47 kB │ gzip:   2.37 kB
.svelte-kit/output/client/_app/immutable/assets/cy.DJKnEFYW.svg                     5.51 kB │ gzip:   2.42 kB
.svelte-kit/output/client/_app/immutable/assets/nf.Dl00mlk2.svg                     5.56 kB │ gzip:   2.46 kB
.svelte-kit/output/client/_app/immutable/assets/ki.p_fAQGbS.svg                     5.63 kB │ gzip:   1.64 kB
.svelte-kit/output/client/_app/immutable/assets/ki.fuIMkEYQ.svg                     5.81 kB │ gzip:   1.70 kB
.svelte-kit/output/client/_app/immutable/assets/ms.DxciGbUu.svg                     5.83 kB │ gzip:   2.55 kB
.svelte-kit/output/client/_app/immutable/assets/ms.B-w7hFKu.svg                     5.91 kB │ gzip:   2.50 kB
.svelte-kit/output/client/_app/immutable/assets/zw.CSuuaw9K.svg                     6.17 kB │ gzip:   2.46 kB
.svelte-kit/output/client/_app/immutable/assets/zw.U0m7oJ5e.svg                     6.19 kB │ gzip:   2.49 kB
.svelte-kit/output/client/_app/immutable/assets/br.Dr5rMAMb.svg                     6.75 kB │ gzip:   2.21 kB
.svelte-kit/output/client/_app/immutable/assets/tc.CJHJmJj1.svg                     7.09 kB │ gzip:   2.99 kB
.svelte-kit/output/client/_app/immutable/assets/kz.CwKXYZ8s.svg                     7.09 kB │ gzip:   2.92 kB
.svelte-kit/output/client/_app/immutable/assets/kz.Dkyx6q-p.svg                     7.10 kB │ gzip:   2.91 kB
.svelte-kit/output/client/_app/immutable/assets/tc.dtelpZmc.svg                     7.12 kB │ gzip:   2.99 kB
.svelte-kit/output/client/_app/immutable/assets/kh.BeWfuE30.svg                     7.12 kB │ gzip:   2.72 kB
.svelte-kit/output/client/_app/immutable/assets/kh.BBvObpUS.svg                     7.12 kB │ gzip:   2.74 kB
.svelte-kit/output/client/_app/immutable/assets/br.Cu5YU29T.svg                     7.14 kB │ gzip:   2.41 kB
.svelte-kit/output/client/_app/immutable/assets/li.CHdhvNcr.svg                     7.32 kB │ gzip:   2.96 kB
.svelte-kit/output/client/_app/immutable/assets/li.CMlf0YU8.svg                     7.34 kB │ gzip:   2.97 kB
.svelte-kit/output/client/_app/immutable/assets/xk.Cdz2uTvR.svg                     7.74 kB │ gzip:   3.05 kB
.svelte-kit/output/client/_app/immutable/assets/pt.DZ2ADgIR.svg                     8.00 kB │ gzip:   3.25 kB
.svelte-kit/output/client/_app/immutable/assets/xk.Bj15g7cp.svg                     8.27 kB │ gzip:   3.26 kB
.svelte-kit/output/client/_app/immutable/assets/pt.BTevY6N2.svg                     8.37 kB │ gzip:   3.27 kB
.svelte-kit/output/client/_app/immutable/assets/vi.BSdsyIxY.svg                     8.45 kB │ gzip:   3.55 kB
.svelte-kit/output/client/_app/immutable/assets/vi.BC_zcciE.svg                     8.52 kB │ gzip:   3.59 kB
.svelte-kit/output/client/_app/immutable/assets/eg.YC70hswZ.svg                     8.73 kB │ gzip:   3.55 kB
.svelte-kit/output/client/_app/immutable/assets/eg.DwOkwyQ0.svg                     8.74 kB │ gzip:   3.57 kB
.svelte-kit/output/client/_app/immutable/assets/aw.W0PWLK5p.svg                     9.00 kB │ gzip:   1.67 kB
.svelte-kit/output/client/_app/immutable/assets/gb-wls.CK0XlKT-.svg                 9.01 kB │ gzip:   4.03 kB
.svelte-kit/output/client/_app/immutable/assets/gb-wls.Bxz9hxvX.svg                 9.10 kB │ gzip:   4.14 kB
.svelte-kit/output/client/_app/immutable/assets/im.-VPIqfkF.svg                     9.13 kB │ gzip:   3.51 kB
.svelte-kit/output/client/_app/immutable/assets/im.Dd9p-0-T.svg                     9.70 kB │ gzip:   3.81 kB
.svelte-kit/output/client/_app/immutable/assets/sa.DnlyVVKx.svg                     9.85 kB │ gzip:   4.19 kB
.svelte-kit/output/client/_app/immutable/assets/sa.Dh79zbT9.svg                     9.97 kB │ gzip:   4.25 kB
.svelte-kit/output/client/_app/immutable/assets/vg.ClZ-0KpG.svg                    10.00 kB │ gzip:   4.14 kB
.svelte-kit/output/client/_app/immutable/assets/vg.C7xY6pic.svg                    10.02 kB │ gzip:   4.14 kB
.svelte-kit/output/client/_app/immutable/assets/aw.CLCX8uk5.svg                    10.36 kB │ gzip:   1.79 kB
.svelte-kit/output/client/_app/immutable/assets/lk.DUkgV9Tq.svg                    10.72 kB │ gzip:   4.46 kB
.svelte-kit/output/client/_app/immutable/assets/lk.DSQoDxn_.svg                    10.74 kB │ gzip:   4.46 kB
.svelte-kit/output/client/_app/immutable/assets/md.DRlxvNwm.svg                    11.13 kB │ gzip:   2.84 kB
.svelte-kit/output/client/_app/immutable/assets/md.DTi94M3M.svg                    11.24 kB │ gzip:   2.71 kB
.svelte-kit/output/client/_app/immutable/assets/sx.RKKs0ph6.svg                    12.16 kB │ gzip:   4.12 kB
.svelte-kit/output/client/_app/immutable/assets/sx.nDhIaDNb.svg                    12.21 kB │ gzip:   4.30 kB
.svelte-kit/output/client/_app/immutable/assets/mt.YDa8zgzO.svg                    12.71 kB │ gzip:   5.37 kB
.svelte-kit/output/client/_app/immutable/assets/ht.DIMg4gti.svg                    13.30 kB │ gzip:   4.75 kB
.svelte-kit/output/client/_app/immutable/assets/bn.B6T3O78g.svg                    13.34 kB │ gzip:   5.64 kB
.svelte-kit/output/client/_app/immutable/assets/pn.BPAlH32D.svg                    13.44 kB │ gzip:   4.93 kB
.svelte-kit/output/client/_app/immutable/assets/ht.pweRl6ZP.svg                    13.46 kB │ gzip:   4.82 kB
.svelte-kit/output/client/_app/immutable/assets/bn.CPQcA8Ol.svg                    13.47 kB │ gzip:   5.68 kB
.svelte-kit/output/client/_app/immutable/assets/pn.DgxdtieE.svg                    13.47 kB │ gzip:   4.98 kB
.svelte-kit/output/client/_app/immutable/assets/eac.CwGQsyAM.svg                   13.63 kB │ gzip:   4.81 kB
.svelte-kit/output/client/_app/immutable/assets/eac.h4QKADRE.svg                   13.64 kB │ gzip:   4.81 kB
.svelte-kit/output/client/_app/immutable/assets/mt.YqzKx9xl.svg                    13.93 kB │ gzip:   5.86 kB
.svelte-kit/output/client/_app/immutable/assets/ir.Q03Mij62.svg                    15.30 kB │ gzip:   2.28 kB
.svelte-kit/output/client/_app/immutable/assets/ir.cCIgaNf6.svg                    15.40 kB │ gzip:   2.24 kB
.svelte-kit/output/client/_app/immutable/assets/sm.BKrUHzrq.svg                    15.54 kB │ gzip:   5.35 kB
.svelte-kit/output/client/_app/immutable/assets/sm.DGBIRFB_.svg                    15.68 kB │ gzip:   5.27 kB
.svelte-kit/output/client/_app/immutable/assets/dm.Cbhezfe1.svg                    15.79 kB │ gzip:   3.08 kB
.svelte-kit/output/client/_app/immutable/assets/py.mNzh0mZC.svg                    16.18 kB │ gzip:   5.77 kB
.svelte-kit/output/client/_app/immutable/assets/dm.DPPHwW2M.svg                    16.27 kB │ gzip:   3.23 kB
.svelte-kit/output/client/_app/immutable/assets/py.BKi5dxWt.svg                    16.36 kB │ gzip:   5.84 kB
.svelte-kit/output/client/_app/immutable/assets/ni.CcFCSQxm.svg                    17.25 kB │ gzip:   5.36 kB
.svelte-kit/output/client/_app/immutable/assets/ni.BX2WCaNt.svg                    17.29 kB │ gzip:   5.43 kB
.svelte-kit/output/client/_app/immutable/assets/un.Bqg4Cbbh.svg                    18.70 kB │ gzip:   7.44 kB
.svelte-kit/output/client/_app/immutable/assets/af.Bc2fqp73.svg                    18.98 kB │ gzip:   7.68 kB
.svelte-kit/output/client/_app/immutable/assets/un.DabL4p35.svg                    19.00 kB │ gzip:   7.58 kB
.svelte-kit/output/client/_app/immutable/assets/af.C77Rf6cE.svg                    19.19 kB │ gzip:   7.76 kB
.svelte-kit/output/client/_app/immutable/assets/om.nN8zP2Bu.svg                    22.21 kB │ gzip:   4.38 kB
.svelte-kit/output/client/_app/immutable/assets/om.DcqxRdQL.svg                    22.22 kB │ gzip:   4.37 kB
.svelte-kit/output/client/_app/immutable/assets/gb-nir.D4gikpNq.svg                22.28 kB │ gzip:   5.97 kB
.svelte-kit/output/client/_app/immutable/assets/bm.DvNWWcPM.svg                    22.39 kB │ gzip:   7.17 kB
.svelte-kit/output/client/_app/immutable/assets/bm.BeYgB2z9.svg                    22.46 kB │ gzip:   7.18 kB
.svelte-kit/output/client/_app/immutable/assets/mp.CrOApEqW.svg                    22.57 kB │ gzip:   6.98 kB
.svelte-kit/output/client/_app/immutable/assets/io.BImhNBcd.svg                    22.72 kB │ gzip:   4.11 kB
.svelte-kit/output/client/_app/immutable/assets/dg.DqkWLbnk.svg                    22.72 kB │ gzip:   4.11 kB
.svelte-kit/output/client/_app/immutable/assets/mp.CuaQmCLf.svg                    22.80 kB │ gzip:   7.02 kB
.svelte-kit/output/client/_app/immutable/assets/io.13HOfeJD.svg                    23.02 kB │ gzip:   4.11 kB
.svelte-kit/output/client/_app/immutable/assets/dg.CJPJrjiZ.svg                    23.02 kB │ gzip:   4.11 kB
.svelte-kit/output/client/_app/immutable/assets/ky.BqaZHuhf.svg                    23.37 kB │ gzip:   8.57 kB
.svelte-kit/output/client/_app/immutable/assets/ky.Dpsu1myA.svg                    23.39 kB │ gzip:   8.56 kB
.svelte-kit/output/client/_app/immutable/assets/gb-nir.vEp1ZXy6.svg                23.92 kB │ gzip:   5.49 kB
.svelte-kit/output/client/_app/immutable/assets/fj.DEAVMg38.svg                    24.10 kB │ gzip:   9.09 kB
.svelte-kit/output/client/_app/immutable/assets/fj.u3dAPoew.svg                    24.14 kB │ gzip:   9.13 kB
.svelte-kit/output/client/_app/immutable/assets/arab.C4CYPgyC.svg                  24.43 kB │ gzip:   8.53 kB
.svelte-kit/output/client/_app/immutable/assets/bt.SxWnbWW0.svg                    24.50 kB │ gzip:   9.95 kB
.svelte-kit/output/client/_app/immutable/assets/arab.C-KgnQEz.svg                  24.59 kB │ gzip:   8.58 kB
.svelte-kit/output/client/_app/immutable/assets/bt.BTo4qm10.svg                    24.78 kB │ gzip:  10.09 kB
.svelte-kit/output/client/_app/immutable/assets/es-ga.D9xG2hYr.svg                 28.21 kB │ gzip:   6.26 kB
.svelte-kit/output/client/_app/immutable/assets/sh-ta.BFo5zkKU.svg                 28.29 kB │ gzip:  10.82 kB
.svelte-kit/output/client/_app/immutable/assets/es-ga.DXhVZ333.svg                 28.34 kB │ gzip:   6.26 kB
.svelte-kit/output/client/_app/immutable/assets/fk.B-RvQ4Hz.svg                    28.49 kB │ gzip:   8.83 kB
.svelte-kit/output/client/_app/immutable/assets/va.s7kyhqIM.svg                    28.66 kB │ gzip:   9.67 kB
.svelte-kit/output/client/_app/immutable/assets/va.B9-hqIE-.svg                    28.72 kB │ gzip:   9.68 kB
.svelte-kit/output/client/_app/immutable/assets/fk.nuUF_Ak3.svg                    28.74 kB │ gzip:   9.20 kB
.svelte-kit/output/client/_app/immutable/assets/sh-ta.CPJublpi.svg                 28.78 kB │ gzip:  11.03 kB
.svelte-kit/output/client/_app/immutable/assets/ec.CaVOFQ3t.svg                    28.78 kB │ gzip:   6.83 kB
.svelte-kit/output/client/_app/immutable/assets/ad.Blhdm5jl.svg                    29.14 kB │ gzip:  10.60 kB
.svelte-kit/output/client/_app/immutable/assets/ec.cwfBJlvF.svg                    29.35 kB │ gzip:   6.72 kB
.svelte-kit/output/client/_app/immutable/assets/as.Dekqy8Of.svg                    30.45 kB │ gzip:  11.46 kB
.svelte-kit/output/client/_app/immutable/assets/ad.B18i8NGa.svg                    30.51 kB │ gzip:  11.15 kB
.svelte-kit/output/client/_app/immutable/assets/hr.fzLfaANM.svg                    30.73 kB │ gzip:  13.14 kB
.svelte-kit/output/client/_app/immutable/assets/as.BTEVCXG-.svg                    30.98 kB │ gzip:  11.62 kB
.svelte-kit/output/client/_app/immutable/assets/hr.BpiVVBoV.svg                    31.28 kB │ gzip:  13.31 kB
.svelte-kit/output/client/_app/immutable/assets/gt.CJo5DI-7.svg                    31.35 kB │ gzip:  11.30 kB
.svelte-kit/output/client/_app/immutable/assets/gt.BLpn5qMn.svg                    31.35 kB │ gzip:  11.30 kB
.svelte-kit/output/client/_app/immutable/assets/gs.DiiNa0F5.svg                    31.50 kB │ gzip:  11.41 kB
.svelte-kit/output/client/_app/immutable/assets/gs.DOgYbHsY.svg                    31.92 kB │ gzip:  11.09 kB
.svelte-kit/output/client/_app/immutable/assets/je.DyWbhIiC.svg                    34.19 kB │ gzip:   9.81 kB
.svelte-kit/output/client/_app/immutable/assets/sh-hl.CgxUDvtv.svg                 34.78 kB │ gzip:  12.58 kB
.svelte-kit/output/client/_app/immutable/assets/je.vXe0Dr49.svg                    35.03 kB │ gzip:  10.03 kB
.svelte-kit/output/client/_app/immutable/assets/sh-hl.CqtQPzWZ.svg                 35.43 kB │ gzip:  12.88 kB
.svelte-kit/output/client/_app/immutable/assets/tm.DGBJvQay.svg                    38.22 kB │ gzip:  11.99 kB
.svelte-kit/output/client/_app/immutable/assets/tm.C_WSgUcv.svg                    38.35 kB │ gzip:  12.09 kB
.svelte-kit/output/client/_app/immutable/assets/do.B86d445t.svg                    40.35 kB │ gzip:  14.40 kB
.svelte-kit/output/client/_app/immutable/assets/do.DeRnbj4d.svg                    41.34 kB │ gzip:  14.76 kB
.svelte-kit/output/client/_app/immutable/assets/bz.BCKHR4_q.svg                    42.51 kB │ gzip:  15.61 kB
.svelte-kit/output/client/_app/immutable/assets/bz.CoBdB-p8.svg                    42.68 kB │ gzip:  15.60 kB
.svelte-kit/output/client/_app/immutable/assets/me.Cv4Gwqah.svg                    56.37 kB │ gzip:  21.28 kB
.svelte-kit/output/client/_app/immutable/assets/me.CfGorN3b.svg                    56.95 kB │ gzip:  21.57 kB
.svelte-kit/output/client/_app/immutable/assets/sv.CJIHhYwF.svg                    77.27 kB │ gzip:  21.83 kB
.svelte-kit/output/client/_app/immutable/assets/sv.RZ39q5hO.svg                    77.72 kB │ gzip:  22.08 kB
.svelte-kit/output/client/_app/immutable/assets/mx.CvCwYHGF.svg                    80.21 kB │ gzip:  27.77 kB
.svelte-kit/output/client/_app/immutable/assets/es.d5m8M5h8.svg                    80.96 kB │ gzip:  14.80 kB
.svelte-kit/output/client/_app/immutable/assets/es.BuSGTZm_.svg                    82.15 kB │ gzip:  15.47 kB
.svelte-kit/output/client/_app/immutable/assets/mx.Cc8Ccfe8.svg                    84.75 kB │ gzip:  29.50 kB
.svelte-kit/output/client/.vite/manifest.json                                      89.49 kB │ gzip:  10.23 kB
.svelte-kit/output/client/_app/immutable/assets/bo.CcUiMqkJ.svg                   102.88 kB │ gzip:  24.83 kB
.svelte-kit/output/client/_app/immutable/assets/bo.Dry0C6UA.svg                   104.73 kB │ gzip:  25.14 kB
.svelte-kit/output/client/_app/immutable/assets/sh-ac.D-aE2xRW.svg                140.52 kB │ gzip:  47.08 kB
.svelte-kit/output/client/_app/immutable/assets/sh-ac.FjwY7RYr.svg                143.37 kB │ gzip:  47.70 kB
.svelte-kit/output/client/_app/immutable/assets/rs.CnTO3ehk.svg                   181.48 kB │ gzip:  49.93 kB
.svelte-kit/output/client/_app/immutable/assets/rs.BfwKwXtn.svg                   181.63 kB │ gzip:  50.19 kB
.svelte-kit/output/client/_app/immutable/assets/0.B8yduxcJ.css                      0.04 kB │ gzip:   0.06 kB
.svelte-kit/output/client/_app/immutable/assets/5.BJHndz8d.css                      0.13 kB │ gzip:   0.10 kB
.svelte-kit/output/client/_app/immutable/assets/7.COuJDZqI.css                      0.47 kB │ gzip:   0.29 kB
.svelte-kit/output/client/_app/immutable/assets/BannerDisplay.CVrVTmQR.css          0.60 kB │ gzip:   0.28 kB
.svelte-kit/output/client/_app/immutable/assets/33.a8r7MZNd.css                     0.69 kB │ gzip:   0.39 kB
.svelte-kit/output/client/_app/immutable/assets/TypingHeader.BB8OIYc-.css           0.81 kB │ gzip:   0.41 kB
.svelte-kit/output/client/_app/immutable/assets/4.C75zxjQZ.css                      0.82 kB │ gzip:   0.38 kB
.svelte-kit/output/client/_app/immutable/assets/15.DsyDFNZt.css                     1.33 kB │ gzip:   0.55 kB
.svelte-kit/output/client/_app/immutable/assets/20.DTurLVWt.css                     1.36 kB │ gzip:   0.55 kB
.svelte-kit/output/client/_app/immutable/assets/19.OrSR1jnn.css                     1.37 kB │ gzip:   0.55 kB
.svelte-kit/output/client/_app/immutable/assets/Toggle.CD93Du-1.css                 2.13 kB │ gzip:   0.59 kB
.svelte-kit/output/client/_app/immutable/assets/38.wvnRgs6O.css                     2.69 kB │ gzip:   0.71 kB
.svelte-kit/output/client/_app/immutable/assets/ConfirmDialog.B_COSAPJ.css          2.86 kB │ gzip:   0.84 kB
.svelte-kit/output/client/_app/immutable/assets/SlideInPanel.BiobohW2.css           2.97 kB │ gzip:   0.92 kB
.svelte-kit/output/client/_app/immutable/assets/BorderedBox.BBKYDHgU.css            3.37 kB │ gzip:   0.89 kB
.svelte-kit/output/client/_app/immutable/assets/36.q5a7KFfF.css                     3.49 kB │ gzip:   0.97 kB
.svelte-kit/output/client/_app/immutable/assets/27.D6ZWge6f.css                     3.50 kB │ gzip:   1.10 kB
.svelte-kit/output/client/_app/immutable/assets/FileUpload.CPd4n-e2.css             3.62 kB │ gzip:   0.90 kB
.svelte-kit/output/client/_app/immutable/assets/Header.9FjE31ZY.css                 3.78 kB │ gzip:   1.13 kB
.svelte-kit/output/client/_app/immutable/assets/35.BXmpLDOm.css                     3.83 kB │ gzip:   1.03 kB
.svelte-kit/output/client/_app/immutable/assets/Tabs.BHZL2flA.css                   3.83 kB │ gzip:   0.87 kB
.svelte-kit/output/client/_app/immutable/assets/21.DfTehV7C.css                     4.58 kB │ gzip:   1.23 kB
.svelte-kit/output/client/_app/immutable/assets/3.DS9nRlXJ.css                      4.98 kB │ gzip:   1.29 kB
.svelte-kit/output/client/_app/immutable/assets/40.BJqpxECk.css                     5.00 kB │ gzip:   1.32 kB
.svelte-kit/output/client/_app/immutable/assets/39.C1aB4dkp.css                     5.07 kB │ gzip:   1.26 kB
.svelte-kit/output/client/_app/immutable/assets/14.BMZGJ-5f.css                     5.12 kB │ gzip:   1.34 kB
.svelte-kit/output/client/_app/immutable/assets/11.tujOZqWX.css                     5.38 kB │ gzip:   1.26 kB
.svelte-kit/output/client/_app/immutable/assets/37.xgDGiTnQ.css                     5.71 kB │ gzip:   1.39 kB
.svelte-kit/output/client/_app/immutable/assets/MarkdownEditor.D93SNUF-.css         6.60 kB │ gzip:   1.41 kB
.svelte-kit/output/client/_app/immutable/assets/18.B2wLZIQW.css                     6.72 kB │ gzip:   1.56 kB
.svelte-kit/output/client/_app/immutable/assets/16.C4TPZ0Fv.css                     7.35 kB │ gzip:   1.61 kB
.svelte-kit/output/client/_app/immutable/assets/24.5i2mcuD1.css                     8.09 kB │ gzip:   1.68 kB
.svelte-kit/output/client/_app/immutable/assets/17.IDOu_4xy.css                     8.56 kB │ gzip:   1.64 kB
.svelte-kit/output/client/_app/immutable/assets/23.Cmk-5N3r.css                     8.72 kB │ gzip:   1.66 kB
.svelte-kit/output/client/_app/immutable/assets/UnifiedIconPicker.cL-7Kboz.css      8.73 kB │ gzip:   1.79 kB
.svelte-kit/output/client/_app/immutable/assets/32.Cl_hVMaa.css                     9.42 kB │ gzip:   1.99 kB
.svelte-kit/output/client/_app/immutable/assets/22.CP9aKaoo.css                     9.82 kB │ gzip:   1.88 kB
.svelte-kit/output/client/_app/immutable/assets/9.C0YrKSll.css                     10.46 kB │ gzip:   2.04 kB
.svelte-kit/output/client/_app/immutable/assets/26.BI7cxHe2.css                    11.59 kB │ gzip:   2.29 kB
.svelte-kit/output/client/_app/immutable/assets/31.DDbTY3jT.css                    14.37 kB │ gzip:   2.48 kB
.svelte-kit/output/client/_app/immutable/assets/Toaster.DmSEAI_T.css               14.56 kB │ gzip:   3.02 kB
.svelte-kit/output/client/_app/immutable/assets/2.ekS6LwfL.css                     17.47 kB │ gzip:   3.23 kB
.svelte-kit/output/client/_app/immutable/assets/29.f7EXB9YP.css                    19.28 kB │ gzip:   3.43 kB
.svelte-kit/output/client/_app/immutable/assets/10.BYPUAM-Y.css                    22.48 kB │ gzip:   3.45 kB
.svelte-kit/output/client/_app/immutable/assets/25.DsvOf7tH.css                    26.94 kB │ gzip:   4.63 kB
.svelte-kit/output/client/_app/immutable/assets/8.BZ391U2X.css                     27.38 kB │ gzip:   4.44 kB
.svelte-kit/output/client/_app/immutable/assets/28.Cut5UPLe.css                    28.87 kB │ gzip:   3.88 kB
.svelte-kit/output/client/_app/immutable/assets/12.BYoFLwST.css                    30.24 kB │ gzip:   4.95 kB
.svelte-kit/output/client/_app/immutable/assets/6.B0E74Kty.css                     35.88 kB │ gzip:   6.51 kB
.svelte-kit/output/client/_app/immutable/assets/34.BCfHn-wB.css                    46.61 kB │ gzip:   7.32 kB
.svelte-kit/output/client/_app/immutable/assets/30.BlkIJCAr.css                   438.34 kB │ gzip:  87.85 kB
.svelte-kit/output/client/_app/immutable/chunks/Bt-Xh7oU.js                         0.03 kB │ gzip:   0.05 kB
.svelte-kit/output/client/_app/immutable/chunks/CZ-O1pk9.js                         0.04 kB │ gzip:   0.06 kB
.svelte-kit/output/client/_app/immutable/chunks/DsnmJJEf.js                         0.07 kB │ gzip:   0.08 kB
.svelte-kit/output/client/_app/immutable/entry/start.Ci3q7r4H.js                    0.08 kB │ gzip:   0.09 kB
.svelte-kit/output/client/_app/immutable/chunks/CqkleIqs.js                         0.12 kB │ gzip:   0.13 kB
.svelte-kit/output/client/_app/immutable/chunks/B_nTMKg0.js                         0.19 kB │ gzip:   0.18 kB
.svelte-kit/output/client/_app/immutable/chunks/DeXFz_Qi.js                         0.23 kB │ gzip:   0.16 kB
.svelte-kit/output/client/_app/immutable/chunks/1fBhNDCC.js                         0.23 kB │ gzip:   0.19 kB
.svelte-kit/output/client/_app/immutable/nodes/5.DIxcSneE.js                        0.24 kB │ gzip:   0.18 kB
.svelte-kit/output/client/_app/immutable/chunks/gdQ-Jq9J.js                         0.30 kB │ gzip:   0.22 kB
.svelte-kit/output/client/_app/immutable/chunks/x5g5jy7O.js                         0.34 kB │ gzip:   0.20 kB
.svelte-kit/output/client/_app/immutable/nodes/13.CizCyZSX.js                       0.37 kB │ gzip:   0.24 kB
.svelte-kit/output/client/_app/immutable/chunks/oSSibMZh.js                         0.43 kB │ gzip:   0.30 kB
.svelte-kit/output/client/_app/immutable/chunks/Am8nrhAQ.js                         0.50 kB │ gzip:   0.31 kB
.svelte-kit/output/client/_app/immutable/chunks/BpGV-lwG.js                         0.52 kB │ gzip:   0.33 kB
.svelte-kit/output/client/_app/immutable/nodes/1.CTW7f7kC.js                        0.59 kB │ gzip:   0.36 kB
.svelte-kit/output/client/_app/immutable/nodes/7.BC-vUpZt.js                        0.60 kB │ gzip:   0.36 kB
.svelte-kit/output/client/_app/immutable/chunks/DctYWxZp.js                         0.63 kB │ gzip:   0.41 kB
.svelte-kit/output/client/_app/immutable/chunks/fpIEbHwG.js                         0.67 kB │ gzip:   0.41 kB
.svelte-kit/output/client/_app/immutable/nodes/33.CxcvgJzp.js                       0.72 kB │ gzip:   0.40 kB
.svelte-kit/output/client/_app/immutable/chunks/ClBOwEz9.js                         0.84 kB │ gzip:   0.47 kB
.svelte-kit/output/client/_app/immutable/chunks/BlGIfKgp.js                         0.91 kB │ gzip:   0.51 kB
.svelte-kit/output/client/_app/immutable/chunks/BfA1hsqk.js                         0.92 kB │ gzip:   0.49 kB
.svelte-kit/output/client/_app/immutable/nodes/4.C5VZhjJr.js                        0.96 kB │ gzip:   0.52 kB
.svelte-kit/output/client/_app/immutable/chunks/DDN_qAq5.js                         0.97 kB │ gzip:   0.50 kB
.svelte-kit/output/client/_app/immutable/chunks/B78Nl24Q.js                         1.03 kB │ gzip:   0.54 kB
.svelte-kit/output/client/_app/immutable/chunks/dE9hxHf3.js                         1.06 kB │ gzip:   0.53 kB
.svelte-kit/output/client/_app/immutable/chunks/ptvYjdcq.js                         1.19 kB │ gzip:   0.51 kB
.svelte-kit/output/client/_app/immutable/chunks/PPVm8Dsz.js                         1.23 kB │ gzip:   0.71 kB
.svelte-kit/output/client/_app/immutable/chunks/C8gLuTe3.js                         1.26 kB │ gzip:   0.64 kB
.svelte-kit/output/client/_app/immutable/chunks/MDD0H8Xm.js                         1.32 kB │ gzip:   0.72 kB
.svelte-kit/output/client/_app/immutable/chunks/D0D3tzHc.js                         1.45 kB │ gzip:   0.80 kB
.svelte-kit/output/client/_app/immutable/chunks/D8iO0qsM.js                         1.77 kB │ gzip:   0.62 kB
.svelte-kit/output/client/_app/immutable/chunks/XE_1YFBi.js                         1.91 kB │ gzip:   1.00 kB
.svelte-kit/output/client/_app/immutable/chunks/CPSsL2Ji.js                         1.95 kB │ gzip:   1.02 kB
.svelte-kit/output/client/_app/immutable/chunks/DT5ZHW3i.js                         2.07 kB │ gzip:   0.58 kB
.svelte-kit/output/client/_app/immutable/chunks/BlYO94mP.js                         2.13 kB │ gzip:   1.03 kB
.svelte-kit/output/client/_app/immutable/chunks/BcsYRg2h.js                         2.52 kB │ gzip:   0.96 kB
.svelte-kit/output/client/_app/immutable/nodes/19.DY9fzKDC.js                       2.54 kB │ gzip:   1.23 kB
.svelte-kit/output/client/_app/immutable/chunks/NYo7tPAt.js                         2.63 kB │ gzip:   1.35 kB
.svelte-kit/output/client/_app/immutable/chunks/DORMEBst.js                         2.64 kB │ gzip:   1.35 kB
.svelte-kit/output/client/_app/immutable/chunks/BwwRwM4U.js                         2.64 kB │ gzip:   1.35 kB
.svelte-kit/output/client/_app/immutable/chunks/CBTwX2ez.js                         2.64 kB │ gzip:   1.35 kB
.svelte-kit/output/client/_app/immutable/chunks/CCw9eQmF.js                         2.64 kB │ gzip:   1.35 kB
.svelte-kit/output/client/_app/immutable/chunks/Cnkk3ph3.js                         2.65 kB │ gzip:   1.35 kB
.svelte-kit/output/client/_app/immutable/chunks/B908EKLc.js                         2.65 kB │ gzip:   1.35 kB
.svelte-kit/output/client/_app/immutable/chunks/Md6scLfC.js                         2.66 kB │ gzip:   1.36 kB
.svelte-kit/output/client/_app/immutable/chunks/BwYBr99F.js                         2.67 kB │ gzip:   1.36 kB
.svelte-kit/output/client/_app/immutable/chunks/fceI9ZDM.js                         2.67 kB │ gzip:   1.37 kB
.svelte-kit/output/client/_app/immutable/chunks/CJ-AxO1K.js                         2.69 kB │ gzip:   1.39 kB
.svelte-kit/output/client/_app/immutable/chunks/CwCVm3E3.js                         2.71 kB │ gzip:   1.40 kB
.svelte-kit/output/client/_app/immutable/chunks/BTeFFDBh.js                         2.71 kB │ gzip:   1.41 kB
.svelte-kit/output/client/_app/immutable/chunks/DX4iqIPu.js                         2.71 kB │ gzip:   1.38 kB
.svelte-kit/output/client/_app/immutable/chunks/DzFOUNrz.js                         2.72 kB │ gzip:   1.38 kB
.svelte-kit/output/client/_app/immutable/chunks/CKMKBzLC.js                         2.73 kB │ gzip:   1.39 kB
.svelte-kit/output/client/_app/immutable/chunks/D15wOVXK.js                         2.73 kB │ gzip:   1.40 kB
.svelte-kit/output/client/_app/immutable/chunks/25Qp8Bq3.js                         2.74 kB │ gzip:   1.42 kB
.svelte-kit/output/client/_app/immutable/chunks/DjGE6qkz.js                         2.74 kB │ gzip:   1.40 kB
.svelte-kit/output/client/_app/immutable/chunks/C5d8UZHF.js                         2.75 kB │ gzip:   1.42 kB
.svelte-kit/output/client/_app/immutable/chunks/DBAF3Gfm.js                         2.75 kB │ gzip:   1.42 kB
.svelte-kit/output/client/_app/immutable/chunks/B8XzxPvQ.js                         2.75 kB │ gzip:   1.40 kB
.svelte-kit/output/client/_app/immutable/chunks/CgMB08f4.js                         2.75 kB │ gzip:   1.43 kB
.svelte-kit/output/client/_app/immutable/chunks/DCkqLo0a.js                         2.75 kB │ gzip:   1.41 kB
.svelte-kit/output/client/_app/immutable/chunks/C53A7-cC.js                         2.75 kB │ gzip:   1.41 kB
.svelte-kit/output/client/_app/immutable/chunks/MipB9OFM.js                         2.76 kB │ gzip:   1.40 kB
.svelte-kit/output/client/_app/immutable/chunks/C9F_M9_a.js                         2.77 kB │ gzip:   1.41 kB
.svelte-kit/output/client/_app/immutable/chunks/Dwxkueru.js                         2.78 kB │ gzip:   1.45 kB
.svelte-kit/output/client/_app/immutable/chunks/DlxtHNo6.js                         2.78 kB │ gzip:   1.42 kB
.svelte-kit/output/client/_app/immutable/chunks/Df9I2beI.js                         2.79 kB │ gzip:   1.40 kB
.svelte-kit/output/client/_app/immutable/chunks/DW-IJl_S.js                         2.79 kB │ gzip:   1.40 kB
.svelte-kit/output/client/_app/immutable/chunks/BRhVxRgN.js                         2.80 kB │ gzip:   1.42 kB
.svelte-kit/output/client/_app/immutable/chunks/DbEHFcdV.js                         2.80 kB │ gzip:   1.35 kB
.svelte-kit/output/client/_app/immutable/chunks/DiqGk8AU.js                         2.81 kB │ gzip:   1.43 kB
.svelte-kit/output/client/_app/immutable/chunks/BikM8kO8.js                         2.81 kB │ gzip:   1.41 kB
.svelte-kit/output/client/_app/immutable/chunks/DSqMvynq.js                         2.82 kB │ gzip:   1.44 kB
.svelte-kit/output/client/_app/immutable/chunks/BtlbxwlC.js                         2.82 kB │ gzip:   1.38 kB
.svelte-kit/output/client/_app/immutable/chunks/CLIMfJOF.js                         2.82 kB │ gzip:   1.47 kB
.svelte-kit/output/client/_app/immutable/chunks/BP1OjVMM.js                         2.82 kB │ gzip:   1.45 kB
.svelte-kit/output/client/_app/immutable/chunks/BpsQxRaf.js                         2.83 kB │ gzip:   1.46 kB
.svelte-kit/output/client/_app/immutable/chunks/CYVg6_fc.js                         2.84 kB │ gzip:   1.45 kB
.svelte-kit/output/client/_app/immutable/chunks/qDwEmrbt.js                         2.90 kB │ gzip:   0.99 kB
.svelte-kit/output/client/_app/immutable/chunks/DBgHv1mW.js                         2.90 kB │ gzip:   1.48 kB
.svelte-kit/output/client/_app/immutable/chunks/CqmYLtLK.js                         2.93 kB │ gzip:   1.53 kB
.svelte-kit/output/client/_app/immutable/chunks/CSv1HnZZ.js                         2.97 kB │ gzip:   1.47 kB
.svelte-kit/output/client/_app/immutable/chunks/JGgowB5f.js                         2.98 kB │ gzip:   1.47 kB
.svelte-kit/output/client/_app/immutable/chunks/BYA45qRO.js                         2.98 kB │ gzip:   1.15 kB
.svelte-kit/output/client/_app/immutable/chunks/D7YZ5ORn.js                         3.06 kB │ gzip:   1.03 kB
.svelte-kit/output/client/_app/immutable/chunks/CAyDpxxy.js                         3.11 kB │ gzip:   1.21 kB
.svelte-kit/output/client/_app/immutable/nodes/20.CAW5wTcJ.js                       3.17 kB │ gzip:   1.60 kB
.svelte-kit/output/client/_app/immutable/chunks/5Ncwnxdc.js                         3.28 kB │ gzip:   1.38 kB
.svelte-kit/output/client/_app/immutable/chunks/CiPrkfFP.js                         3.31 kB │ gzip:   1.15 kB
.svelte-kit/output/client/_app/immutable/nodes/0.DlDrOQ2h.js                        3.49 kB │ gzip:   1.31 kB
.svelte-kit/output/client/_app/immutable/chunks/m1KVxVok.js                         3.75 kB │ gzip:   1.88 kB
.svelte-kit/output/client/_app/immutable/chunks/BqcxjwvD.js                         3.76 kB │ gzip:   1.58 kB
.svelte-kit/output/client/_app/immutable/nodes/27.vPr9_Onx.js                       4.00 kB │ gzip:   1.63 kB
.svelte-kit/output/client/_app/immutable/chunks/DtqpeXXI.js                         4.23 kB │ gzip:   2.21 kB
.svelte-kit/output/client/_app/immutable/nodes/15.Q_M3S9Ea.js                       4.32 kB │ gzip:   2.22 kB
.svelte-kit/output/client/_app/immutable/nodes/36.BtrBW0Ls.js                       4.41 kB │ gzip:   1.99 kB
.svelte-kit/output/client/_app/immutable/chunks/BAzlh_Py.js                         5.15 kB │ gzip:   1.48 kB
.svelte-kit/output/client/_app/immutable/chunks/lTesUM85.js                         5.26 kB │ gzip:   1.52 kB
.svelte-kit/output/client/_app/immutable/chunks/DTHT6RpT.js                         5.42 kB │ gzip:   1.55 kB
.svelte-kit/output/client/_app/immutable/nodes/37.DFpFcw0w.js                       5.51 kB │ gzip:   2.32 kB
.svelte-kit/output/client/_app/immutable/nodes/38.DwNYWio-.js                       5.76 kB │ gzip:   2.27 kB
.svelte-kit/output/client/_app/immutable/nodes/14.BHGmb0b-.js                       6.45 kB │ gzip:   2.36 kB
.svelte-kit/output/client/_app/immutable/chunks/DSq78JPa.js                         6.92 kB │ gzip:   3.19 kB
.svelte-kit/output/client/_app/immutable/nodes/40.Be0Azwfn.js                       7.00 kB │ gzip:   2.48 kB
.svelte-kit/output/client/_app/immutable/nodes/11.BfQnJS-y.js                       7.12 kB │ gzip:   2.71 kB
.svelte-kit/output/client/_app/immutable/nodes/39.4WSrY5vd.js                       7.17 kB │ gzip:   2.58 kB
.svelte-kit/output/client/_app/immutable/nodes/21.BpLB3RX2.js                       7.30 kB │ gzip:   2.88 kB
.svelte-kit/output/client/_app/immutable/chunks/B9D83uI-.js                         7.69 kB │ gzip:   1.51 kB
.svelte-kit/output/client/_app/immutable/chunks/XS2Nnou9.js                         7.84 kB │ gzip:   1.66 kB
.svelte-kit/output/client/_app/immutable/chunks/Dzf1vuul.js                         7.89 kB │ gzip:   1.67 kB
.svelte-kit/output/client/_app/immutable/chunks/CiDnxbHP.js                         7.90 kB │ gzip:   3.27 kB
.svelte-kit/output/client/_app/immutable/chunks/DaHVgScS.js                         7.93 kB │ gzip:   1.67 kB
.svelte-kit/output/client/_app/immutable/chunks/B4FW-zfZ.js                         8.00 kB │ gzip:   1.71 kB
.svelte-kit/output/client/_app/immutable/chunks/C3mPTyeE.js                         8.05 kB │ gzip:   1.68 kB
.svelte-kit/output/client/_app/immutable/nodes/32.D199Kpy_.js                       9.70 kB │ gzip:   3.80 kB
.svelte-kit/output/client/_app/immutable/chunks/CoNEIFok.js                         9.94 kB │ gzip:   4.46 kB
.svelte-kit/output/client/_app/immutable/chunks/C27jyA97.js                        10.04 kB │ gzip:   4.06 kB
.svelte-kit/output/client/_app/immutable/nodes/17.5pQe1WZ5.js                      11.18 kB │ gzip:   3.77 kB
.svelte-kit/output/client/_app/immutable/nodes/18.CZJitV1D.js                      11.50 kB │ gzip:   3.89 kB
.svelte-kit/output/client/_app/immutable/chunks/DjHjCVrv.js                        12.77 kB │ gzip:   1.70 kB
.svelte-kit/output/client/_app/immutable/nodes/22.BgdQ29on.js                      14.11 kB │ gzip:   5.01 kB
.svelte-kit/output/client/_app/immutable/nodes/9.DOytZh8r.js                       14.59 kB │ gzip:   5.05 kB
.svelte-kit/output/client/_app/immutable/nodes/23.aG-yFD3P.js                      15.20 kB │ gzip:   4.82 kB
.svelte-kit/output/client/_app/immutable/nodes/3.B05GIMcl.js                       15.31 kB │ gzip:   4.17 kB
.svelte-kit/output/client/_app/immutable/chunks/DzxSVJuK.js                        15.52 kB │ gzip:   1.99 kB
.svelte-kit/output/client/_app/immutable/nodes/16.BnWIkJpq.js                      15.96 kB │ gzip:   4.93 kB
.svelte-kit/output/client/_app/immutable/chunks/CJ6yYlA_.js                        16.71 kB │ gzip:   4.91 kB
.svelte-kit/output/client/_app/immutable/nodes/31.C_809lY3.js                      16.87 kB │ gzip:   5.25 kB
.svelte-kit/output/client/_app/immutable/nodes/24.C6PtUlGb.js                      17.21 kB │ gzip:   5.46 kB
.svelte-kit/output/client/_app/immutable/nodes/2.BaYnpmBJ.js                       17.31 kB │ gzip:   6.24 kB
.svelte-kit/output/client/_app/immutable/nodes/26.CqByKPsP.js                      17.79 kB │ gzip:   5.48 kB
.svelte-kit/output/client/_app/immutable/chunks/HHQW5Zz2.js                        18.73 kB │ gzip:   6.25 kB
.svelte-kit/output/client/_app/immutable/entry/app.D486qTUd.js                     19.42 kB │ gzip:   6.19 kB
.svelte-kit/output/client/_app/immutable/chunks/C97htIU9.js                        19.84 kB │ gzip:   7.82 kB
.svelte-kit/output/client/_app/immutable/chunks/CtMUlfkI.js                        21.83 kB │ gzip:   8.16 kB
.svelte-kit/output/client/_app/immutable/chunks/BTmTgpTq.js                        22.81 kB │ gzip:   9.02 kB
.svelte-kit/output/client/_app/immutable/nodes/29.BbKao-b8.js                      23.91 kB │ gzip:   7.95 kB
.svelte-kit/output/client/_app/immutable/nodes/35.DrfyIuyW.js                      26.94 kB │ gzip:  10.78 kB
.svelte-kit/output/client/_app/immutable/chunks/CYdOzyLb.js                        28.09 kB │ gzip:   2.15 kB
.svelte-kit/output/client/_app/immutable/chunks/D9sJIlSQ.js                        31.89 kB │ gzip:  12.45 kB
.svelte-kit/output/client/_app/immutable/nodes/10.gLiSDP70.js                      33.86 kB │ gzip:  10.76 kB
.svelte-kit/output/client/_app/immutable/nodes/6.D5FKdhxO.js                       39.25 kB │ gzip:  13.61 kB
.svelte-kit/output/client/_app/immutable/chunks/B5D8JARp.js                        39.47 kB │ gzip:  12.11 kB
.svelte-kit/output/client/_app/immutable/nodes/8.B8d3KLeR.js                       39.81 kB │ gzip:  11.39 kB
.svelte-kit/output/client/_app/immutable/nodes/28.C-f1Cefd.js                      51.85 kB │ gzip:  14.98 kB
.svelte-kit/output/client/_app/immutable/nodes/12.Ccu3RlUW.js                      52.21 kB │ gzip:  17.07 kB
.svelte-kit/output/client/_app/immutable/nodes/34.BeH_2Mtn.js                      65.51 kB │ gzip:  20.95 kB
.svelte-kit/output/client/_app/immutable/nodes/30.qU8Vo-5r.js                      85.07 kB │ gzip:  21.95 kB
.svelte-kit/output/client/_app/immutable/nodes/25.ETc0CF_G.js                     502.40 kB │ gzip: 162.98 kB
.svelte-kit/output/client/_app/immutable/chunks/B13Kela3.js                       947.64 kB │ gzip: 131.92 kB
.svelte-kit/output/client/_app/immutable/chunks/DYyl8g-D.js                     4,125.30 kB │ gzip: 150.60 kB

(!) Some chunks are larger than 500 kB after minification. Consider:
- Using dynamic import() to code-split the application
- Use build.rollupOptions.output.manualChunks to improve chunking: https://rollupjs.org/configuration-options/#output-manualchunks
- Adjust chunk size limit for this warning via build.chunkSizeWarningLimit.
✓ built in 7.34s
.svelte-kit/output/server/_app/immutable/assets/gu.SbvrH0uZ.svg                                               4.19 kB
.svelte-kit/output/server/_app/immutable/assets/gu.Di1JYREk.svg                                               4.33 kB
.svelte-kit/output/server/_app/immutable/assets/sz.D39eIL5d.svg                                               4.63 kB
.svelte-kit/output/server/_app/immutable/assets/sz.qxMwa2gs.svg                                               4.66 kB
.svelte-kit/output/server/_app/immutable/assets/kg.B0FsxZiL.svg                                               4.74 kB
.svelte-kit/output/server/_app/immutable/assets/kg.CjfitMyT.svg                                               4.79 kB
.svelte-kit/output/server/_app/immutable/assets/gq.Cag8QTk2.svg                                               4.94 kB
.svelte-kit/output/server/_app/immutable/assets/gq.CPnMO1hT.svg                                               5.07 kB
.svelte-kit/output/server/_app/immutable/assets/zm.D8B-0kdx.svg                                               5.31 kB
.svelte-kit/output/server/_app/immutable/assets/nf.DGrQb42O.svg                                               5.37 kB
.svelte-kit/output/server/_app/immutable/assets/zm.BmsW91ne.svg                                               5.42 kB
.svelte-kit/output/server/_app/immutable/assets/cy.bZuP8hmf.svg                                               5.47 kB
.svelte-kit/output/server/_app/immutable/assets/cy.DJKnEFYW.svg                                               5.51 kB
.svelte-kit/output/server/_app/immutable/assets/nf.Dl00mlk2.svg                                               5.56 kB
.svelte-kit/output/server/_app/immutable/assets/ki.p_fAQGbS.svg                                               5.63 kB
.svelte-kit/output/server/_app/immutable/assets/ki.fuIMkEYQ.svg                                               5.81 kB
.svelte-kit/output/server/_app/immutable/assets/ms.DxciGbUu.svg                                               5.83 kB
.svelte-kit/output/server/_app/immutable/assets/ms.B-w7hFKu.svg                                               5.91 kB
.svelte-kit/output/server/_app/immutable/assets/zw.CSuuaw9K.svg                                               6.17 kB
.svelte-kit/output/server/_app/immutable/assets/zw.U0m7oJ5e.svg                                               6.19 kB
.svelte-kit/output/server/_app/immutable/assets/br.Dr5rMAMb.svg                                               6.75 kB
.svelte-kit/output/server/_app/immutable/assets/tc.CJHJmJj1.svg                                               7.09 kB
.svelte-kit/output/server/_app/immutable/assets/kz.CwKXYZ8s.svg                                               7.09 kB
.svelte-kit/output/server/_app/immutable/assets/kz.Dkyx6q-p.svg                                               7.10 kB
.svelte-kit/output/server/_app/immutable/assets/tc.dtelpZmc.svg                                               7.12 kB
.svelte-kit/output/server/_app/immutable/assets/kh.BeWfuE30.svg                                               7.12 kB
.svelte-kit/output/server/_app/immutable/assets/kh.BBvObpUS.svg                                               7.12 kB
.svelte-kit/output/server/_app/immutable/assets/br.Cu5YU29T.svg                                               7.14 kB
.svelte-kit/output/server/_app/immutable/assets/li.CHdhvNcr.svg                                               7.32 kB
.svelte-kit/output/server/_app/immutable/assets/li.CMlf0YU8.svg                                               7.34 kB
.svelte-kit/output/server/_app/immutable/assets/xk.Cdz2uTvR.svg                                               7.74 kB
.svelte-kit/output/server/_app/immutable/assets/pt.DZ2ADgIR.svg                                               8.00 kB
.svelte-kit/output/server/_app/immutable/assets/xk.Bj15g7cp.svg                                               8.27 kB
.svelte-kit/output/server/_app/immutable/assets/pt.BTevY6N2.svg                                               8.37 kB
.svelte-kit/output/server/_app/immutable/assets/vi.BSdsyIxY.svg                                               8.45 kB
.svelte-kit/output/server/_app/immutable/assets/vi.BC_zcciE.svg                                               8.52 kB
.svelte-kit/output/server/_app/immutable/assets/eg.YC70hswZ.svg                                               8.73 kB
.svelte-kit/output/server/_app/immutable/assets/eg.DwOkwyQ0.svg                                               8.74 kB
.svelte-kit/output/server/_app/immutable/assets/aw.W0PWLK5p.svg                                               9.00 kB
.svelte-kit/output/server/_app/immutable/assets/gb-wls.CK0XlKT-.svg                                           9.01 kB
.svelte-kit/output/server/_app/immutable/assets/gb-wls.Bxz9hxvX.svg                                           9.10 kB
.svelte-kit/output/server/_app/immutable/assets/im.-VPIqfkF.svg                                               9.13 kB
.svelte-kit/output/server/_app/immutable/assets/im.Dd9p-0-T.svg                                               9.70 kB
.svelte-kit/output/server/_app/immutable/assets/sa.DnlyVVKx.svg                                               9.85 kB
.svelte-kit/output/server/_app/immutable/assets/sa.Dh79zbT9.svg                                               9.97 kB
.svelte-kit/output/server/_app/immutable/assets/vg.ClZ-0KpG.svg                                              10.00 kB
.svelte-kit/output/server/_app/immutable/assets/vg.C7xY6pic.svg                                              10.02 kB
.svelte-kit/output/server/_app/immutable/assets/aw.CLCX8uk5.svg                                              10.36 kB
.svelte-kit/output/server/_app/immutable/assets/lk.DUkgV9Tq.svg                                              10.72 kB
.svelte-kit/output/server/_app/immutable/assets/lk.DSQoDxn_.svg                                              10.74 kB
.svelte-kit/output/server/_app/immutable/assets/md.DRlxvNwm.svg                                              11.13 kB
.svelte-kit/output/server/_app/immutable/assets/md.DTi94M3M.svg                                              11.24 kB
.svelte-kit/output/server/_app/immutable/assets/sx.RKKs0ph6.svg                                              12.16 kB
.svelte-kit/output/server/_app/immutable/assets/sx.nDhIaDNb.svg                                              12.21 kB
.svelte-kit/output/server/_app/immutable/assets/mt.YDa8zgzO.svg                                              12.71 kB
.svelte-kit/output/server/_app/immutable/assets/ht.DIMg4gti.svg                                              13.30 kB
.svelte-kit/output/server/_app/immutable/assets/bn.B6T3O78g.svg                                              13.34 kB
.svelte-kit/output/server/_app/immutable/assets/pn.BPAlH32D.svg                                              13.44 kB
.svelte-kit/output/server/_app/immutable/assets/ht.pweRl6ZP.svg                                              13.46 kB
.svelte-kit/output/server/_app/immutable/assets/bn.CPQcA8Ol.svg                                              13.47 kB
.svelte-kit/output/server/_app/immutable/assets/pn.DgxdtieE.svg                                              13.47 kB
.svelte-kit/output/server/_app/immutable/assets/eac.CwGQsyAM.svg                                             13.63 kB
.svelte-kit/output/server/_app/immutable/assets/eac.h4QKADRE.svg                                             13.64 kB
.svelte-kit/output/server/_app/immutable/assets/mt.YqzKx9xl.svg                                              13.93 kB
.svelte-kit/output/server/_app/immutable/assets/ir.Q03Mij62.svg                                              15.30 kB
.svelte-kit/output/server/_app/immutable/assets/ir.cCIgaNf6.svg                                              15.40 kB
.svelte-kit/output/server/_app/immutable/assets/sm.BKrUHzrq.svg                                              15.54 kB
.svelte-kit/output/server/_app/immutable/assets/sm.DGBIRFB_.svg                                              15.68 kB
.svelte-kit/output/server/_app/immutable/assets/dm.Cbhezfe1.svg                                              15.79 kB
.svelte-kit/output/server/_app/immutable/assets/py.mNzh0mZC.svg                                              16.18 kB
.svelte-kit/output/server/_app/immutable/assets/dm.DPPHwW2M.svg                                              16.27 kB
.svelte-kit/output/server/_app/immutable/assets/py.BKi5dxWt.svg                                              16.36 kB
.svelte-kit/output/server/_app/immutable/assets/ni.CcFCSQxm.svg                                              17.25 kB
.svelte-kit/output/server/_app/immutable/assets/ni.BX2WCaNt.svg                                              17.29 kB
.svelte-kit/output/server/_app/immutable/assets/un.Bqg4Cbbh.svg                                              18.70 kB
.svelte-kit/output/server/_app/immutable/assets/af.Bc2fqp73.svg                                              18.98 kB
.svelte-kit/output/server/_app/immutable/assets/un.DabL4p35.svg                                              19.00 kB
.svelte-kit/output/server/_app/immutable/assets/af.C77Rf6cE.svg                                              19.19 kB
.svelte-kit/output/server/_app/immutable/assets/om.nN8zP2Bu.svg                                              22.21 kB
.svelte-kit/output/server/_app/immutable/assets/om.DcqxRdQL.svg                                              22.22 kB
.svelte-kit/output/server/_app/immutable/assets/gb-nir.D4gikpNq.svg                                          22.28 kB
.svelte-kit/output/server/_app/immutable/assets/bm.DvNWWcPM.svg                                              22.39 kB
.svelte-kit/output/server/_app/immutable/assets/bm.BeYgB2z9.svg                                              22.46 kB
.svelte-kit/output/server/_app/immutable/assets/mp.CrOApEqW.svg                                              22.57 kB
.svelte-kit/output/server/_app/immutable/assets/io.BImhNBcd.svg                                              22.72 kB
.svelte-kit/output/server/_app/immutable/assets/dg.DqkWLbnk.svg                                              22.72 kB
.svelte-kit/output/server/_app/immutable/assets/mp.CuaQmCLf.svg                                              22.80 kB
.svelte-kit/output/server/_app/immutable/assets/io.13HOfeJD.svg                                              23.02 kB
.svelte-kit/output/server/_app/immutable/assets/dg.CJPJrjiZ.svg                                              23.02 kB
.svelte-kit/output/server/_app/immutable/assets/ky.BqaZHuhf.svg                                              23.37 kB
.svelte-kit/output/server/_app/immutable/assets/ky.Dpsu1myA.svg                                              23.39 kB
.svelte-kit/output/server/_app/immutable/assets/gb-nir.vEp1ZXy6.svg                                          23.92 kB
.svelte-kit/output/server/_app/immutable/assets/fj.DEAVMg38.svg                                              24.10 kB
.svelte-kit/output/server/_app/immutable/assets/fj.u3dAPoew.svg                                              24.14 kB
.svelte-kit/output/server/_app/immutable/assets/arab.C4CYPgyC.svg                                            24.43 kB
.svelte-kit/output/server/_app/immutable/assets/bt.SxWnbWW0.svg                                              24.50 kB
.svelte-kit/output/server/_app/immutable/assets/arab.C-KgnQEz.svg                                            24.59 kB
.svelte-kit/output/server/_app/immutable/assets/bt.BTo4qm10.svg                                              24.78 kB
.svelte-kit/output/server/_app/immutable/assets/es-ga.D9xG2hYr.svg                                           28.21 kB
.svelte-kit/output/server/_app/immutable/assets/sh-ta.BFo5zkKU.svg                                           28.29 kB
.svelte-kit/output/server/_app/immutable/assets/es-ga.DXhVZ333.svg                                           28.34 kB
.svelte-kit/output/server/_app/immutable/assets/fk.B-RvQ4Hz.svg                                              28.49 kB
.svelte-kit/output/server/_app/immutable/assets/va.s7kyhqIM.svg                                              28.66 kB
.svelte-kit/output/server/_app/immutable/assets/va.B9-hqIE-.svg                                              28.72 kB
.svelte-kit/output/server/_app/immutable/assets/fk.nuUF_Ak3.svg                                              28.74 kB
.svelte-kit/output/server/_app/immutable/assets/sh-ta.CPJublpi.svg                                           28.78 kB
.svelte-kit/output/server/_app/immutable/assets/ec.CaVOFQ3t.svg                                              28.78 kB
.svelte-kit/output/server/_app/immutable/assets/ad.Blhdm5jl.svg                                              29.14 kB
.svelte-kit/output/server/_app/immutable/assets/ec.cwfBJlvF.svg                                              29.35 kB
.svelte-kit/output/server/_app/immutable/assets/as.Dekqy8Of.svg                                              30.45 kB
.svelte-kit/output/server/_app/immutable/assets/ad.B18i8NGa.svg                                              30.51 kB
.svelte-kit/output/server/_app/immutable/assets/hr.fzLfaANM.svg                                              30.73 kB
.svelte-kit/output/server/_app/immutable/assets/as.BTEVCXG-.svg                                              30.98 kB
.svelte-kit/output/server/_app/immutable/assets/hr.BpiVVBoV.svg                                              31.28 kB
.svelte-kit/output/server/_app/immutable/assets/gt.CJo5DI-7.svg                                              31.35 kB
.svelte-kit/output/server/_app/immutable/assets/gt.BLpn5qMn.svg                                              31.35 kB
.svelte-kit/output/server/_app/immutable/assets/gs.DiiNa0F5.svg                                              31.50 kB
.svelte-kit/output/server/_app/immutable/assets/gs.DOgYbHsY.svg                                              31.92 kB
.svelte-kit/output/server/_app/immutable/assets/je.DyWbhIiC.svg                                              34.19 kB
.svelte-kit/output/server/_app/immutable/assets/sh-hl.CgxUDvtv.svg                                           34.78 kB
.svelte-kit/output/server/_app/immutable/assets/je.vXe0Dr49.svg                                              35.03 kB
.svelte-kit/output/server/_app/immutable/assets/sh-hl.CqtQPzWZ.svg                                           35.43 kB
.svelte-kit/output/server/_app/immutable/assets/tm.DGBJvQay.svg                                              38.22 kB
.svelte-kit/output/server/_app/immutable/assets/tm.C_WSgUcv.svg                                              38.35 kB
.svelte-kit/output/server/_app/immutable/assets/do.B86d445t.svg                                              40.35 kB
.svelte-kit/output/server/_app/immutable/assets/do.DeRnbj4d.svg                                              41.34 kB
.svelte-kit/output/server/_app/immutable/assets/bz.BCKHR4_q.svg                                              42.51 kB
.svelte-kit/output/server/_app/immutable/assets/bz.CoBdB-p8.svg                                              42.68 kB
.svelte-kit/output/server/_app/immutable/assets/me.Cv4Gwqah.svg                                              56.37 kB
.svelte-kit/output/server/_app/immutable/assets/me.CfGorN3b.svg                                              56.95 kB
.svelte-kit/output/server/.vite/manifest.json                                                                67.36 kB
.svelte-kit/output/server/_app/immutable/assets/sv.CJIHhYwF.svg                                              77.27 kB
.svelte-kit/output/server/_app/immutable/assets/sv.RZ39q5hO.svg                                              77.72 kB
.svelte-kit/output/server/_app/immutable/assets/mx.CvCwYHGF.svg                                              80.21 kB
.svelte-kit/output/server/_app/immutable/assets/es.d5m8M5h8.svg                                              80.96 kB
.svelte-kit/output/server/_app/immutable/assets/es.BuSGTZm_.svg                                              82.15 kB
.svelte-kit/output/server/_app/immutable/assets/mx.Cc8Ccfe8.svg                                              84.75 kB
.svelte-kit/output/server/_app/immutable/assets/bo.CcUiMqkJ.svg                                             102.88 kB
.svelte-kit/output/server/_app/immutable/assets/bo.Dry0C6UA.svg                                             104.73 kB
.svelte-kit/output/server/_app/immutable/assets/sh-ac.D-aE2xRW.svg                                          140.52 kB
.svelte-kit/output/server/_app/immutable/assets/sh-ac.FjwY7RYr.svg                                          143.37 kB
.svelte-kit/output/server/_app/immutable/assets/rs.CnTO3ehk.svg                                             181.48 kB
.svelte-kit/output/server/_app/immutable/assets/rs.BfwKwXtn.svg                                             181.63 kB
.svelte-kit/output/server/_app/immutable/assets/_layout.B8yduxcJ.css                                          0.04 kB
.svelte-kit/output/server/_app/immutable/assets/_layout.BJHndz8d.css                                          0.13 kB
.svelte-kit/output/server/_app/immutable/assets/_page.COuJDZqI.css                                            0.47 kB
.svelte-kit/output/server/_app/immutable/assets/_page.a8r7MZNd.css                                            0.69 kB
.svelte-kit/output/server/_app/immutable/assets/_layout.WGsiK_cb.css                                          0.79 kB
.svelte-kit/output/server/_app/immutable/assets/TypingHeader.BB8OIYc-.css                                     0.81 kB
.svelte-kit/output/server/_app/immutable/assets/_page.DsyDFNZt.css                                            1.33 kB
.svelte-kit/output/server/_app/immutable/assets/_page.DTurLVWt.css                                            1.36 kB
.svelte-kit/output/server/_app/immutable/assets/_page.OrSR1jnn.css                                            1.37 kB
.svelte-kit/output/server/_app/immutable/assets/Toggle.DGh25bX9.css                                           2.11 kB
.svelte-kit/output/server/_app/immutable/assets/_page.wvnRgs6O.css                                            2.69 kB
.svelte-kit/output/server/_app/immutable/assets/ConfirmDialog.B_COSAPJ.css                                    2.86 kB
.svelte-kit/output/server/_app/immutable/assets/SlideInPanel.Cd8f_-11.css                                     2.94 kB
.svelte-kit/output/server/_app/immutable/assets/BorderedBox.BBKYDHgU.css                                      3.37 kB
.svelte-kit/output/server/_app/immutable/assets/_page.q5a7KFfF.css                                            3.49 kB
.svelte-kit/output/server/_app/immutable/assets/_page.D6ZWge6f.css                                            3.50 kB
.svelte-kit/output/server/_app/immutable/assets/FileUpload.CPd4n-e2.css                                       3.62 kB
.svelte-kit/output/server/_app/immutable/assets/Header.9FjE31ZY.css                                           3.78 kB
.svelte-kit/output/server/_app/immutable/assets/_page.BXmpLDOm.css                                            3.83 kB
.svelte-kit/output/server/_app/immutable/assets/Tabs.BHZL2flA.css                                             3.83 kB
.svelte-kit/output/server/_app/immutable/assets/_page.rZu7aTr6.css                                            4.56 kB
.svelte-kit/output/server/_app/immutable/assets/_layout.DS9nRlXJ.css                                          4.98 kB
.svelte-kit/output/server/_app/immutable/assets/_page.BJqpxECk.css                                            5.00 kB
.svelte-kit/output/server/_app/immutable/assets/_page.C1aB4dkp.css                                            5.07 kB
.svelte-kit/output/server/_app/immutable/assets/_page.BMZGJ-5f.css                                            5.12 kB
.svelte-kit/output/server/_app/immutable/assets/_page.tujOZqWX.css                                            5.38 kB
.svelte-kit/output/server/_app/immutable/assets/_page.xgDGiTnQ.css                                            5.71 kB
.svelte-kit/output/server/_app/immutable/assets/MarkdownEditor.DxzpL3cc.css                                   6.57 kB
.svelte-kit/output/server/_app/immutable/assets/_page.B2wLZIQW.css                                            6.72 kB
.svelte-kit/output/server/_app/immutable/assets/_page.C4TPZ0Fv.css                                            7.35 kB
.svelte-kit/output/server/_app/immutable/assets/_page.5i2mcuD1.css                                            8.09 kB
.svelte-kit/output/server/_app/immutable/assets/_page.IDOu_4xy.css                                            8.56 kB
.svelte-kit/output/server/_app/immutable/assets/_page.Cmk-5N3r.css                                            8.72 kB
.svelte-kit/output/server/_app/immutable/assets/_page.Cl_hVMaa.css                                            9.42 kB
.svelte-kit/output/server/_app/immutable/assets/_page.CP9aKaoo.css                                            9.82 kB
.svelte-kit/output/server/_app/immutable/assets/_page.C0YrKSll.css                                           10.46 kB
.svelte-kit/output/server/_app/immutable/assets/_page.BI7cxHe2.css                                           11.59 kB
.svelte-kit/output/server/_app/immutable/assets/_page.C4f_wIW-.css                                           14.35 kB
.svelte-kit/output/server/_app/immutable/assets/Toaster.B6Cq2G1L.css                                         14.54 kB
.svelte-kit/output/server/_app/immutable/assets/_page.5nu1rUzI.css                                           15.21 kB
.svelte-kit/output/server/_app/immutable/assets/_page.tQXZnk-O.css                                           16.72 kB
.svelte-kit/output/server/_app/immutable/assets/_page.DNeRsE9Q.css                                           16.78 kB
.svelte-kit/output/server/_app/immutable/assets/_layout.CqFI5b7l.css                                         17.45 kB
.svelte-kit/output/server/_app/immutable/assets/_page.f7EXB9YP.css                                           19.28 kB
.svelte-kit/output/server/_app/immutable/assets/_page.COU1kYR9.css                                           24.97 kB
.svelte-kit/output/server/_app/immutable/assets/_page.r8gZvYdf.css                                           26.47 kB
.svelte-kit/output/server/_app/immutable/assets/_layout.C8HAwyAT.css                                         35.68 kB
.svelte-kit/output/server/_app/immutable/assets/_page.Gw2tj55_.css                                           40.59 kB
.svelte-kit/output/server/_app/immutable/assets/_page.8GRO046P.css                                          427.53 kB
.svelte-kit/output/server/chunks/BannerDisplay.svelte_svelte_type_style_lang.js                               0.00 kB
.svelte-kit/output/server/chunks/false.js                                                                     0.05 kB
.svelte-kit/output/server/entries/pages/(admin)/admin/_layout.server.ts.js                                    0.15 kB
.svelte-kit/output/server/chunks/index-server2.js                                                             0.17 kB
.svelte-kit/output/server/entries/pages/(admin)/logout/_layout.svelte.js                                      0.24 kB
.svelte-kit/output/server/chunks/index-server.js                                                              0.29 kB
.svelte-kit/output/server/entries/pages/(admin)/admin/users/_page.server.ts.js                                0.32 kB
.svelte-kit/output/server/internal.js                                                                         0.33 kB
.svelte-kit/output/server/chunks/state.svelte.js                                                              0.35 kB
.svelte-kit/output/server/chunks/themeOverlayOpacity.js                                                       0.40 kB
.svelte-kit/output/server/entries/pages/(admin)/admin/configuration/_page.svelte.js                           0.42 kB
.svelte-kit/output/server/entries/pages/(admin)/admin/configuration/service-status/_page.svelte.js            0.45 kB
.svelte-kit/output/server/entries/pages/(admin)/admin/configuration/twitter/_page.svelte.js                   0.45 kB
.svelte-kit/output/server/chunks/chatNotificationSounds.js                                                    0.55 kB
.svelte-kit/output/server/entries/pages/(site)/_page.ts.js                                                    0.57 kB
.svelte-kit/output/server/chunks/environment.js                                                               0.58 kB
.svelte-kit/output/server/chunks/client.js                                                                    0.60 kB
.svelte-kit/output/server/chunks/TypingHeader.js                                                              0.62 kB
.svelte-kit/output/server/chunks/stores.js                                                                    0.65 kB
.svelte-kit/output/server/entries/fallbacks/error.svelte.js                                                   0.66 kB
.svelte-kit/output/server/entries/pages/(admin)/admin/_page.svelte.js                                         0.72 kB
.svelte-kit/output/server/entries/pages/_layout.svelte.js                                                     0.80 kB
.svelte-kit/output/server/entries/pages/(admin)/logout/_page.svelte.js                                        0.84 kB
.svelte-kit/output/server/chunks/siteConfig.js                                                                0.86 kB
.svelte-kit/output/server/entries/pages/(site)/projects/_page.svelte.js                                       0.91 kB
.svelte-kit/output/server/entries/pages/(admin)/login/_layout.svelte.js                                       0.93 kB
.svelte-kit/output/server/chunks/Toggle.js                                                                    1.08 kB
.svelte-kit/output/server/entries/pages/(admin)/admin/configuration/banner/_page.svelte.js                    1.10 kB
.svelte-kit/output/server/entries/pages/(site)/blog/_page.svelte.js                                           1.26 kB
.svelte-kit/output/server/entries/pages/(admin)/admin/configuration/biography/_page.svelte.js                 1.28 kB
.svelte-kit/output/server/entries/pages/(site)/blog/_slug_/_page.svelte.js                                    1.29 kB
.svelte-kit/output/server/entries/pages/(admin)/admin/configuration/homepage-about/_page.svelte.js            1.30 kB
.svelte-kit/output/server/entries/pages/(admin)/admin/configuration/contact-tagline/_page.svelte.js           1.31 kB
.svelte-kit/output/server/chunks/shared.js                                                                    1.35 kB
.svelte-kit/output/server/entries/pages/(admin)/admin/configuration/contact-social-links/_page.svelte.js      1.41 kB
.svelte-kit/output/server/entries/pages/(site)/projects/_categoryId_/_page.svelte.js                          1.44 kB
.svelte-kit/output/server/chunks/auth.js                                                                      1.51 kB
.svelte-kit/output/server/entries/pages/(site)/about/_page.svelte.js                                          1.76 kB
.svelte-kit/output/server/entries/pages/(site)/contact/_page.svelte.js                                        1.76 kB
.svelte-kit/output/server/chunks/SlideInPanel.js                                                              1.96 kB
.svelte-kit/output/server/entries/pages/(admin)/admin/stats/_page.svelte.js                                   2.11 kB
.svelte-kit/output/server/chunks/variants.js                                                                  2.26 kB
.svelte-kit/output/server/chunks/index.js                                                                     2.66 kB
.svelte-kit/output/server/chunks/ConfirmDialog.js                                                             2.82 kB
.svelte-kit/output/server/entries/pages/(admin)/admin/configuration/weather/_page.svelte.js                   3.19 kB
.svelte-kit/output/server/chunks/utils.js                                                                     3.48 kB
.svelte-kit/output/server/chunks/hooks.server.js                                                              3.55 kB
.svelte-kit/output/server/chunks/check.js                                                                     3.71 kB
.svelte-kit/output/server/chunks/chevron-up.js                                                                3.73 kB
.svelte-kit/output/server/chunks/chevron-down.js                                                              3.74 kB
.svelte-kit/output/server/chunks/x.js                                                                         3.75 kB
.svelte-kit/output/server/chunks/loader-circle.js                                                             3.78 kB
.svelte-kit/output/server/chunks/arrow-left.js                                                                3.81 kB
.svelte-kit/output/server/chunks/clock.js                                                                     3.81 kB
.svelte-kit/output/server/chunks/user.js                                                                      3.87 kB
.svelte-kit/output/server/chunks/play.js                                                                      3.90 kB
.svelte-kit/output/server/chunks/upload.js                                                                    3.93 kB
.svelte-kit/output/server/chunks/log-in.js                                                                    3.93 kB
.svelte-kit/output/server/chunks/file.js                                                                      3.95 kB
.svelte-kit/output/server/chunks/lock.js                                                                      3.98 kB
.svelte-kit/output/server/chunks/message-square.js                                                            4.03 kB
.svelte-kit/output/server/chunks/eye.js                                                                       4.04 kB
.svelte-kit/output/server/chunks/link.js                                                                      4.07 kB
.svelte-kit/output/server/chunks/copy.js                                                                      4.08 kB
.svelte-kit/output/server/chunks/users.js                                                                     4.09 kB
.svelte-kit/output/server/chunks/shield.js                                                                    4.10 kB
.svelte-kit/output/server/chunks/image.js                                                                     4.12 kB
.svelte-kit/output/server/chunks/refresh-cw.js                                                                4.17 kB
.svelte-kit/output/server/chunks/file-text.js                                                                 4.17 kB
.svelte-kit/output/server/chunks/save.js                                                                      4.18 kB
.svelte-kit/output/server/chunks/tag.js                                                                       4.23 kB
.svelte-kit/output/server/chunks/square-pen.js                                                                4.23 kB
.svelte-kit/output/server/chunks/radio.js                                                                     4.23 kB
.svelte-kit/output/server/chunks/folder-kanban.js                                                             4.37 kB
.svelte-kit/output/server/chunks/eye-off.js                                                                   4.44 kB
.svelte-kit/output/server/chunks/cat.js                                                                       4.47 kB
.svelte-kit/output/server/chunks/star.js                                                                      4.56 kB
.svelte-kit/output/server/chunks/Icon.js                                                                      4.58 kB
.svelte-kit/output/server/chunks/settings.js                                                                  4.59 kB
.svelte-kit/output/server/chunks/palette.js                                                                   4.74 kB
.svelte-kit/output/server/chunks/FileUpload.js                                                                4.93 kB
.svelte-kit/output/server/entries/pages/(admin)/login/_page.svelte.js                                         4.94 kB
.svelte-kit/output/server/chunks/exports.js                                                                   5.47 kB
.svelte-kit/output/server/chunks/toast-state.svelte.js                                                        5.65 kB
.svelte-kit/output/server/entries/pages/(admin)/admin/blog/_id_/_page.svelte.js                               5.96 kB
.svelte-kit/output/server/chunks/UnifiedIconPicker.svelte_svelte_type_style_lang.js                           6.26 kB
.svelte-kit/output/server/entries/pages/(admin)/admin/configuration/neko/_page.svelte.js                      7.16 kB
.svelte-kit/output/server/entries/pages/(admin)/admin/configuration/contact-emails/_page.svelte.js            7.62 kB
.svelte-kit/output/server/chunks/trash-2.js                                                                   7.74 kB
.svelte-kit/output/server/chunks/triangle-alert.js                                                            7.97 kB
.svelte-kit/output/server/chunks/pen.js                                                                       8.14 kB
.svelte-kit/output/server/entries/pages/(admin)/admin/account/_page.svelte.js                                 8.59 kB
.svelte-kit/output/server/chunks/MarkdownEditor.js                                                           10.25 kB
.svelte-kit/output/server/entries/pages/(admin)/admin/users/_page.svelte.js                                  10.38 kB
.svelte-kit/output/server/entries/pages/(admin)/admin/configuration/certifications/_page.svelte.js           11.73 kB
.svelte-kit/output/server/chunks/sun.js                                                                      12.14 kB
.svelte-kit/output/server/entries/pages/(admin)/admin/configuration/skills/_page.svelte.js                   12.95 kB
.svelte-kit/output/server/entries/pages/(admin)/admin/api-keys/_page.svelte.js                               13.96 kB
.svelte-kit/output/server/chunks/states.svelte.js                                                            14.50 kB
.svelte-kit/output/server/chunks/trending-up.js                                                              15.50 kB
.svelte-kit/output/server/remote-entry.js                                                                    16.05 kB
.svelte-kit/output/server/entries/pages/(admin)/admin/blog/_page.svelte.js                                   16.24 kB
.svelte-kit/output/server/entries/pages/(admin)/admin/configuration/themes/_page.svelte.js                   18.27 kB
.svelte-kit/output/server/chunks/trash.js                                                                    19.54 kB
.svelte-kit/output/server/entries/pages/(admin)/admin/_layout.svelte.js                                      19.63 kB
.svelte-kit/output/server/entries/pages/(admin)/admin/chat/_page.svelte.js                                   20.37 kB
.svelte-kit/output/server/entries/pages/(admin)/admin/configuration/_layout.svelte.js                        20.52 kB
.svelte-kit/output/server/entries/pages/(admin)/admin/settings/_page.svelte.js                               22.21 kB
.svelte-kit/output/server/entries/pages/(admin)/admin/projects/_page.svelte.js                               27.27 kB
.svelte-kit/output/server/chunks/index2.js                                                                   27.43 kB
.svelte-kit/output/server/entries/pages/(site)/_layout.svelte.js                                             27.82 kB
.svelte-kit/output/server/chunks/Toaster.js                                                                  28.50 kB
.svelte-kit/output/server/entries/pages/(site)/_page.svelte.js                                               28.84 kB
.svelte-kit/output/server/chunks/internal.js                                                                 30.90 kB
.svelte-kit/output/server/chunks/zap.js                                                                      35.59 kB
.svelte-kit/output/server/chunks/functions.js                                                                39.95 kB
.svelte-kit/output/server/chunks/underline.js                                                                42.91 kB
.svelte-kit/output/server/chunks/context.js                                                                  49.31 kB
.svelte-kit/output/server/index.js                                                                          124.73 kB
.svelte-kit/output/server/entries/pages/(admin)/admin/configuration/social-links/_page.svelte.js          6,545.43 kB
✓ built in 12.98s

Run npm run preview to preview your production build locally.

> Using @sveltejs/adapter-node
  ✔ done
